Running 23 steps on 11x11 OBC lattice with backend=triton, precision=double
dt=0.04, total_t=0.92, threshold=3.814697265625e-06, max_num_str=1000000000
per-step gate count=341
Triton timing mode: warm one pass per step; synchronized second pass
initial observable expectation=1.0 size=1
step 1/23: exp_val=0.9872680689481184 size=106
initial --> 106 Time taken: 0.02395245099978638 s Norm: 0.9999999999784838
allocator: {"step": 1, "seconds": 0.02395245099978638, "live_rows": 106, "logical_bytes": 4240, "backing_storage_bytes": 4240, "counters": {"allocated_bytes.all.current": 528384, "allocated_bytes.all.peak": 547840, "requested_bytes.all.current": 28792, "requested_bytes.all.peak": 45684, "reserved_bytes.all.current": 2097152, "reserved_bytes.all.peak": 2097152, "inactive_split_bytes.all.current": 0, "inactive_split_bytes.all.peak": 0, "segment.all.current": 0, "segment.all.allocated": 0, "num_alloc_retries": 0, "num_ooms": 0, "num_device_alloc": 1, "num_device_free": 0}}
checkpoint saved to benchmarks/results/persistent_options_20260910/inverted/triton_benchmark_data_dt_0.04_total_t_0.92_threshold_log_18.pkl
step 2/23: exp_val=0.9527802865260726 size=853
106 --> 853 Time taken: 0.024726780000492 s Norm: 0.9999999981639017
Avg throughput (# string / gate / s): 6612648.3107281495
allocator: {"step": 2, "seconds": 0.024726780000492, "live_rows": 853, "logical_bytes": 34120, "backing_storage_bytes": 34120, "counters": {"allocated_bytes.all.current": 558592, "allocated_bytes.all.peak": 723968, "requested_bytes.all.current": 58672, "requested_bytes.all.peak": 222872, "reserved_bytes.all.current": 2097152, "reserved_bytes.all.peak": 2097152, "inactive_split_bytes.all.current": 0, "inactive_split_bytes.all.peak": 0, "segment.all.current": 0, "segment.all.allocated": 0, "num_alloc_retries": 0, "num_ooms": 0, "num_device_alloc": 1, "num_device_free": 0}}
checkpoint saved to benchmarks/results/persistent_options_20260910/inverted/triton_benchmark_data_dt_0.04_total_t_0.92_threshold_log_18.pkl
step 3/23: exp_val=0.9061848081047893 size=2542
853 --> 2542 Time taken: 0.027991285000098287 s Norm: 0.999999990348529
Avg throughput (# string / gate / s): 20679561.51344847
allocator: {"step": 3, "seconds": 0.027991285000098287, "live_rows": 2542, "logical_bytes": 101680, "backing_storage_bytes": 101680, "counters": {"allocated_bytes.all.current": 625664, "allocated_bytes.all.peak": 1084928, "requested_bytes.all.current": 126232, "requested_bytes.all.peak": 582520, "reserved_bytes.all.current": 2097152, "reserved_bytes.all.peak": 2097152, "inactive_split_bytes.all.current": 0, "inactive_split_bytes.all.peak": 0, "segment.all.current": 0, "segment.all.allocated": 0, "num_alloc_retries": 0, "num_ooms": 0, "num_device_alloc": 1, "num_device_free": 0}}
checkpoint saved to benchmarks/results/persistent_options_20260910/inverted/triton_benchmark_data_dt_0.04_total_t_0.92_threshold_log_18.pkl
step 4/23: exp_val=0.859518323777968 size=6896
2542 --> 6896 Time taken: 0.028136464999988675 s Norm: 0.9999999574838113
Avg throughput (# string / gate / s): 57191939.35701048
allocator: {"step": 4, "seconds": 0.028136464999988675, "live_rows": 6896, "logical_bytes": 275840, "backing_storage_bytes": 275840, "counters": {"allocated_bytes.all.current": 799744, "allocated_bytes.all.peak": 2109952, "requested_bytes.all.current": 300392, "requested_bytes.all.peak": 1608880, "reserved_bytes.all.current": 4194304, "reserved_bytes.all.peak": 4194304, "inactive_split_bytes.all.current": 0, "inactive_split_bytes.all.peak": 0, "segment.all.current": 0, "segment.all.allocated": 0, "num_alloc_retries": 0, "num_ooms": 0, "num_device_alloc": 2, "num_device_free": 0}}
checkpoint saved to benchmarks/results/persistent_options_20260910/inverted/triton_benchmark_data_dt_0.04_total_t_0.92_threshold_log_18.pkl
step 5/23: exp_val=0.8231021472627671 size=17890
6896 --> 17890 Time taken: 0.028339976000097522 s Norm: 0.9999998707879177
Avg throughput (# string / gate / s): 149118439.6199015
allocator: {"step": 5, "seconds": 0.028339976000097522, "live_rows": 17890, "logical_bytes": 715600, "backing_storage_bytes": 715600, "counters": {"allocated_bytes.all.current": 1240064, "allocated_bytes.all.peak": 4986368, "requested_bytes.all.current": 740152, "requested_bytes.all.peak": 4484960, "reserved_bytes.all.current": 27262976, "reserved_bytes.all.peak": 27262976, "inactive_split_bytes.all.current": 0, "inactive_split_bytes.all.peak": 0, "segment.all.current": 0, "segment.all.allocated": 0, "num_alloc_retries": 0, "num_ooms": 0, "num_device_alloc": 4, "num_device_free": 0}}
checkpoint saved to benchmarks/results/persistent_options_20260910/inverted/triton_benchmark_data_dt_0.04_total_t_0.92_threshold_log_18.pkl
step 6/23: exp_val=0.8023600634140253 size=45249
17890 --> 45249 Time taken: 0.030449906999820087 s Norm: 0.9999996255342497
Avg throughput (# string / gate / s): 353538009.165795
allocator: {"step": 6, "seconds": 0.030449906999820087, "live_rows": 45249, "logical_bytes": 1809960, "backing_storage_bytes": 1809960, "counters": {"allocated_bytes.all.current": 2334720, "allocated_bytes.all.peak": 11784192, "requested_bytes.all.current": 1834512, "requested_bytes.all.peak": 11282608, "reserved_bytes.all.current": 27262976, "reserved_bytes.all.peak": 27262976, "inactive_split_bytes.all.current": 0, "inactive_split_bytes.all.peak": 0, "segment.all.current": 0, "segment.all.allocated": 0, "num_alloc_retries": 0, "num_ooms": 0, "num_device_alloc": 4, "num_device_free": 0}}
checkpoint saved to benchmarks/results/persistent_options_20260910/inverted/triton_benchmark_data_dt_0.04_total_t_0.92_threshold_log_18.pkl
step 7/23: exp_val=0.7966507053448577 size=105972
45249 --> 105972 Time taken: 0.03125548199932382 s Norm: 0.9999989908817499
Avg throughput (# string / gate / s): 824917065.7665043
allocator: {"step": 7, "seconds": 0.03125548199932382, "live_rows": 105972, "logical_bytes": 4238880, "backing_storage_bytes": 4238880, "counters": {"allocated_bytes.all.current": 4763136, "allocated_bytes.all.peak": 28428288, "requested_bytes.all.current": 4263432, "requested_bytes.all.peak": 27926172, "reserved_bytes.all.current": 48234496, "reserved_bytes.all.peak": 48234496, "inactive_split_bytes.all.current": 0, "inactive_split_bytes.all.peak": 0, "segment.all.current": 0, "segment.all.allocated": 0, "num_alloc_retries": 0, "num_ooms": 0, "num_device_alloc": 5, "num_device_free": 0}}
checkpoint saved to benchmarks/results/persistent_options_20260910/inverted/triton_benchmark_data_dt_0.04_total_t_0.92_threshold_log_18.pkl
step 8/23: exp_val=0.8007972470919498 size=228871
105972 --> 228871 Time taken: 0.03390793500057043 s Norm: 0.999997306159975
Avg throughput (# string / gate / s): 1683698270.0078776
allocator: {"step": 8, "seconds": 0.03390793500057043, "live_rows": 228871, "logical_bytes": 9154840, "backing_storage_bytes": 9154840, "counters": {"allocated_bytes.all.current": 9679360, "allocated_bytes.all.peak": 53765120, "requested_bytes.all.current": 9179392, "requested_bytes.all.peak": 53264728, "reserved_bytes.all.current": 69206016, "reserved_bytes.all.peak": 69206016, "inactive_split_bytes.all.current": 0, "inactive_split_bytes.all.peak": 0, "segment.all.current": 0, "segment.all.allocated": 0, "num_alloc_retries": 0, "num_ooms": 0, "num_device_alloc": 6, "num_device_free": 0}}
checkpoint saved to benchmarks/results/persistent_options_20260910/inverted/triton_benchmark_data_dt_0.04_total_t_0.92_threshold_log_18.pkl
step 9/23: exp_val=0.8081610177151826 size=487404
228871 --> 487404 Time taken: 0.035702889999811305 s Norm: 0.9999934550044425
Avg throughput (# string / gate / s): 3420588291.33007
allocator: {"step": 9, "seconds": 0.035702889999811305, "live_rows": 487404, "logical_bytes": 19496160, "backing_storage_bytes": 19496160, "counters": {"allocated_bytes.all.current": 20020224, "allocated_bytes.all.peak": 121832960, "requested_bytes.all.current": 19520712, "requested_bytes.all.peak": 121331252, "reserved_bytes.all.current": 174063616, "reserved_bytes.all.peak": 174063616, "inactive_split_bytes.all.current": 0, "inactive_split_bytes.all.peak": 0, "segment.all.current": 0, "segment.all.allocated": 0, "num_alloc_retries": 0, "num_ooms": 0, "num_device_alloc": 10, "num_device_free": 0}}
checkpoint saved to benchmarks/results/persistent_options_20260910/inverted/triton_benchmark_data_dt_0.04_total_t_0.92_threshold_log_18.pkl
step 10/23: exp_val=0.8139538929652543 size=994285
487404 --> 994285 Time taken: 0.03703526800018153 s Norm: 0.9999849634848978
Avg throughput (# string / gate / s): 6821281123.138132
allocator: {"step": 10, "seconds": 0.03703526800018153, "live_rows": 994285, "logical_bytes": 39771400, "backing_storage_bytes": 39771400, "counters": {"allocated_bytes.all.current": 40295424, "allocated_bytes.all.peak": 250985984, "requested_bytes.all.current": 39795952, "requested_bytes.all.peak": 250485180, "reserved_bytes.all.current": 362807296, "reserved_bytes.all.peak": 362807296, "inactive_split_bytes.all.current": 0, "inactive_split_bytes.all.peak": 0, "segment.all.current": 0, "segment.all.allocated": 0, "num_alloc_retries": 0, "num_ooms": 0, "num_device_alloc": 13, "num_device_free": 0}}
checkpoint saved to benchmarks/results/persistent_options_20260910/inverted/triton_benchmark_data_dt_0.04_total_t_0.92_threshold_log_18.pkl
step 11/23: exp_val=0.8160403794848188 size=1976955
994285 --> 1976955 Time taken: 0.04236842699992849 s Norm: 0.9999673017535258
Avg throughput (# string / gate / s): 11956932458.239601
allocator: {"step": 11, "seconds": 0.04236842699992849, "live_rows": 1976955, "logical_bytes": 79078200, "backing_storage_bytes": 79078200, "counters": {"allocated_bytes.all.current": 79602176, "allocated_bytes.all.peak": 471164416, "requested_bytes.all.current": 79102752, "requested_bytes.all.peak": 470662524, "reserved_bytes.all.current": 572522496, "reserved_bytes.all.peak": 572522496, "inactive_split_bytes.all.current": 0, "inactive_split_bytes.all.peak": 0, "segment.all.current": 0, "segment.all.allocated": 0, "num_alloc_retries": 0, "num_ooms": 0, "num_device_alloc": 16, "num_device_free": 0}}
checkpoint saved to benchmarks/results/persistent_options_20260910/inverted/triton_benchmark_data_dt_0.04_total_t_0.92_threshold_log_18.pkl
step 12/23: exp_val=0.8151603645869913 size=3549247
1976955 --> 3549247 Time taken: 0.050638987000638735 s Norm: 0.999931286316366
Avg throughput (# string / gate / s): 18606561797.693848
allocator: {"step": 12, "seconds": 0.050638987000638735, "live_rows": 3549247, "logical_bytes": 141969880, "backing_storage_bytes": 141969880, "counters": {"allocated_bytes.all.current": 142493696, "allocated_bytes.all.peak": 912310784, "requested_bytes.all.current": 141994432, "requested_bytes.all.peak": 911809584, "reserved_bytes.all.current": 1096810496, "reserved_bytes.all.peak": 1096810496, "inactive_split_bytes.all.current": 0, "inactive_split_bytes.all.peak": 0, "segment.all.current": 0, "segment.all.allocated": 0, "num_alloc_retries": 0, "num_ooms": 0, "num_device_alloc": 21, "num_device_free": 0}}
checkpoint saved to benchmarks/results/persistent_options_20260910/inverted/triton_benchmark_data_dt_0.04_total_t_0.92_threshold_log_18.pkl
step 13/23: exp_val=0.8141926215418308 size=6130432
3549247 --> 6130432 Time taken: 0.0639628979997724 s Norm: 0.9998624143359776
Avg throughput (# string / gate / s): 25802227871.318035
allocator: {"step": 13, "seconds": 0.0639628979997724, "live_rows": 6130432, "logical_bytes": 245217280, "backing_storage_bytes": 245217280, "counters": {"allocated_bytes.all.current": 245741056, "allocated_bytes.all.peak": 1603915264, "requested_bytes.all.current": 245241832, "requested_bytes.all.peak": 1603414484, "reserved_bytes.all.current": 1830813696, "reserved_bytes.all.peak": 1830813696, "inactive_split_bytes.all.current": 0, "inactive_split_bytes.all.peak": 0, "segment.all.current": 0, "segment.all.allocated": 0, "num_alloc_retries": 0, "num_ooms": 0, "num_device_alloc": 23, "num_device_free": 0}}
checkpoint saved to benchmarks/results/persistent_options_20260910/inverted/triton_benchmark_data_dt_0.04_total_t_0.92_threshold_log_18.pkl
step 14/23: exp_val=0.8154476441185621 size=10181702
6130432 --> 10181702 Time taken: 0.0871622140002728 s Norm: 0.9997402479810492
Avg throughput (# string / gate / s): 31908538337.395782
allocator: {"step": 14, "seconds": 0.0871622140002728, "live_rows": 10181702, "logical_bytes": 407268080, "backing_storage_bytes": 407268080, "counters": {"allocated_bytes.all.current": 407792640, "allocated_bytes.all.peak": 2774704640, "requested_bytes.all.current": 407292632, "requested_bytes.all.peak": 2774203600, "reserved_bytes.all.current": 4053794816, "reserved_bytes.all.peak": 4053794816, "inactive_split_bytes.all.current": 0, "inactive_split_bytes.all.peak": 0, "segment.all.current": 0, "segment.all.allocated": 0, "num_alloc_retries": 0, "num_ooms": 0, "num_device_alloc": 27, "num_device_free": 0}}
checkpoint saved to benchmarks/results/persistent_options_20260910/inverted/triton_benchmark_data_dt_0.04_total_t_0.92_threshold_log_18.pkl
step 15/23: exp_val=0.8203666324612635 size=16322811
10181702 --> 16322811 Time taken: 0.12992703700001584 s Norm: 0.9995340559197723
Avg throughput (# string / gate / s): 34781209291.33056
allocator: {"step": 15, "seconds": 0.12992703700001584, "live_rows": 16322811, "logical_bytes": 652912440, "backing_storage_bytes": 652912440, "counters": {"allocated_bytes.all.current": 653436416, "allocated_bytes.all.peak": 4553809408, "requested_bytes.all.current": 652936992, "requested_bytes.all.peak": 4553308116, "reserved_bytes.all.current": 6088032256, "reserved_bytes.all.peak": 6088032256, "inactive_split_bytes.all.current": 0, "inactive_split_bytes.all.peak": 0, "segment.all.current": 0, "segment.all.allocated": 0, "num_alloc_retries": 0, "num_ooms": 0, "num_device_alloc": 30, "num_device_free": 0}}
checkpoint saved to benchmarks/results/persistent_options_20260910/inverted/triton_benchmark_data_dt_0.04_total_t_0.92_threshold_log_18.pkl
step 16/23: exp_val=0.8280233077359687 size=25858045
16322811 --> 25858045 Time taken: 0.16642787099954148 s Norm: 0.9992001574003456
Avg throughput (# string / gate / s): 43212930050.75943
allocator: {"step": 16, "seconds": 0.16642787099954148, "live_rows": 25858045, "logical_bytes": 1034321800, "backing_storage_bytes": 1034321800, "counters": {"allocated_bytes.all.current": 1034845696, "allocated_bytes.all.peak": 6923714048, "requested_bytes.all.current": 1034346352, "requested_bytes.all.peak": 6923213264, "reserved_bytes.all.current": 9086959616, "reserved_bytes.all.peak": 9086959616, "inactive_split_bytes.all.current": 0, "inactive_split_bytes.all.peak": 0, "segment.all.current": 0, "segment.all.allocated": 0, "num_alloc_retries": 0, "num_ooms": 0, "num_device_alloc": 33, "num_device_free": 0}}
checkpoint saved to benchmarks/results/persistent_options_20260910/inverted/triton_benchmark_data_dt_0.04_total_t_0.92_threshold_log_18.pkl
step 17/23: exp_val=0.8367044405454915 size=39217720
25858045 --> 39217720 Time taken: 0.2424272739999651 s Norm: 0.9986757586046362
Avg throughput (# string / gate / s): 45768026630.95406
allocator: {"step": 17, "seconds": 0.2424272739999651, "live_rows": 39217720, "logical_bytes": 1568708800, "backing_storage_bytes": 1568708800, "counters": {"allocated_bytes.all.current": 1569232896, "allocated_bytes.all.peak": 10867532288, "requested_bytes.all.current": 1568733352, "requested_bytes.all.peak": 10867031792, "reserved_bytes.all.current": 13784580096, "reserved_bytes.all.peak": 13784580096, "inactive_split_bytes.all.current": 0, "inactive_split_bytes.all.peak": 0, "segment.all.current": 0, "segment.all.allocated": 0, "num_alloc_retries": 0, "num_ooms": 0, "num_device_alloc": 36, "num_device_free": 0}}
checkpoint saved to benchmarks/results/persistent_options_20260910/inverted/triton_benchmark_data_dt_0.04_total_t_0.92_threshold_log_18.pkl
step 18/23: exp_val=0.8444610679717854 size=56220919
39217720 --> 56220919 Time taken: 0.3480050329999358 s Norm: 0.9978860110571319
Avg throughput (# string / gate / s): 46758771875.29929
allocator: {"step": 18, "seconds": 0.3480050329999358, "live_rows": 56220919, "logical_bytes": 2248836760, "backing_storage_bytes": 2248836760, "counters": {"allocated_bytes.all.current": 2249360896, "allocated_bytes.all.peak": 15607700480, "requested_bytes.all.current": 2248861312, "requested_bytes.all.peak": 15607198940, "reserved_bytes.all.current": 19446890496, "reserved_bytes.all.peak": 19446890496, "inactive_split_bytes.all.current": 0, "inactive_split_bytes.all.peak": 0, "segment.all.current": 0, "segment.all.allocated": 0, "num_alloc_retries": 0, "num_ooms": 0, "num_device_alloc": 38, "num_device_free": 0}}
checkpoint saved to benchmarks/results/persistent_options_20260910/inverted/triton_benchmark_data_dt_0.04_total_t_0.92_threshold_log_18.pkl
step 19/23: exp_val=0.849209477048793 size=76647324
56220919 --> 76647324 Time taken: 0.49053568500039546 s Norm: 0.9967600094854395
Avg throughput (# string / gate / s): 46182237346.26307
allocator: {"step": 19, "seconds": 0.49053568500039546, "live_rows": 76647324, "logical_bytes": 3065892960, "backing_storage_bytes": 3065892960, "counters": {"allocated_bytes.all.current": 3066417152, "allocated_bytes.all.peak": 21503014912, "requested_bytes.all.current": 3065917512, "requested_bytes.all.peak": 21502513024, "reserved_bytes.all.current": 25822232576, "reserved_bytes.all.peak": 25822232576, "inactive_split_bytes.all.current": 0, "inactive_split_bytes.all.peak": 0, "segment.all.current": 0, "segment.all.allocated": 0, "num_alloc_retries": 0, "num_ooms": 0, "num_device_alloc": 43, "num_device_free": 0}}
checkpoint saved to benchmarks/results/persistent_options_20260910/inverted/triton_benchmark_data_dt_0.04_total_t_0.92_threshold_log_18.pkl
step 20/23: exp_val=0.8506241991368324 size=101566136
76647324 --> 101566136 Time taken: 0.6071351259997755 s Norm: 0.9952369396750246
Avg throughput (# string / gate / s): 50047170108.90132
allocator: {"step": 20, "seconds": 0.6071351259997755, "live_rows": 101566136, "logical_bytes": 4062645440, "backing_storage_bytes": 4062645440, "counters": {"allocated_bytes.all.current": 4063169536, "allocated_bytes.all.peak": 27971182080, "requested_bytes.all.current": 4062669992, "requested_bytes.all.peak": 27970681316, "reserved_bytes.all.current": 31337742336, "reserved_bytes.all.peak": 31337742336, "inactive_split_bytes.all.current": 0, "inactive_split_bytes.all.peak": 0, "segment.all.current": 0, "segment.all.allocated": 0, "num_alloc_retries": 0, "num_ooms": 0, "num_device_alloc": 46, "num_device_free": 0}}
checkpoint saved to benchmarks/results/persistent_options_20260910/inverted/triton_benchmark_data_dt_0.04_total_t_0.92_threshold_log_18.pkl
step 21/23: exp_val=0.850741867423668 size=133423815
101566136 --> 133423815 Time taken: 0.9095991290005259 s Norm: 0.9932426692811729
Avg throughput (# string / gate / s): 44047740777.32966
allocator: {"step": 21, "seconds": 0.9095991290005259, "live_rows": 133423815, "logical_bytes": 5336952600, "backing_storage_bytes": 5336952600, "counters": {"allocated_bytes.all.current": 5337477120, "allocated_bytes.all.peak": 37748837888, "requested_bytes.all.current": 5336977152, "requested_bytes.all.peak": 37748336384, "reserved_bytes.all.current": 43857739776, "reserved_bytes.all.peak": 43857739776, "inactive_split_bytes.all.current": 0, "inactive_split_bytes.all.peak": 0, "segment.all.current": 0, "segment.all.allocated": 0, "num_alloc_retries": 0, "num_ooms": 0, "num_device_alloc": 49, "num_device_free": 0}}
checkpoint saved to benchmarks/results/persistent_options_20260910/inverted/triton_benchmark_data_dt_0.04_total_t_0.92_threshold_log_18.pkl
step 22/23: exp_val=0.8485055402732968 size=173836555
133423815 --> 173836555 Time taken: 1.0524506860001566 s Norm: 0.99065323510181
Avg throughput (# string / gate / s): 49777052532.599335
allocator: {"step": 22, "seconds": 1.0524506860001566, "live_rows": 173836555, "logical_bytes": 6953462200, "backing_storage_bytes": 6953462200, "counters": {"allocated_bytes.all.current": 6953986560, "allocated_bytes.all.peak": 48468420608, "requested_bytes.all.current": 6953486752, "requested_bytes.all.peak": 48467919008, "reserved_bytes.all.current": 60131639296, "reserved_bytes.all.peak": 60131639296, "inactive_split_bytes.all.current": 0, "inactive_split_bytes.all.peak": 0, "segment.all.current": 0, "segment.all.allocated": 0, "num_alloc_retries": 0, "num_ooms": 0, "num_device_alloc": 52, "num_device_free": 0}}
checkpoint saved to benchmarks/results/persistent_options_20260910/inverted/triton_benchmark_data_dt_0.04_total_t_0.92_threshold_log_18.pkl
step 23/23: exp_val=0.846651058594837 size=221899620
173836555 --> 221899620 Time taken: 1.2867902849993698 s Norm: 0.9873090532359033
Avg throughput (# string / gate / s): 52435131523.80774
allocator: {"step": 23, "seconds": 1.2867902849993698, "live_rows": 221899620, "logical_bytes": 8875984800, "backing_storage_bytes": 8875984800, "counters": {"allocated_bytes.all.current": 8876509184, "allocated_bytes.all.peak": 60703629824, "requested_bytes.all.current": 8876009352, "requested_bytes.all.peak": 60703128316, "reserved_bytes.all.current": 70952943616, "reserved_bytes.all.peak": 70952943616, "inactive_split_bytes.all.current": 0, "inactive_split_bytes.all.peak": 0, "segment.all.current": 0, "segment.all.allocated": 0, "num_alloc_retries": 0, "num_ooms": 0, "num_device_alloc": 53, "num_device_free": 0}}
checkpoint saved to benchmarks/results/persistent_options_20260910/inverted/triton_benchmark_data_dt_0.04_total_t_0.92_threshold_log_18.pkl
Wrote benchmark data to benchmarks/results/persistent_options_20260910/inverted/triton_benchmark_data_dt_0.04_total_t_0.92_threshold_log_18.pkl
final results = [1.0, 0.9872680689481184, 0.9527802865260726, 0.9061848081047893, 0.859518323777968, 0.8231021472627671, 0.8023600634140253, 0.7966507053448577, 0.8007972470919498, 0.8081610177151826, 0.8139538929652543, 0.8160403794848188, 0.8151603645869913, 0.8141926215418308, 0.8154476441185621, 0.8203666324612635, 0.8280233077359687, 0.8367044405454915, 0.8444610679717854, 0.849209477048793, 0.8506241991368324, 0.850741867423668, 0.8485055402732968, 0.846651058594837]
