Running 14 steps on 11x11 OBC lattice with backend=triton, precision=double
dt=0.04, total_t=0.92, threshold=3.814697265625e-06, max_num_str=1000000000
per-step gate count=341
Triton timing mode: warm one pass per step; synchronized second pass
initial observable expectation=1.0 size=1
step 1/14: exp_val=0.9872680689481184 size=106
initial --> 106 Time taken: 0.016031772999667737 s Norm: 0.9999999999784838
allocator: {"step": 1, "seconds": 0.016031772999667737, "live_rows": 106, "logical_bytes": 4240, "backing_storage_bytes": 4240, "counters": {"allocated_bytes.all.current": 353792, "allocated_bytes.all.peak": 368640, "requested_bytes.all.current": 23336, "requested_bytes.all.peak": 35752, "reserved_bytes.all.current": 2097152, "reserved_bytes.all.peak": 2097152, "inactive_split_bytes.all.current": 0, "inactive_split_bytes.all.peak": 0, "segment.all.current": 0, "segment.all.allocated": 0, "num_alloc_retries": 0, "num_ooms": 0, "num_device_alloc": 1, "num_device_free": 0}}
checkpoint saved to benchmarks/results/persistent_storage_20260910/smoke14/triton_benchmark_data_dt_0.04_total_t_0.92_threshold_log_18.pkl
step 2/14: exp_val=0.9527802865260726 size=853
106 --> 853 Time taken: 0.016038439000112703 s Norm: 0.9999999981639017
Avg throughput (# string / gate / s): 10194851.256961541
allocator: {"step": 2, "seconds": 0.016038439000112703, "live_rows": 853, "logical_bytes": 34120, "backing_storage_bytes": 34120, "counters": {"allocated_bytes.all.current": 384000, "allocated_bytes.all.peak": 513024, "requested_bytes.all.current": 53216, "requested_bytes.all.peak": 181208, "reserved_bytes.all.current": 2097152, "reserved_bytes.all.peak": 2097152, "inactive_split_bytes.all.current": 0, "inactive_split_bytes.all.peak": 0, "segment.all.current": 0, "segment.all.allocated": 0, "num_alloc_retries": 0, "num_ooms": 0, "num_device_alloc": 1, "num_device_free": 0}}
checkpoint saved to benchmarks/results/persistent_storage_20260910/smoke14/triton_benchmark_data_dt_0.04_total_t_0.92_threshold_log_18.pkl
step 3/14: exp_val=0.9061848081047893 size=2542
853 --> 2542 Time taken: 0.016633410000395088 s Norm: 0.999999990348529
Avg throughput (# string / gate / s): 34800290.49883643
allocator: {"step": 3, "seconds": 0.016633410000395088, "live_rows": 2542, "logical_bytes": 101680, "backing_storage_bytes": 101680, "counters": {"allocated_bytes.all.current": 451072, "allocated_bytes.all.peak": 826368, "requested_bytes.all.current": 120776, "requested_bytes.all.peak": 493400, "reserved_bytes.all.current": 2097152, "reserved_bytes.all.peak": 2097152, "inactive_split_bytes.all.current": 0, "inactive_split_bytes.all.peak": 0, "segment.all.current": 0, "segment.all.allocated": 0, "num_alloc_retries": 0, "num_ooms": 0, "num_device_alloc": 1, "num_device_free": 0}}
checkpoint saved to benchmarks/results/persistent_storage_20260910/smoke14/triton_benchmark_data_dt_0.04_total_t_0.92_threshold_log_18.pkl
step 4/14: exp_val=0.859518323777968 size=6896
2542 --> 6896 Time taken: 0.016956238999227935 s Norm: 0.9999999574838113
Avg throughput (# string / gate / s): 94901882.4323761
allocator: {"step": 4, "seconds": 0.016956238999227935, "live_rows": 6896, "logical_bytes": 275840, "backing_storage_bytes": 275840, "counters": {"allocated_bytes.all.current": 625152, "allocated_bytes.all.peak": 1700352, "requested_bytes.all.current": 294936, "requested_bytes.all.peak": 1368736, "reserved_bytes.all.current": 4194304, "reserved_bytes.all.peak": 4194304, "inactive_split_bytes.all.current": 0, "inactive_split_bytes.all.peak": 0, "segment.all.current": 0, "segment.all.allocated": 0, "num_alloc_retries": 0, "num_ooms": 0, "num_device_alloc": 2, "num_device_free": 0}}
checkpoint saved to benchmarks/results/persistent_storage_20260910/smoke14/triton_benchmark_data_dt_0.04_total_t_0.92_threshold_log_18.pkl
step 5/14: exp_val=0.823102147262767 size=17890
6896 --> 17890 Time taken: 0.01678518299922871 s Norm: 0.9999998707879175
Avg throughput (# string / gate / s): 251770445.40975145
allocator: {"step": 5, "seconds": 0.01678518299922871, "live_rows": 17890, "logical_bytes": 715600, "backing_storage_bytes": 715600, "counters": {"allocated_bytes.all.current": 1065472, "allocated_bytes.all.peak": 4181504, "requested_bytes.all.current": 734696, "requested_bytes.all.peak": 3849592, "reserved_bytes.all.current": 25165824, "reserved_bytes.all.peak": 25165824, "inactive_split_bytes.all.current": 0, "inactive_split_bytes.all.peak": 0, "segment.all.current": 0, "segment.all.allocated": 0, "num_alloc_retries": 0, "num_ooms": 0, "num_device_alloc": 3, "num_device_free": 0}}
checkpoint saved to benchmarks/results/persistent_storage_20260910/smoke14/triton_benchmark_data_dt_0.04_total_t_0.92_threshold_log_18.pkl
step 6/14: exp_val=0.8023600634140252 size=45249
17890 --> 45249 Time taken: 0.017638614000134112 s Norm: 0.9999996255342495
Avg throughput (# string / gate / s): 610320034.2111999
allocator: {"step": 6, "seconds": 0.017638614000134112, "live_rows": 45249, "logical_bytes": 1809960, "backing_storage_bytes": 1809960, "counters": {"allocated_bytes.all.current": 2160128, "allocated_bytes.all.peak": 9977344, "requested_bytes.all.current": 1829056, "requested_bytes.all.peak": 9644960, "reserved_bytes.all.current": 27262976, "reserved_bytes.all.peak": 27262976, "inactive_split_bytes.all.current": 0, "inactive_split_bytes.all.peak": 0, "segment.all.current": 0, "segment.all.allocated": 0, "num_alloc_retries": 0, "num_ooms": 0, "num_device_alloc": 4, "num_device_free": 0}}
checkpoint saved to benchmarks/results/persistent_storage_20260910/smoke14/triton_benchmark_data_dt_0.04_total_t_0.92_threshold_log_18.pkl
step 7/14: exp_val=0.7966507053448577 size=105972
45249 --> 105972 Time taken: 0.018201055000645283 s Norm: 0.9999989908817499
Avg throughput (# string / gate / s): 1416576154.4638982
allocator: {"step": 7, "seconds": 0.018201055000645283, "live_rows": 105972, "logical_bytes": 4238880, "backing_storage_bytes": 4238880, "counters": {"allocated_bytes.all.current": 4588544, "allocated_bytes.all.peak": 24143360, "requested_bytes.all.current": 4257976, "requested_bytes.all.peak": 23810816, "reserved_bytes.all.current": 48234496, "reserved_bytes.all.peak": 48234496, "inactive_split_bytes.all.current": 0, "inactive_split_bytes.all.peak": 0, "segment.all.current": 0, "segment.all.allocated": 0, "num_alloc_retries": 0, "num_ooms": 0, "num_device_alloc": 5, "num_device_free": 0}}
checkpoint saved to benchmarks/results/persistent_storage_20260910/smoke14/triton_benchmark_data_dt_0.04_total_t_0.92_threshold_log_18.pkl
step 8/14: exp_val=0.8007972470919497 size=228871
105972 --> 228871 Time taken: 0.01971683900046628 s Norm: 0.999997306159975
Avg throughput (# string / gate / s): 2895531656.9075737
allocator: {"step": 8, "seconds": 0.01971683900046628, "live_rows": 228871, "logical_bytes": 9154840, "backing_storage_bytes": 9154840, "counters": {"allocated_bytes.all.current": 9504768, "allocated_bytes.all.peak": 46039040, "requested_bytes.all.current": 9173936, "requested_bytes.all.peak": 45707968, "reserved_bytes.all.current": 90177536, "reserved_bytes.all.peak": 90177536, "inactive_split_bytes.all.current": 0, "inactive_split_bytes.all.peak": 0, "segment.all.current": 0, "segment.all.allocated": 0, "num_alloc_retries": 0, "num_ooms": 0, "num_device_alloc": 7, "num_device_free": 0}}
checkpoint saved to benchmarks/results/persistent_storage_20260910/smoke14/triton_benchmark_data_dt_0.04_total_t_0.92_threshold_log_18.pkl
step 9/14: exp_val=0.8081610177151826 size=487404
228871 --> 487404 Time taken: 0.021214829000200552 s Norm: 0.9999934550044425
Avg throughput (# string / gate / s): 5756581280.897692
allocator: {"step": 9, "seconds": 0.021214829000200552, "live_rows": 487404, "logical_bytes": 19496160, "backing_storage_bytes": 19496160, "counters": {"allocated_bytes.all.current": 19845632, "allocated_bytes.all.peak": 101123584, "requested_bytes.all.current": 19515256, "requested_bytes.all.peak": 100791472, "reserved_bytes.all.current": 153092096, "reserved_bytes.all.peak": 153092096, "inactive_split_bytes.all.current": 0, "inactive_split_bytes.all.peak": 0, "segment.all.current": 0, "segment.all.allocated": 0, "num_alloc_retries": 0, "num_ooms": 0, "num_device_alloc": 9, "num_device_free": 0}}
checkpoint saved to benchmarks/results/persistent_storage_20260910/smoke14/triton_benchmark_data_dt_0.04_total_t_0.92_threshold_log_18.pkl
step 10/14: exp_val=0.8139538929652543 size=994285
487404 --> 994285 Time taken: 0.02578362699932768 s Norm: 0.9999849634848978
Avg throughput (# string / gate / s): 9797999889.87536
allocator: {"step": 10, "seconds": 0.02578362699932768, "live_rows": 994285, "logical_bytes": 39771400, "backing_storage_bytes": 39771400, "counters": {"allocated_bytes.all.current": 40120832, "allocated_bytes.all.peak": 207976960, "requested_bytes.all.current": 39790496, "requested_bytes.all.peak": 207645360, "reserved_bytes.all.current": 257949696, "reserved_bytes.all.peak": 257949696, "inactive_split_bytes.all.current": 0, "inactive_split_bytes.all.peak": 0, "segment.all.current": 0, "segment.all.allocated": 0, "num_alloc_retries": 0, "num_ooms": 0, "num_device_alloc": 11, "num_device_free": 0}}
checkpoint saved to benchmarks/results/persistent_storage_20260910/smoke14/triton_benchmark_data_dt_0.04_total_t_0.92_threshold_log_18.pkl
step 11/14: exp_val=0.8160403794848189 size=1976955
994285 --> 1976955 Time taken: 0.033423978999962856 s Norm: 0.9999673017535258
Avg throughput (# string / gate / s): 15156675990.029882
allocator: {"step": 11, "seconds": 0.033423978999962856, "live_rows": 1976955, "logical_bytes": 79078200, "backing_storage_bytes": 79078200, "counters": {"allocated_bytes.all.current": 79427584, "allocated_bytes.all.peak": 399905280, "requested_bytes.all.current": 79097296, "requested_bytes.all.peak": 399572976, "reserved_bytes.all.current": 509607936, "reserved_bytes.all.peak": 509607936, "inactive_split_bytes.all.current": 0, "inactive_split_bytes.all.peak": 0, "segment.all.current": 0, "segment.all.allocated": 0, "num_alloc_retries": 0, "num_ooms": 0, "num_device_alloc": 14, "num_device_free": 0}}
checkpoint saved to benchmarks/results/persistent_storage_20260910/smoke14/triton_benchmark_data_dt_0.04_total_t_0.92_threshold_log_18.pkl
step 12/14: exp_val=0.8151603645869911 size=3549247
1976955 --> 3549247 Time taken: 0.04787975599992933 s Norm: 0.999931286316366
Avg throughput (# string / gate / s): 19678827122.706947
allocator: {"step": 12, "seconds": 0.04787975599992933, "live_rows": 3549247, "logical_bytes": 141969880, "backing_storage_bytes": 141969880, "counters": {"allocated_bytes.all.current": 142319104, "allocated_bytes.all.peak": 772284416, "requested_bytes.all.current": 141988976, "requested_bytes.all.peak": 771952568, "reserved_bytes.all.current": 950009856, "reserved_bytes.all.peak": 950009856, "inactive_split_bytes.all.current": 0, "inactive_split_bytes.all.peak": 0, "segment.all.current": 0, "segment.all.allocated": 0, "num_alloc_retries": 0, "num_ooms": 0, "num_device_alloc": 16, "num_device_free": 0}}
checkpoint saved to benchmarks/results/persistent_storage_20260910/smoke14/triton_benchmark_data_dt_0.04_total_t_0.92_threshold_log_18.pkl
step 13/14: exp_val=0.8141926215418308 size=6130432
3549247 --> 6130432 Time taken: 0.07190045599963923 s Norm: 0.9998624143359776
Avg throughput (# string / gate / s): 22953752470.05778
allocator: {"step": 13, "seconds": 0.07190045599963923, "live_rows": 6130432, "logical_bytes": 245217280, "backing_storage_bytes": 245217280, "counters": {"allocated_bytes.all.current": 245566464, "allocated_bytes.all.peak": 1353535488, "requested_bytes.all.current": 245236376, "requested_bytes.all.peak": 1353203952, "reserved_bytes.all.current": 1767899136, "reserved_bytes.all.peak": 1767899136, "inactive_split_bytes.all.current": 0, "inactive_split_bytes.all.peak": 0, "segment.all.current": 0, "segment.all.allocated": 0, "num_alloc_retries": 0, "num_ooms": 0, "num_device_alloc": 19, "num_device_free": 0}}
checkpoint saved to benchmarks/results/persistent_storage_20260910/smoke14/triton_benchmark_data_dt_0.04_total_t_0.92_threshold_log_18.pkl
step 14/14: exp_val=0.8154476441185621 size=10181702
6130432 --> 10181702 Time taken: 0.11485354200067377 s Norm: 0.9997402479810493
Avg throughput (# string / gate / s): 24215351120.679276
allocator: {"step": 14, "seconds": 0.11485354200067377, "live_rows": 10181702, "logical_bytes": 407268080, "backing_storage_bytes": 407268080, "counters": {"allocated_bytes.all.current": 407618048, "allocated_bytes.all.peak": 2338459648, "requested_bytes.all.current": 407287176, "requested_bytes.all.peak": 2338128240, "reserved_bytes.all.current": 2984247296, "reserved_bytes.all.peak": 2984247296, "inactive_split_bytes.all.current": 0, "inactive_split_bytes.all.peak": 0, "segment.all.current": 0, "segment.all.allocated": 0, "num_alloc_retries": 0, "num_ooms": 0, "num_device_alloc": 22, "num_device_free": 0}}
checkpoint saved to benchmarks/results/persistent_storage_20260910/smoke14/triton_benchmark_data_dt_0.04_total_t_0.92_threshold_log_18.pkl
Wrote benchmark data to benchmarks/results/persistent_storage_20260910/smoke14/triton_benchmark_data_dt_0.04_total_t_0.92_threshold_log_18.pkl
final results = [1.0, 0.9872680689481184, 0.9527802865260726, 0.9061848081047893, 0.859518323777968, 0.823102147262767, 0.8023600634140252, 0.7966507053448577, 0.8007972470919497, 0.8081610177151826, 0.8139538929652543, 0.8160403794848189, 0.8151603645869911, 0.8141926215418308, 0.8154476441185621]
