Running 23 steps on 11x11 OBC lattice with backend=triton, precision=double
dt=0.04, total_t=0.92, threshold=3.814697265625e-06, max_num_str=1000000000
per-step gate count=341
Triton timing mode: warm one pass per step; synchronized second pass
initial observable expectation=1.0 size=1
step 1/23: exp_val=0.9872680689481184 size=106
initial --> 106 Time taken: 0.03375632699953712 s Norm: 0.9999999999784838
allocator: {"step": 1, "seconds": 0.03375632699953712, "live_rows": 106, "logical_bytes": 4240, "backing_storage_bytes": 4240, "counters": {"allocated_bytes.all.current": 528384, "allocated_bytes.all.peak": 544768, "requested_bytes.all.current": 28792, "requested_bytes.all.peak": 43060, "reserved_bytes.all.current": 2097152, "reserved_bytes.all.peak": 2097152, "inactive_split_bytes.all.current": 0, "inactive_split_bytes.all.peak": 0, "segment.all.current": 0, "segment.all.allocated": 0, "num_alloc_retries": 0, "num_ooms": 0, "num_device_alloc": 1, "num_device_free": 0}}
checkpoint saved to benchmarks/results/persistent_options_20260910/device/triton_benchmark_data_dt_0.04_total_t_0.92_threshold_log_18.pkl
step 2/23: exp_val=0.9527802865260726 size=853
106 --> 853 Time taken: 0.0343696429999909 s Norm: 0.9999999981639017
Avg throughput (# string / gate / s): 4757381.390317126
allocator: {"step": 2, "seconds": 0.0343696429999909, "live_rows": 853, "logical_bytes": 34120, "backing_storage_bytes": 34120, "counters": {"allocated_bytes.all.current": 558592, "allocated_bytes.all.peak": 688128, "requested_bytes.all.current": 58672, "requested_bytes.all.peak": 186676, "reserved_bytes.all.current": 2097152, "reserved_bytes.all.peak": 2097152, "inactive_split_bytes.all.current": 0, "inactive_split_bytes.all.peak": 0, "segment.all.current": 0, "segment.all.allocated": 0, "num_alloc_retries": 0, "num_ooms": 0, "num_device_alloc": 1, "num_device_free": 0}}
checkpoint saved to benchmarks/results/persistent_options_20260910/device/triton_benchmark_data_dt_0.04_total_t_0.92_threshold_log_18.pkl
step 3/23: exp_val=0.9061848081047893 size=2542
853 --> 2542 Time taken: 0.02982529099972453 s Norm: 0.999999990348529
Avg throughput (# string / gate / s): 19407941.40132099
allocator: {"step": 3, "seconds": 0.02982529099972453, "live_rows": 2542, "logical_bytes": 101680, "backing_storage_bytes": 101680, "counters": {"allocated_bytes.all.current": 625664, "allocated_bytes.all.peak": 1094656, "requested_bytes.all.current": 126232, "requested_bytes.all.peak": 592468, "reserved_bytes.all.current": 2097152, "reserved_bytes.all.peak": 2097152, "inactive_split_bytes.all.current": 0, "inactive_split_bytes.all.peak": 0, "segment.all.current": 0, "segment.all.allocated": 0, "num_alloc_retries": 0, "num_ooms": 0, "num_device_alloc": 1, "num_device_free": 0}}
checkpoint saved to benchmarks/results/persistent_options_20260910/device/triton_benchmark_data_dt_0.04_total_t_0.92_threshold_log_18.pkl
step 4/23: exp_val=0.859518323777968 size=6896
2542 --> 6896 Time taken: 0.029888750999816693 s Norm: 0.9999999574838113
Avg throughput (# string / gate / s): 53838950.98225647
allocator: {"step": 4, "seconds": 0.029888750999816693, "live_rows": 6896, "logical_bytes": 275840, "backing_storage_bytes": 275840, "counters": {"allocated_bytes.all.current": 799744, "allocated_bytes.all.peak": 2154496, "requested_bytes.all.current": 300392, "requested_bytes.all.peak": 1653404, "reserved_bytes.all.current": 4194304, "reserved_bytes.all.peak": 4194304, "inactive_split_bytes.all.current": 0, "inactive_split_bytes.all.peak": 0, "segment.all.current": 0, "segment.all.allocated": 0, "num_alloc_retries": 0, "num_ooms": 0, "num_device_alloc": 2, "num_device_free": 0}}
checkpoint saved to benchmarks/results/persistent_options_20260910/device/triton_benchmark_data_dt_0.04_total_t_0.92_threshold_log_18.pkl
step 5/23: exp_val=0.8231021472627669 size=17890
6896 --> 17890 Time taken: 0.02953574799994385 s Norm: 0.9999998707879174
Avg throughput (# string / gate / s): 143081292.54109406
allocator: {"step": 5, "seconds": 0.02953574799994385, "live_rows": 17890, "logical_bytes": 715600, "backing_storage_bytes": 715600, "counters": {"allocated_bytes.all.current": 1240064, "allocated_bytes.all.peak": 4356608, "requested_bytes.all.current": 740152, "requested_bytes.all.peak": 3855060, "reserved_bytes.all.current": 25165824, "reserved_bytes.all.peak": 25165824, "inactive_split_bytes.all.current": 0, "inactive_split_bytes.all.peak": 0, "segment.all.current": 0, "segment.all.allocated": 0, "num_alloc_retries": 0, "num_ooms": 0, "num_device_alloc": 3, "num_device_free": 0}}
checkpoint saved to benchmarks/results/persistent_options_20260910/device/triton_benchmark_data_dt_0.04_total_t_0.92_threshold_log_18.pkl
step 6/23: exp_val=0.8023600634140252 size=45249
17890 --> 45249 Time taken: 0.029847822000192537 s Norm: 0.9999996255342498
Avg throughput (# string / gate / s): 360669515.5154221
allocator: {"step": 6, "seconds": 0.029847822000192537, "live_rows": 45249, "logical_bytes": 1809960, "backing_storage_bytes": 1809960, "counters": {"allocated_bytes.all.current": 2334720, "allocated_bytes.all.peak": 10152448, "requested_bytes.all.current": 1834512, "requested_bytes.all.peak": 9650428, "reserved_bytes.all.current": 27262976, "reserved_bytes.all.peak": 27262976, "inactive_split_bytes.all.current": 0, "inactive_split_bytes.all.peak": 0, "segment.all.current": 0, "segment.all.allocated": 0, "num_alloc_retries": 0, "num_ooms": 0, "num_device_alloc": 4, "num_device_free": 0}}
checkpoint saved to benchmarks/results/persistent_options_20260910/device/triton_benchmark_data_dt_0.04_total_t_0.92_threshold_log_18.pkl
step 7/23: exp_val=0.7966507053448577 size=105972
45249 --> 105972 Time taken: 0.029900657000325737 s Norm: 0.9999989908817499
Avg throughput (# string / gate / s): 862294781.6738315
allocator: {"step": 7, "seconds": 0.029900657000325737, "live_rows": 105972, "logical_bytes": 4238880, "backing_storage_bytes": 4238880, "counters": {"allocated_bytes.all.current": 4763136, "allocated_bytes.all.peak": 24318464, "requested_bytes.all.current": 4263432, "requested_bytes.all.peak": 23816284, "reserved_bytes.all.current": 48234496, "reserved_bytes.all.peak": 48234496, "inactive_split_bytes.all.current": 0, "inactive_split_bytes.all.peak": 0, "segment.all.current": 0, "segment.all.allocated": 0, "num_alloc_retries": 0, "num_ooms": 0, "num_device_alloc": 5, "num_device_free": 0}}
checkpoint saved to benchmarks/results/persistent_options_20260910/device/triton_benchmark_data_dt_0.04_total_t_0.92_threshold_log_18.pkl
step 8/23: exp_val=0.8007972470919499 size=228871
105972 --> 228871 Time taken: 0.03213969900025404 s Norm: 0.999997306159975
Avg throughput (# string / gate / s): 1776330621.5017366
allocator: {"step": 8, "seconds": 0.03213969900025404, "live_rows": 228871, "logical_bytes": 9154840, "backing_storage_bytes": 9154840, "counters": {"allocated_bytes.all.current": 9679360, "allocated_bytes.all.peak": 55528448, "requested_bytes.all.current": 9179392, "requested_bytes.all.peak": 55027356, "reserved_bytes.all.current": 90177536, "reserved_bytes.all.peak": 90177536, "inactive_split_bytes.all.current": 0, "inactive_split_bytes.all.peak": 0, "segment.all.current": 0, "segment.all.allocated": 0, "num_alloc_retries": 0, "num_ooms": 0, "num_device_alloc": 7, "num_device_free": 0}}
checkpoint saved to benchmarks/results/persistent_options_20260910/device/triton_benchmark_data_dt_0.04_total_t_0.92_threshold_log_18.pkl
step 9/23: exp_val=0.8081610177151826 size=487404
228871 --> 487404 Time taken: 0.03136786199956987 s Norm: 0.9999934550044425
Avg throughput (# string / gate / s): 3893312445.1285405
allocator: {"step": 9, "seconds": 0.03136786199956987, "live_rows": 487404, "logical_bytes": 19496160, "backing_storage_bytes": 19496160, "counters": {"allocated_bytes.all.current": 20020224, "allocated_bytes.all.peak": 108870656, "requested_bytes.all.current": 19520712, "requested_bytes.all.peak": 108369108, "reserved_bytes.all.current": 153092096, "reserved_bytes.all.peak": 153092096, "inactive_split_bytes.all.current": 0, "inactive_split_bytes.all.peak": 0, "segment.all.current": 0, "segment.all.allocated": 0, "num_alloc_retries": 0, "num_ooms": 0, "num_device_alloc": 9, "num_device_free": 0}}
checkpoint saved to benchmarks/results/persistent_options_20260910/device/triton_benchmark_data_dt_0.04_total_t_0.92_threshold_log_18.pkl
step 10/23: exp_val=0.8139538929652542 size=994285
487404 --> 994285 Time taken: 0.03151184599937551 s Norm: 0.9999849634848978
Avg throughput (# string / gate / s): 8016920827.329713
allocator: {"step": 10, "seconds": 0.03151184599937551, "live_rows": 994285, "logical_bytes": 39771400, "backing_storage_bytes": 39771400, "counters": {"allocated_bytes.all.current": 40295424, "allocated_bytes.all.peak": 263133184, "requested_bytes.all.current": 39795952, "requested_bytes.all.peak": 262631604, "reserved_bytes.all.current": 362807296, "reserved_bytes.all.peak": 362807296, "inactive_split_bytes.all.current": 0, "inactive_split_bytes.all.peak": 0, "segment.all.current": 0, "segment.all.allocated": 0, "num_alloc_retries": 0, "num_ooms": 0, "num_device_alloc": 13, "num_device_free": 0}}
checkpoint saved to benchmarks/results/persistent_options_20260910/device/triton_benchmark_data_dt_0.04_total_t_0.92_threshold_log_18.pkl
step 11/23: exp_val=0.8160403794848188 size=1976955
994285 --> 1976955 Time taken: 0.033903453000675654 s Norm: 0.9999673017535258
Avg throughput (# string / gate / s): 14942325195.899786
allocator: {"step": 11, "seconds": 0.033903453000675654, "live_rows": 1976955, "logical_bytes": 79078200, "backing_storage_bytes": 79078200, "counters": {"allocated_bytes.all.current": 79602176, "allocated_bytes.all.peak": 524306432, "requested_bytes.all.current": 79102752, "requested_bytes.all.peak": 523804636, "reserved_bytes.all.current": 719323136, "reserved_bytes.all.peak": 719323136, "inactive_split_bytes.all.current": 0, "inactive_split_bytes.all.peak": 0, "segment.all.current": 0, "segment.all.allocated": 0, "num_alloc_retries": 0, "num_ooms": 0, "num_device_alloc": 16, "num_device_free": 0}}
checkpoint saved to benchmarks/results/persistent_options_20260910/device/triton_benchmark_data_dt_0.04_total_t_0.92_threshold_log_18.pkl
step 12/23: exp_val=0.8151603645869913 size=3549247
1976955 --> 3549247 Time taken: 0.04766861300049641 s Norm: 0.999931286316366
Avg throughput (# string / gate / s): 19765992373.01467
allocator: {"step": 12, "seconds": 0.04766861300049641, "live_rows": 3549247, "logical_bytes": 141969880, "backing_storage_bytes": 141969880, "counters": {"allocated_bytes.all.current": 142493696, "allocated_bytes.all.peak": 901225472, "requested_bytes.all.current": 141994432, "requested_bytes.all.peak": 900723980, "reserved_bytes.all.current": 1201668096, "reserved_bytes.all.peak": 1201668096, "inactive_split_bytes.all.current": 0, "inactive_split_bytes.all.peak": 0, "segment.all.current": 0, "segment.all.allocated": 0, "num_alloc_retries": 0, "num_ooms": 0, "num_device_alloc": 20, "num_device_free": 0}}
checkpoint saved to benchmarks/results/persistent_options_20260910/device/triton_benchmark_data_dt_0.04_total_t_0.92_threshold_log_18.pkl
step 13/23: exp_val=0.8141926215418307 size=6130432
3549247 --> 6130432 Time taken: 0.07693671600009111 s Norm: 0.9998624143359777
Avg throughput (# string / gate / s): 21451205033.212563
allocator: {"step": 13, "seconds": 0.07693671600009111, "live_rows": 6130432, "logical_bytes": 245217280, "backing_storage_bytes": 245217280, "counters": {"allocated_bytes.all.current": 245741056, "allocated_bytes.all.peak": 1590166528, "requested_bytes.all.current": 245241832, "requested_bytes.all.peak": 1589665228, "reserved_bytes.all.current": 1893728256, "reserved_bytes.all.peak": 1893728256, "inactive_split_bytes.all.current": 0, "inactive_split_bytes.all.peak": 0, "segment.all.current": 0, "segment.all.allocated": 0, "num_alloc_retries": 0, "num_ooms": 0, "num_device_alloc": 24, "num_device_free": 0}}
checkpoint saved to benchmarks/results/persistent_options_20260910/device/triton_benchmark_data_dt_0.04_total_t_0.92_threshold_log_18.pkl
step 14/23: exp_val=0.8154476441185619 size=10181702
6130432 --> 10181702 Time taken: 0.1284141650003221 s Norm: 0.9997402479810493
Avg throughput (# string / gate / s): 21658193603.43171
allocator: {"step": 14, "seconds": 0.1284141650003221, "live_rows": 10181702, "logical_bytes": 407268080, "backing_storage_bytes": 407268080, "counters": {"allocated_bytes.all.current": 407792640, "allocated_bytes.all.peak": 2337721856, "requested_bytes.all.current": 407292632, "requested_bytes.all.peak": 2337220228, "reserved_bytes.all.current": 2816475136, "reserved_bytes.all.peak": 2816475136, "inactive_split_bytes.all.current": 0, "inactive_split_bytes.all.peak": 0, "segment.all.current": 0, "segment.all.allocated": 0, "num_alloc_retries": 0, "num_ooms": 0, "num_device_alloc": 27, "num_device_free": 0}}
checkpoint saved to benchmarks/results/persistent_options_20260910/device/triton_benchmark_data_dt_0.04_total_t_0.92_threshold_log_18.pkl
step 15/23: exp_val=0.8203666324612635 size=16322811
10181702 --> 16322811 Time taken: 0.2115225620000274 s Norm: 0.9995340559197723
Avg throughput (# string / gate / s): 21364243245.594837
allocator: {"step": 15, "seconds": 0.2115225620000274, "live_rows": 16322811, "logical_bytes": 652912440, "backing_storage_bytes": 652912440, "counters": {"allocated_bytes.all.current": 653436416, "allocated_bytes.all.peak": 4521398784, "requested_bytes.all.current": 652936992, "requested_bytes.all.peak": 4520897204, "reserved_bytes.all.current": 4934598656, "reserved_bytes.all.peak": 4934598656, "inactive_split_bytes.all.current": 0, "inactive_split_bytes.all.peak": 0, "segment.all.current": 0, "segment.all.allocated": 0, "num_alloc_retries": 0, "num_ooms": 0, "num_device_alloc": 30, "num_device_free": 0}}
checkpoint saved to benchmarks/results/persistent_options_20260910/device/triton_benchmark_data_dt_0.04_total_t_0.92_threshold_log_18.pkl
step 16/23: exp_val=0.8280233077359688 size=25858045
16322811 --> 25858045 Time taken: 0.32469480599957024 s Norm: 0.9992001574003456
Avg throughput (# string / gate / s): 22149525693.396893
allocator: {"step": 16, "seconds": 0.32469480599957024, "live_rows": 25858045, "logical_bytes": 1034321800, "backing_storage_bytes": 1034321800, "counters": {"allocated_bytes.all.current": 1034845696, "allocated_bytes.all.peak": 6910271488, "requested_bytes.all.current": 1034346352, "requested_bytes.all.peak": 6909770356, "reserved_bytes.all.current": 9317646336, "reserved_bytes.all.peak": 9317646336, "inactive_split_bytes.all.current": 0, "inactive_split_bytes.all.peak": 0, "segment.all.current": 0, "segment.all.allocated": 0, "num_alloc_retries": 0, "num_ooms": 0, "num_device_alloc": 33, "num_device_free": 0}}
checkpoint saved to benchmarks/results/persistent_options_20260910/device/triton_benchmark_data_dt_0.04_total_t_0.92_threshold_log_18.pkl
step 17/23: exp_val=0.8367044405454915 size=39217720
25858045 --> 39217720 Time taken: 0.4878705519995492 s Norm: 0.9986757586046362
Avg throughput (# string / gate / s): 22742544896.438538
allocator: {"step": 17, "seconds": 0.4878705519995492, "live_rows": 39217720, "logical_bytes": 1568708800, "backing_storage_bytes": 1568708800, "counters": {"allocated_bytes.all.current": 1569232896, "allocated_bytes.all.peak": 9723262464, "requested_bytes.all.current": 1568733352, "requested_bytes.all.peak": 9722761996, "reserved_bytes.all.current": 13721665536, "reserved_bytes.all.peak": 13721665536, "inactive_split_bytes.all.current": 0, "inactive_split_bytes.all.peak": 0, "segment.all.current": 0, "segment.all.allocated": 0, "num_alloc_retries": 0, "num_ooms": 0, "num_device_alloc": 35, "num_device_free": 0}}
checkpoint saved to benchmarks/results/persistent_options_20260910/device/triton_benchmark_data_dt_0.04_total_t_0.92_threshold_log_18.pkl
step 18/23: exp_val=0.8444610679717854 size=56220919
39217720 --> 56220919 Time taken: 0.7139979779994974 s Norm: 0.9978860110571319
Avg throughput (# string / gate / s): 22790383797.853634
allocator: {"step": 18, "seconds": 0.7139979779994974, "live_rows": 56220919, "logical_bytes": 2248836760, "backing_storage_bytes": 2248836760, "counters": {"allocated_bytes.all.current": 2249360896, "allocated_bytes.all.peak": 15843000832, "requested_bytes.all.current": 2248861312, "requested_bytes.all.peak": 15842499300, "reserved_bytes.all.current": 19300089856, "reserved_bytes.all.peak": 19300089856, "inactive_split_bytes.all.current": 0, "inactive_split_bytes.all.peak": 0, "segment.all.current": 0, "segment.all.allocated": 0, "num_alloc_retries": 0, "num_ooms": 0, "num_device_alloc": 39, "num_device_free": 0}}
checkpoint saved to benchmarks/results/persistent_options_20260910/device/triton_benchmark_data_dt_0.04_total_t_0.92_threshold_log_18.pkl
step 19/23: exp_val=0.8492094770487932 size=76647324
56220919 --> 76647324 Time taken: 0.9867275090000476 s Norm: 0.9967600094854394
Avg throughput (# string / gate / s): 22958755304.651093
allocator: {"step": 19, "seconds": 0.9867275090000476, "live_rows": 76647324, "logical_bytes": 3065892960, "backing_storage_bytes": 3065892960, "counters": {"allocated_bytes.all.current": 3066417152, "allocated_bytes.all.peak": 21091362304, "requested_bytes.all.current": 3065917512, "requested_bytes.all.peak": 21090860940, "reserved_bytes.all.current": 27961327616, "reserved_bytes.all.peak": 27961327616, "inactive_split_bytes.all.current": 0, "inactive_split_bytes.all.peak": 0, "segment.all.current": 0, "segment.all.allocated": 0, "num_alloc_retries": 0, "num_ooms": 0, "num_device_alloc": 42, "num_device_free": 0}}
checkpoint saved to benchmarks/results/persistent_options_20260910/device/triton_benchmark_data_dt_0.04_total_t_0.92_threshold_log_18.pkl
step 20/23: exp_val=0.8506241991368322 size=101566136
76647324 --> 101566136 Time taken: 1.2846285939995141 s Norm: 0.9952369396750246
Avg throughput (# string / gate / s): 23653058223.93324
allocator: {"step": 20, "seconds": 1.2846285939995141, "live_rows": 101566136, "logical_bytes": 4062645440, "backing_storage_bytes": 4062645440, "counters": {"allocated_bytes.all.current": 4063169536, "allocated_bytes.all.peak": 23984349696, "requested_bytes.all.current": 4062669992, "requested_bytes.all.peak": 23983848140, "reserved_bytes.all.current": 35070672896, "reserved_bytes.all.peak": 35070672896, "inactive_split_bytes.all.current": 0, "inactive_split_bytes.all.peak": 0, "segment.all.current": 0, "segment.all.allocated": 0, "num_alloc_retries": 0, "num_ooms": 0, "num_device_alloc": 44, "num_device_free": 0}}
checkpoint saved to benchmarks/results/persistent_options_20260910/device/triton_benchmark_data_dt_0.04_total_t_0.92_threshold_log_18.pkl
step 21/23: exp_val=0.8507418674236679 size=133423815
101566136 --> 133423815 Time taken: 1.7339078590002828 s Norm: 0.9932426692811729
Avg throughput (# string / gate / s): 23107217859.08548
allocator: {"step": 21, "seconds": 1.7339078590002828, "live_rows": 133423815, "logical_bytes": 5336952600, "backing_storage_bytes": 5336952600, "counters": {"allocated_bytes.all.current": 5337477120, "allocated_bytes.all.peak": 32158292480, "requested_bytes.all.current": 5336977152, "requested_bytes.all.peak": 32157790788, "reserved_bytes.all.current": 44990201856, "reserved_bytes.all.peak": 44990201856, "inactive_split_bytes.all.current": 0, "inactive_split_bytes.all.peak": 0, "segment.all.current": 0, "segment.all.allocated": 0, "num_alloc_retries": 0, "num_ooms": 0, "num_device_alloc": 47, "num_device_free": 0}}
checkpoint saved to benchmarks/results/persistent_options_20260910/device/triton_benchmark_data_dt_0.04_total_t_0.92_threshold_log_18.pkl
step 22/23: exp_val=0.8485055402732969 size=173836555
133423815 --> 173836555 Time taken: 2.1605555090000053 s Norm: 0.99065323510181
Avg throughput (# string / gate / s): 24247418252.747086
allocator: {"step": 22, "seconds": 2.1605555090000053, "live_rows": 173836555, "logical_bytes": 6953462200, "backing_storage_bytes": 6953462200, "counters": {"allocated_bytes.all.current": 6953986560, "allocated_bytes.all.peak": 40846857728, "requested_bytes.all.current": 6953486752, "requested_bytes.all.peak": 40846356108, "reserved_bytes.all.current": 53735325696, "reserved_bytes.all.peak": 53735325696, "inactive_split_bytes.all.current": 0, "inactive_split_bytes.all.peak": 0, "segment.all.current": 0, "segment.all.allocated": 0, "num_alloc_retries": 0, "num_ooms": 0, "num_device_alloc": 50, "num_device_free": 0}}
checkpoint saved to benchmarks/results/persistent_options_20260910/device/triton_benchmark_data_dt_0.04_total_t_0.92_threshold_log_18.pkl
step 23/23: exp_val=0.846651058594837 size=221899620
173836555 --> 221899620 Time taken: 2.811978824000107 s Norm: 0.9873090532359033
Avg throughput (# string / gate / s): 23994852756.934357
allocator: {"step": 23, "seconds": 2.811978824000107, "live_rows": 221899620, "logical_bytes": 8875984800, "backing_storage_bytes": 8875984800, "counters": {"allocated_bytes.all.current": 8876509184, "allocated_bytes.all.peak": 54850646528, "requested_bytes.all.current": 8876009352, "requested_bytes.all.peak": 54850144764, "reserved_bytes.all.current": 71540146176, "reserved_bytes.all.peak": 71540146176, "inactive_split_bytes.all.current": 0, "inactive_split_bytes.all.peak": 0, "segment.all.current": 0, "segment.all.allocated": 0, "num_alloc_retries": 0, "num_ooms": 0, "num_device_alloc": 52, "num_device_free": 0}}
checkpoint saved to benchmarks/results/persistent_options_20260910/device/triton_benchmark_data_dt_0.04_total_t_0.92_threshold_log_18.pkl
Wrote benchmark data to benchmarks/results/persistent_options_20260910/device/triton_benchmark_data_dt_0.04_total_t_0.92_threshold_log_18.pkl
final results = [1.0, 0.9872680689481184, 0.9527802865260726, 0.9061848081047893, 0.859518323777968, 0.8231021472627669, 0.8023600634140252, 0.7966507053448577, 0.8007972470919499, 0.8081610177151826, 0.8139538929652542, 0.8160403794848188, 0.8151603645869913, 0.8141926215418307, 0.8154476441185619, 0.8203666324612635, 0.8280233077359688, 0.8367044405454915, 0.8444610679717854, 0.8492094770487932, 0.8506241991368322, 0.8507418674236679, 0.8485055402732969, 0.846651058594837]
