Running 23 steps on 11x11 OBC lattice with backend=triton, precision=double
dt=0.04, total_t=0.92, threshold=3.814697265625e-06, max_num_str=1000000000
per-step gate count=341
Triton timing mode: warm one pass per step; synchronized second pass
initial observable expectation=1.0 size=1
step 1/23: exp_val=0.9872680689481184 size=106
initial --> 106 Time taken: 0.02944623999974283 s Norm: 0.9999999999784838
allocator: {"step": 1, "seconds": 0.02944623999974283, "live_rows": 106, "logical_bytes": 4240, "backing_storage_bytes": 4240, "counters": {"allocated_bytes.all.current": 528384, "allocated_bytes.all.peak": 549888, "requested_bytes.all.current": 28792, "requested_bytes.all.peak": 47140, "reserved_bytes.all.current": 2097152, "reserved_bytes.all.peak": 2097152, "inactive_split_bytes.all.current": 0, "inactive_split_bytes.all.peak": 0, "segment.all.current": 0, "segment.all.allocated": 0, "num_alloc_retries": 0, "num_ooms": 0, "num_device_alloc": 1, "num_device_free": 0}}
checkpoint saved to benchmarks/results/persistent_options_20260910/inverted+local+fingerprint/triton_benchmark_data_dt_0.04_total_t_0.92_threshold_log_18.pkl
step 2/23: exp_val=0.9527802865260725 size=853
106 --> 853 Time taken: 0.02560426499985624 s Norm: 0.9999999981639017
Avg throughput (# string / gate / s): 6386025.921889109
allocator: {"step": 2, "seconds": 0.02560426499985624, "live_rows": 853, "logical_bytes": 34120, "backing_storage_bytes": 34120, "counters": {"allocated_bytes.all.current": 558592, "allocated_bytes.all.peak": 738816, "requested_bytes.all.current": 58672, "requested_bytes.all.peak": 237020, "reserved_bytes.all.current": 2097152, "reserved_bytes.all.peak": 2097152, "inactive_split_bytes.all.current": 0, "inactive_split_bytes.all.peak": 0, "segment.all.current": 0, "segment.all.allocated": 0, "num_alloc_retries": 0, "num_ooms": 0, "num_device_alloc": 1, "num_device_free": 0}}
checkpoint saved to benchmarks/results/persistent_options_20260910/inverted+local+fingerprint/triton_benchmark_data_dt_0.04_total_t_0.92_threshold_log_18.pkl
step 3/23: exp_val=0.9061848081047894 size=2542
853 --> 2542 Time taken: 0.027803139000752708 s Norm: 0.999999990348529
Avg throughput (# string / gate / s): 20819501.711095605
allocator: {"step": 3, "seconds": 0.027803139000752708, "live_rows": 2542, "logical_bytes": 101680, "backing_storage_bytes": 101680, "counters": {"allocated_bytes.all.current": 625664, "allocated_bytes.all.peak": 1122816, "requested_bytes.all.current": 126232, "requested_bytes.all.peak": 619984, "reserved_bytes.all.current": 2097152, "reserved_bytes.all.peak": 2097152, "inactive_split_bytes.all.current": 0, "inactive_split_bytes.all.peak": 0, "segment.all.current": 0, "segment.all.allocated": 0, "num_alloc_retries": 0, "num_ooms": 0, "num_device_alloc": 1, "num_device_free": 0}}
checkpoint saved to benchmarks/results/persistent_options_20260910/inverted+local+fingerprint/triton_benchmark_data_dt_0.04_total_t_0.92_threshold_log_18.pkl
step 4/23: exp_val=0.859518323777968 size=6896
2542 --> 6896 Time taken: 0.02943084100024862 s Norm: 0.9999999574838113
Avg throughput (# string / gate / s): 54676623.069874436
allocator: {"step": 4, "seconds": 0.02943084100024862, "live_rows": 6896, "logical_bytes": 275840, "backing_storage_bytes": 275840, "counters": {"allocated_bytes.all.current": 799744, "allocated_bytes.all.peak": 2222080, "requested_bytes.all.current": 300392, "requested_bytes.all.peak": 1720568, "reserved_bytes.all.current": 4194304, "reserved_bytes.all.peak": 4194304, "inactive_split_bytes.all.current": 0, "inactive_split_bytes.all.peak": 0, "segment.all.current": 0, "segment.all.allocated": 0, "num_alloc_retries": 0, "num_ooms": 0, "num_device_alloc": 2, "num_device_free": 0}}
checkpoint saved to benchmarks/results/persistent_options_20260910/inverted+local+fingerprint/triton_benchmark_data_dt_0.04_total_t_0.92_threshold_log_18.pkl
step 5/23: exp_val=0.8231021472627669 size=17890
6896 --> 17890 Time taken: 0.02974718500081508 s Norm: 0.9999998707879175
Avg throughput (# string / gate / s): 142064299.5256259
allocator: {"step": 5, "seconds": 0.02974718500081508, "live_rows": 17890, "logical_bytes": 715600, "backing_storage_bytes": 715600, "counters": {"allocated_bytes.all.current": 1240064, "allocated_bytes.all.peak": 5289984, "requested_bytes.all.current": 740152, "requested_bytes.all.peak": 4787996, "reserved_bytes.all.current": 25165824, "reserved_bytes.all.peak": 25165824, "inactive_split_bytes.all.current": 0, "inactive_split_bytes.all.peak": 0, "segment.all.current": 0, "segment.all.allocated": 0, "num_alloc_retries": 0, "num_ooms": 0, "num_device_alloc": 3, "num_device_free": 0}}
checkpoint saved to benchmarks/results/persistent_options_20260910/inverted+local+fingerprint/triton_benchmark_data_dt_0.04_total_t_0.92_threshold_log_18.pkl
step 6/23: exp_val=0.8023600634140253 size=45249
17890 --> 45249 Time taken: 0.031910231000438216 s Norm: 0.9999996255342497
Avg throughput (# string / gate / s): 337358870.8853961
allocator: {"step": 6, "seconds": 0.031910231000438216, "live_rows": 45249, "logical_bytes": 1809960, "backing_storage_bytes": 1809960, "counters": {"allocated_bytes.all.current": 2334720, "allocated_bytes.all.peak": 12571136, "requested_bytes.all.current": 1834512, "requested_bytes.all.peak": 12068776, "reserved_bytes.all.current": 27262976, "reserved_bytes.all.peak": 27262976, "inactive_split_bytes.all.current": 0, "inactive_split_bytes.all.peak": 0, "segment.all.current": 0, "segment.all.allocated": 0, "num_alloc_retries": 0, "num_ooms": 0, "num_device_alloc": 4, "num_device_free": 0}}
checkpoint saved to benchmarks/results/persistent_options_20260910/inverted+local+fingerprint/triton_benchmark_data_dt_0.04_total_t_0.92_threshold_log_18.pkl
step 7/23: exp_val=0.7966507053448578 size=105972
45249 --> 105972 Time taken: 0.032524391999686486 s Norm: 0.9999989908817499
Avg throughput (# string / gate / s): 792733665.8667911
allocator: {"step": 7, "seconds": 0.032524391999686486, "live_rows": 105972, "logical_bytes": 4238880, "backing_storage_bytes": 4238880, "counters": {"allocated_bytes.all.current": 4763136, "allocated_bytes.all.peak": 30417408, "requested_bytes.all.current": 4263432, "requested_bytes.all.peak": 29914632, "reserved_bytes.all.current": 48234496, "reserved_bytes.all.peak": 48234496, "inactive_split_bytes.all.current": 0, "inactive_split_bytes.all.peak": 0, "segment.all.current": 0, "segment.all.allocated": 0, "num_alloc_retries": 0, "num_ooms": 0, "num_device_alloc": 5, "num_device_free": 0}}
checkpoint saved to benchmarks/results/persistent_options_20260910/inverted+local+fingerprint/triton_benchmark_data_dt_0.04_total_t_0.92_threshold_log_18.pkl
step 8/23: exp_val=0.8007972470919498 size=228871
105972 --> 228871 Time taken: 0.03459903800012398 s Norm: 0.9999973061599748
Avg throughput (# string / gate / s): 1650067019.198494
allocator: {"step": 8, "seconds": 0.03459903800012398, "live_rows": 228871, "logical_bytes": 9154840, "backing_storage_bytes": 9154840, "counters": {"allocated_bytes.all.current": 9679360, "allocated_bytes.all.peak": 57490944, "requested_bytes.all.current": 9179392, "requested_bytes.all.peak": 56990296, "reserved_bytes.all.current": 90177536, "reserved_bytes.all.peak": 90177536, "inactive_split_bytes.all.current": 0, "inactive_split_bytes.all.peak": 0, "segment.all.current": 0, "segment.all.allocated": 0, "num_alloc_retries": 0, "num_ooms": 0, "num_device_alloc": 7, "num_device_free": 0}}
checkpoint saved to benchmarks/results/persistent_options_20260910/inverted+local+fingerprint/triton_benchmark_data_dt_0.04_total_t_0.92_threshold_log_18.pkl
step 9/23: exp_val=0.8081610177151825 size=487404
228871 --> 487404 Time taken: 0.0352851190000365 s Norm: 0.9999934550044425
Avg throughput (# string / gate / s): 3461087590.4903045
allocator: {"step": 9, "seconds": 0.0352851190000365, "live_rows": 487404, "logical_bytes": 19496160, "backing_storage_bytes": 19496160, "counters": {"allocated_bytes.all.current": 20020224, "allocated_bytes.all.peak": 130156032, "requested_bytes.all.current": 19520712, "requested_bytes.all.peak": 129654144, "reserved_bytes.all.current": 174063616, "reserved_bytes.all.peak": 174063616, "inactive_split_bytes.all.current": 0, "inactive_split_bytes.all.peak": 0, "segment.all.current": 0, "segment.all.allocated": 0, "num_alloc_retries": 0, "num_ooms": 0, "num_device_alloc": 10, "num_device_free": 0}}
checkpoint saved to benchmarks/results/persistent_options_20260910/inverted+local+fingerprint/triton_benchmark_data_dt_0.04_total_t_0.92_threshold_log_18.pkl
step 10/23: exp_val=0.8139538929652543 size=994285
487404 --> 994285 Time taken: 0.038659501999973145 s Norm: 0.999984963484898
Avg throughput (# string / gate / s): 6534692932.676046
allocator: {"step": 10, "seconds": 0.038659501999973145, "live_rows": 994285, "logical_bytes": 39771400, "backing_storage_bytes": 39771400, "counters": {"allocated_bytes.all.current": 40295424, "allocated_bytes.all.peak": 268121600, "requested_bytes.all.current": 39795952, "requested_bytes.all.peak": 267620468, "reserved_bytes.all.current": 320864256, "reserved_bytes.all.peak": 320864256, "inactive_split_bytes.all.current": 0, "inactive_split_bytes.all.peak": 0, "segment.all.current": 0, "segment.all.allocated": 0, "num_alloc_retries": 0, "num_ooms": 0, "num_device_alloc": 12, "num_device_free": 0}}
checkpoint saved to benchmarks/results/persistent_options_20260910/inverted+local+fingerprint/triton_benchmark_data_dt_0.04_total_t_0.92_threshold_log_18.pkl
step 11/23: exp_val=0.8160403794848189 size=1976955
994285 --> 1976955 Time taken: 0.04372173800038581 s Norm: 0.9999673017535258
Avg throughput (# string / gate / s): 11586831703.614565
allocator: {"step": 11, "seconds": 0.04372173800038581, "live_rows": 1976955, "logical_bytes": 79078200, "backing_storage_bytes": 79078200, "counters": {"allocated_bytes.all.current": 79602176, "allocated_bytes.all.peak": 503788032, "requested_bytes.all.current": 79102752, "requested_bytes.all.peak": 503285328, "reserved_bytes.all.current": 656408576, "reserved_bytes.all.peak": 656408576, "inactive_split_bytes.all.current": 0, "inactive_split_bytes.all.peak": 0, "segment.all.current": 0, "segment.all.allocated": 0, "num_alloc_retries": 0, "num_ooms": 0, "num_device_alloc": 15, "num_device_free": 0}}
checkpoint saved to benchmarks/results/persistent_options_20260910/inverted+local+fingerprint/triton_benchmark_data_dt_0.04_total_t_0.92_threshold_log_18.pkl
step 12/23: exp_val=0.8151603645869913 size=3549247
1976955 --> 3549247 Time taken: 0.05269538999982615 s Norm: 0.999931286316366
Avg throughput (# string / gate / s): 17880452939.111156
allocator: {"step": 12, "seconds": 0.05269538999982615, "live_rows": 3549247, "logical_bytes": 141969880, "backing_storage_bytes": 141969880, "counters": {"allocated_bytes.all.current": 142493696, "allocated_bytes.all.peak": 974885888, "requested_bytes.all.current": 141994432, "requested_bytes.all.peak": 974384224, "reserved_bytes.all.current": 1243611136, "reserved_bytes.all.peak": 1243611136, "inactive_split_bytes.all.current": 0, "inactive_split_bytes.all.peak": 0, "segment.all.current": 0, "segment.all.allocated": 0, "num_alloc_retries": 0, "num_ooms": 0, "num_device_alloc": 20, "num_device_free": 0}}
checkpoint saved to benchmarks/results/persistent_options_20260910/inverted+local+fingerprint/triton_benchmark_data_dt_0.04_total_t_0.92_threshold_log_18.pkl
step 13/23: exp_val=0.8141926215418307 size=6130432
3549247 --> 6130432 Time taken: 0.06642044999989594 s Norm: 0.9998624143359777
Avg throughput (# string / gate / s): 24847547246.406578
allocator: {"step": 13, "seconds": 0.06642044999989594, "live_rows": 6130432, "logical_bytes": 245217280, "backing_storage_bytes": 245217280, "counters": {"allocated_bytes.all.current": 245741056, "allocated_bytes.all.peak": 1711615488, "requested_bytes.all.current": 245241832, "requested_bytes.all.peak": 1711114208, "reserved_bytes.all.current": 2334130176, "reserved_bytes.all.peak": 2334130176, "inactive_split_bytes.all.current": 0, "inactive_split_bytes.all.peak": 0, "segment.all.current": 0, "segment.all.allocated": 0, "num_alloc_retries": 0, "num_ooms": 0, "num_device_alloc": 24, "num_device_free": 0}}
checkpoint saved to benchmarks/results/persistent_options_20260910/inverted+local+fingerprint/triton_benchmark_data_dt_0.04_total_t_0.92_threshold_log_18.pkl
step 14/23: exp_val=0.8154476441185619 size=10181702
6130432 --> 10181702 Time taken: 0.09061237400055688 s Norm: 0.9997402479810493
Avg throughput (# string / gate / s): 30693587687.956474
allocator: {"step": 14, "seconds": 0.09061237400055688, "live_rows": 10181702, "logical_bytes": 407268080, "backing_storage_bytes": 407268080, "counters": {"allocated_bytes.all.current": 407792640, "allocated_bytes.all.peak": 2957150720, "requested_bytes.all.current": 407292632, "requested_bytes.all.peak": 2956649240, "reserved_bytes.all.current": 3571449856, "reserved_bytes.all.peak": 3571449856, "inactive_split_bytes.all.current": 0, "inactive_split_bytes.all.peak": 0, "segment.all.current": 0, "segment.all.allocated": 0, "num_alloc_retries": 0, "num_ooms": 0, "num_device_alloc": 26, "num_device_free": 0}}
checkpoint saved to benchmarks/results/persistent_options_20260910/inverted+local+fingerprint/triton_benchmark_data_dt_0.04_total_t_0.92_threshold_log_18.pkl
step 15/23: exp_val=0.8203666324612634 size=16322811
10181702 --> 16322811 Time taken: 0.13452514599975984 s Norm: 0.9995340559197723
Avg throughput (# string / gate / s): 33592377342.657314
allocator: {"step": 15, "seconds": 0.13452514599975984, "live_rows": 16322811, "logical_bytes": 652912440, "backing_storage_bytes": 652912440, "counters": {"allocated_bytes.all.current": 653436416, "allocated_bytes.all.peak": 4713034752, "requested_bytes.all.current": 652936992, "requested_bytes.all.peak": 4712533376, "reserved_bytes.all.current": 6843006976, "reserved_bytes.all.peak": 6843006976, "inactive_split_bytes.all.current": 0, "inactive_split_bytes.all.peak": 0, "segment.all.current": 0, "segment.all.allocated": 0, "num_alloc_retries": 0, "num_ooms": 0, "num_device_alloc": 30, "num_device_free": 0}}
checkpoint saved to benchmarks/results/persistent_options_20260910/inverted+local+fingerprint/triton_benchmark_data_dt_0.04_total_t_0.92_threshold_log_18.pkl
step 16/23: exp_val=0.8280233077359688 size=25858045
16322811 --> 25858045 Time taken: 0.17309655100052623 s Norm: 0.9992001574003456
Avg throughput (# string / gate / s): 41548118125.00028
allocator: {"step": 16, "seconds": 0.17309655100052623, "live_rows": 25858045, "logical_bytes": 1034321800, "backing_storage_bytes": 1034321800, "counters": {"allocated_bytes.all.current": 1034845696, "allocated_bytes.all.peak": 7381447680, "requested_bytes.all.current": 1034346352, "requested_bytes.all.peak": 7380946568, "reserved_bytes.all.current": 7723810816, "reserved_bytes.all.peak": 7723810816, "inactive_split_bytes.all.current": 0, "inactive_split_bytes.all.peak": 0, "segment.all.current": 0, "segment.all.allocated": 0, "num_alloc_retries": 0, "num_ooms": 0, "num_device_alloc": 33, "num_device_free": 0}}
checkpoint saved to benchmarks/results/persistent_options_20260910/inverted+local+fingerprint/triton_benchmark_data_dt_0.04_total_t_0.92_threshold_log_18.pkl
step 17/23: exp_val=0.8367044405454915 size=39217720
25858045 --> 39217720 Time taken: 0.2524283330003527 s Norm: 0.9986757586046362
Avg throughput (# string / gate / s): 43954724894.07319
allocator: {"step": 17, "seconds": 0.2524283330003527, "live_rows": 39217720, "logical_bytes": 1568708800, "backing_storage_bytes": 1568708800, "counters": {"allocated_bytes.all.current": 1569232896, "allocated_bytes.all.peak": 11560967168, "requested_bytes.all.current": 1568733352, "requested_bytes.all.peak": 11560466636, "reserved_bytes.all.current": 13218349056, "reserved_bytes.all.peak": 13218349056, "inactive_split_bytes.all.current": 0, "inactive_split_bytes.all.peak": 0, "segment.all.current": 0, "segment.all.allocated": 0, "num_alloc_retries": 0, "num_ooms": 0, "num_device_alloc": 38, "num_device_free": 0}}
checkpoint saved to benchmarks/results/persistent_options_20260910/inverted+local+fingerprint/triton_benchmark_data_dt_0.04_total_t_0.92_threshold_log_18.pkl
step 18/23: exp_val=0.8444610679717854 size=56220919
39217720 --> 56220919 Time taken: 0.364839320000101 s Norm: 0.9978860110571319
Avg throughput (# string / gate / s): 44601245144.01434
allocator: {"step": 18, "seconds": 0.364839320000101, "live_rows": 56220919, "logical_bytes": 2248836760, "backing_storage_bytes": 2248836760, "counters": {"allocated_bytes.all.current": 2249360896, "allocated_bytes.all.peak": 16621137920, "requested_bytes.all.current": 2248861312, "requested_bytes.all.peak": 16620636108, "reserved_bytes.all.current": 24501026816, "reserved_bytes.all.peak": 24501026816, "inactive_split_bytes.all.current": 0, "inactive_split_bytes.all.peak": 0, "segment.all.current": 0, "segment.all.allocated": 0, "num_alloc_retries": 0, "num_ooms": 0, "num_device_alloc": 41, "num_device_free": 0}}
checkpoint saved to benchmarks/results/persistent_options_20260910/inverted+local+fingerprint/triton_benchmark_data_dt_0.04_total_t_0.92_threshold_log_18.pkl
step 19/23: exp_val=0.8492094770487932 size=76647324
56220919 --> 76647324 Time taken: 0.5111724049993427 s Norm: 0.9967600094854395
Avg throughput (# string / gate / s): 44317798085.22553
allocator: {"step": 19, "seconds": 0.5111724049993427, "live_rows": 76647324, "logical_bytes": 3065892960, "backing_storage_bytes": 3065892960, "counters": {"allocated_bytes.all.current": 3066417152, "allocated_bytes.all.peak": 22896227840, "requested_bytes.all.current": 3065917512, "requested_bytes.all.peak": 22895725280, "reserved_bytes.all.current": 29219618816, "reserved_bytes.all.peak": 29219618816, "inactive_split_bytes.all.current": 0, "inactive_split_bytes.all.peak": 0, "segment.all.current": 0, "segment.all.allocated": 0, "num_alloc_retries": 0, "num_ooms": 0, "num_device_alloc": 43, "num_device_free": 0}}
checkpoint saved to benchmarks/results/persistent_options_20260910/inverted+local+fingerprint/triton_benchmark_data_dt_0.04_total_t_0.92_threshold_log_18.pkl
step 20/23: exp_val=0.8506241991368324 size=101566136
76647324 --> 101566136 Time taken: 0.6338983080004255 s Norm: 0.9952369396750247
Avg throughput (# string / gate / s): 47934178947.16893
allocator: {"step": 20, "seconds": 0.6338983080004255, "live_rows": 101566136, "logical_bytes": 4062645440, "backing_storage_bytes": 4062645440, "counters": {"allocated_bytes.all.current": 4063169536, "allocated_bytes.all.peak": 29811817984, "requested_bytes.all.current": 4062669992, "requested_bytes.all.peak": 29811316908, "reserved_bytes.all.current": 39285948416, "reserved_bytes.all.peak": 39285948416, "inactive_split_bytes.all.current": 0, "inactive_split_bytes.all.peak": 0, "segment.all.current": 0, "segment.all.allocated": 0, "num_alloc_retries": 0, "num_ooms": 0, "num_device_alloc": 46, "num_device_free": 0}}
checkpoint saved to benchmarks/results/persistent_options_20260910/inverted+local+fingerprint/triton_benchmark_data_dt_0.04_total_t_0.92_threshold_log_18.pkl
step 21/23: exp_val=0.850741867423668 size=133423815
101566136 --> 133423815 Time taken: 0.9463268780000362 s Norm: 0.9932426692811729
Avg throughput (# string / gate / s): 42338210587.63003
allocator: {"step": 21, "seconds": 0.9463268780000362, "live_rows": 133423815, "logical_bytes": 5336952600, "backing_storage_bytes": 5336952600, "counters": {"allocated_bytes.all.current": 5337477120, "allocated_bytes.all.peak": 39048144384, "requested_bytes.all.current": 5336977152, "requested_bytes.all.peak": 39047642372, "reserved_bytes.all.current": 57426313216, "reserved_bytes.all.peak": 57426313216, "inactive_split_bytes.all.current": 0, "inactive_split_bytes.all.peak": 0, "segment.all.current": 0, "segment.all.allocated": 0, "num_alloc_retries": 0, "num_ooms": 0, "num_device_alloc": 49, "num_device_free": 0}}
checkpoint saved to benchmarks/results/persistent_options_20260910/inverted+local+fingerprint/triton_benchmark_data_dt_0.04_total_t_0.92_threshold_log_18.pkl
step 22/23: exp_val=0.8485055402732968 size=173836555
133423815 --> 173836555 Time taken: 1.1029048820000753 s Norm: 0.9906532351018101
Avg throughput (# string / gate / s): 47499919476.2803
allocator: {"step": 22, "seconds": 1.1029048820000753, "live_rows": 173836555, "logical_bytes": 6953462200, "backing_storage_bytes": 6953462200, "counters": {"allocated_bytes.all.current": 6953986560, "allocated_bytes.all.peak": 51578151936, "requested_bytes.all.current": 6953486752, "requested_bytes.all.peak": 51577649876, "reserved_bytes.all.current": 75839307776, "reserved_bytes.all.peak": 75839307776, "inactive_split_bytes.all.current": 0, "inactive_split_bytes.all.peak": 0, "segment.all.current": 0, "segment.all.allocated": 0, "num_alloc_retries": 0, "num_ooms": 0, "num_device_alloc": 51, "num_device_free": 0}}
checkpoint saved to benchmarks/results/persistent_options_20260910/inverted+local+fingerprint/triton_benchmark_data_dt_0.04_total_t_0.92_threshold_log_18.pkl
step 23/23: exp_val=0.846651058594837 size=221899620
173836555 --> 221899620 Time taken: 1.348022963999938 s Norm: 0.9873090532359033
Avg throughput (# string / gate / s): 50053314846.57342
allocator: {"step": 23, "seconds": 1.348022963999938, "live_rows": 221899620, "logical_bytes": 8875984800, "backing_storage_bytes": 8875984800, "counters": {"allocated_bytes.all.current": 8876509184, "allocated_bytes.all.peak": 64670180352, "requested_bytes.all.current": 8876009352, "requested_bytes.all.peak": 64669678228, "reserved_bytes.all.current": 75839307776, "reserved_bytes.all.peak": 75839307776, "inactive_split_bytes.all.current": 0, "inactive_split_bytes.all.peak": 0, "segment.all.current": 0, "segment.all.allocated": 0, "num_alloc_retries": 0, "num_ooms": 0, "num_device_alloc": 51, "num_device_free": 0}}
checkpoint saved to benchmarks/results/persistent_options_20260910/inverted+local+fingerprint/triton_benchmark_data_dt_0.04_total_t_0.92_threshold_log_18.pkl
Wrote benchmark data to benchmarks/results/persistent_options_20260910/inverted+local+fingerprint/triton_benchmark_data_dt_0.04_total_t_0.92_threshold_log_18.pkl
final results = [1.0, 0.9872680689481184, 0.9527802865260725, 0.9061848081047894, 0.859518323777968, 0.8231021472627669, 0.8023600634140253, 0.7966507053448578, 0.8007972470919498, 0.8081610177151825, 0.8139538929652543, 0.8160403794848189, 0.8151603645869913, 0.8141926215418307, 0.8154476441185619, 0.8203666324612634, 0.8280233077359688, 0.8367044405454915, 0.8444610679717854, 0.8492094770487932, 0.8506241991368324, 0.850741867423668, 0.8485055402732968, 0.846651058594837]
