Running 23 steps on 11x11 OBC lattice with backend=triton, precision=double
dt=0.04, total_t=0.92, threshold=3.814697265625e-06, max_num_str=1000000000
per-step gate count=341
Triton timing mode: warm one pass per step; synchronized second pass
initial observable expectation=1.0 size=1
step 1/23: exp_val=0.9872680689481184 size=106
initial --> 106 Time taken: 0.03195843399998921 s Norm: 0.9999999999784837
allocator: {"step": 1, "seconds": 0.03195843399998921, "live_rows": 106, "logical_bytes": 4240, "backing_storage_bytes": 8480, "counters": {"allocated_bytes.all.current": 358400, "allocated_bytes.all.peak": 370176, "requested_bytes.all.current": 27576, "requested_bytes.all.peak": 37124, "reserved_bytes.all.current": 2097152, "reserved_bytes.all.peak": 2097152, "inactive_split_bytes.all.current": 0, "inactive_split_bytes.all.peak": 0, "segment.all.current": 0, "segment.all.allocated": 0, "num_alloc_retries": 0, "num_ooms": 0, "num_device_alloc": 1, "num_device_free": 0}}
checkpoint saved to benchmarks/results/forward_profile_20260910/baseline/triton_benchmark_data_dt_0.04_total_t_0.92_threshold_log_18.pkl
step 2/23: exp_val=0.9527802865260725 size=853
106 --> 853 Time taken: 0.031929835000028106 s Norm: 0.9999999981639017
Avg throughput (# string / gate / s): 5120900.248931949
allocator: {"step": 2, "seconds": 0.031929835000028106, "live_rows": 853, "logical_bytes": 34120, "backing_storage_bytes": 68240, "counters": {"allocated_bytes.all.current": 417792, "allocated_bytes.all.peak": 504320, "requested_bytes.all.current": 87336, "requested_bytes.all.peak": 172252, "reserved_bytes.all.current": 2097152, "reserved_bytes.all.peak": 2097152, "inactive_split_bytes.all.current": 0, "inactive_split_bytes.all.peak": 0, "segment.all.current": 0, "segment.all.allocated": 0, "num_alloc_retries": 0, "num_ooms": 0, "num_device_alloc": 1, "num_device_free": 0}}
checkpoint saved to benchmarks/results/forward_profile_20260910/baseline/triton_benchmark_data_dt_0.04_total_t_0.92_threshold_log_18.pkl
step 3/23: exp_val=0.9061848081047893 size=2542
853 --> 2542 Time taken: 0.03260247100001834 s Norm: 0.999999990348529
Avg throughput (# string / gate / s): 17754712.51855954
allocator: {"step": 3, "seconds": 0.03260247100001834, "live_rows": 2542, "logical_bytes": 101680, "backing_storage_bytes": 203360, "counters": {"allocated_bytes.all.current": 552960, "allocated_bytes.all.peak": 858624, "requested_bytes.all.current": 222456, "requested_bytes.all.peak": 526828, "reserved_bytes.all.current": 2097152, "reserved_bytes.all.peak": 2097152, "inactive_split_bytes.all.current": 0, "inactive_split_bytes.all.peak": 0, "segment.all.current": 0, "segment.all.allocated": 0, "num_alloc_retries": 0, "num_ooms": 0, "num_device_alloc": 1, "num_device_free": 0}}
checkpoint saved to benchmarks/results/forward_profile_20260910/baseline/triton_benchmark_data_dt_0.04_total_t_0.92_threshold_log_18.pkl
step 4/23: exp_val=0.859518323777968 size=6896
2542 --> 6896 Time taken: 0.0339359519999789 s Norm: 0.9999999574838113
Avg throughput (# string / gate / s): 47418118.69609553
allocator: {"step": 4, "seconds": 0.0339359519999789, "live_rows": 6896, "logical_bytes": 275840, "backing_storage_bytes": 551680, "counters": {"allocated_bytes.all.current": 901120, "allocated_bytes.all.peak": 1722880, "requested_bytes.all.current": 570776, "requested_bytes.all.peak": 1391356, "reserved_bytes.all.current": 4194304, "reserved_bytes.all.peak": 4194304, "inactive_split_bytes.all.current": 0, "inactive_split_bytes.all.peak": 0, "segment.all.current": 0, "segment.all.allocated": 0, "num_alloc_retries": 0, "num_ooms": 0, "num_device_alloc": 2, "num_device_free": 0}}
checkpoint saved to benchmarks/results/forward_profile_20260910/baseline/triton_benchmark_data_dt_0.04_total_t_0.92_threshold_log_18.pkl
step 5/23: exp_val=0.8231021472627669 size=17890
6896 --> 17890 Time taken: 0.03197871400004715 s Norm: 0.9999998707879175
Avg throughput (# string / gate / s): 132150811.31760862
allocator: {"step": 5, "seconds": 0.03197871400004715, "live_rows": 17890, "logical_bytes": 715600, "backing_storage_bytes": 1431200, "counters": {"allocated_bytes.all.current": 1781248, "allocated_bytes.all.peak": 4027904, "requested_bytes.all.current": 1450296, "requested_bytes.all.peak": 3695324, "reserved_bytes.all.current": 27262976, "reserved_bytes.all.peak": 27262976, "inactive_split_bytes.all.current": 0, "inactive_split_bytes.all.peak": 0, "segment.all.current": 0, "segment.all.allocated": 0, "num_alloc_retries": 0, "num_ooms": 0, "num_device_alloc": 4, "num_device_free": 0}}
checkpoint saved to benchmarks/results/forward_profile_20260910/baseline/triton_benchmark_data_dt_0.04_total_t_0.92_threshold_log_18.pkl
step 6/23: exp_val=0.8023600634140252 size=45249
17890 --> 45249 Time taken: 0.0422002049999719 s Norm: 0.9999996255342496
Avg throughput (# string / gate / s): 255098274.99670127
allocator: {"step": 6, "seconds": 0.0422002049999719, "live_rows": 45249, "logical_bytes": 1809960, "backing_storage_bytes": 3619920, "counters": {"allocated_bytes.all.current": 3970048, "allocated_bytes.all.peak": 9547776, "requested_bytes.all.current": 3639016, "requested_bytes.all.peak": 9214428, "reserved_bytes.all.current": 27262976, "reserved_bytes.all.peak": 27262976, "inactive_split_bytes.all.current": 0, "inactive_split_bytes.all.peak": 0, "segment.all.current": 0, "segment.all.allocated": 0, "num_alloc_retries": 0, "num_ooms": 0, "num_device_alloc": 4, "num_device_free": 0}}
checkpoint saved to benchmarks/results/forward_profile_20260910/baseline/triton_benchmark_data_dt_0.04_total_t_0.92_threshold_log_18.pkl
step 7/23: exp_val=0.7966507053448578 size=105972
45249 --> 105972 Time taken: 0.036241571000005024 s Norm: 0.9999989908817499
Avg throughput (# string / gate / s): 711425575.342648
allocator: {"step": 7, "seconds": 0.036241571000005024, "live_rows": 105972, "logical_bytes": 4238880, "backing_storage_bytes": 8477760, "counters": {"allocated_bytes.all.current": 8827392, "allocated_bytes.all.peak": 21975552, "requested_bytes.all.current": 8496856, "requested_bytes.all.peak": 21643116, "reserved_bytes.all.current": 48234496, "reserved_bytes.all.peak": 48234496, "inactive_split_bytes.all.current": 0, "inactive_split_bytes.all.peak": 0, "segment.all.current": 0, "segment.all.allocated": 0, "num_alloc_retries": 0, "num_ooms": 0, "num_device_alloc": 5, "num_device_free": 0}}
checkpoint saved to benchmarks/results/forward_profile_20260910/baseline/triton_benchmark_data_dt_0.04_total_t_0.92_threshold_log_18.pkl
step 8/23: exp_val=0.8007972470919498 size=228871
105972 --> 228871 Time taken: 0.04097635100004027 s Norm: 0.999997306159975
Avg throughput (# string / gate / s): 1393260505.3081446
allocator: {"step": 8, "seconds": 0.04097635100004027, "live_rows": 228871, "logical_bytes": 9154840, "backing_storage_bytes": 18309680, "counters": {"allocated_bytes.all.current": 18659328, "allocated_bytes.all.peak": 47545344, "requested_bytes.all.current": 18328776, "requested_bytes.all.peak": 47213372, "reserved_bytes.all.current": 90177536, "reserved_bytes.all.peak": 90177536, "inactive_split_bytes.all.current": 0, "inactive_split_bytes.all.peak": 0, "segment.all.current": 0, "segment.all.allocated": 0, "num_alloc_retries": 0, "num_ooms": 0, "num_device_alloc": 7, "num_device_free": 0}}
checkpoint saved to benchmarks/results/forward_profile_20260910/baseline/triton_benchmark_data_dt_0.04_total_t_0.92_threshold_log_18.pkl
step 9/23: exp_val=0.8081610177151825 size=487404
228871 --> 487404 Time taken: 0.052094642999918506 s Norm: 0.9999934550044425
Avg throughput (# string / gate / s): 2344288788.0082226
allocator: {"step": 9, "seconds": 0.052094642999918506, "live_rows": 487404, "logical_bytes": 19496160, "backing_storage_bytes": 38992320, "counters": {"allocated_bytes.all.current": 39342080, "allocated_bytes.all.peak": 100839936, "requested_bytes.all.current": 39011416, "requested_bytes.all.peak": 100507724, "reserved_bytes.all.current": 153092096, "reserved_bytes.all.peak": 153092096, "inactive_split_bytes.all.current": 0, "inactive_split_bytes.all.peak": 0, "segment.all.current": 0, "segment.all.allocated": 0, "num_alloc_retries": 0, "num_ooms": 0, "num_device_alloc": 10, "num_device_free": 0}}
checkpoint saved to benchmarks/results/forward_profile_20260910/baseline/triton_benchmark_data_dt_0.04_total_t_0.92_threshold_log_18.pkl
step 10/23: exp_val=0.8139538929652542 size=994285
487404 --> 994285 Time taken: 0.0767318250000244 s Norm: 0.9999849634848978
Avg throughput (# string / gate / s): 3292349354.390042
allocator: {"step": 10, "seconds": 0.0767318250000244, "live_rows": 994285, "logical_bytes": 39771400, "backing_storage_bytes": 79542800, "counters": {"allocated_bytes.all.current": 79892480, "allocated_bytes.all.peak": 206817792, "requested_bytes.all.current": 79561896, "requested_bytes.all.peak": 206485628, "reserved_bytes.all.current": 299892736, "reserved_bytes.all.peak": 299892736, "inactive_split_bytes.all.current": 0, "inactive_split_bytes.all.peak": 0, "segment.all.current": 0, "segment.all.allocated": 0, "num_alloc_retries": 0, "num_ooms": 0, "num_device_alloc": 17, "num_device_free": 0}}
checkpoint saved to benchmarks/results/forward_profile_20260910/baseline/triton_benchmark_data_dt_0.04_total_t_0.92_threshold_log_18.pkl
step 11/23: exp_val=0.8160403794848188 size=1976955
994285 --> 1976955 Time taken: 0.11970458199994027 s Norm: 0.9999673017535258
Avg throughput (# string / gate / s): 4232055377.798761
allocator: {"step": 11, "seconds": 0.11970458199994027, "live_rows": 1976955, "logical_bytes": 79078200, "backing_storage_bytes": 158156400, "counters": {"allocated_bytes.all.current": 158505984, "allocated_bytes.all.peak": 412983808, "requested_bytes.all.current": 158175496, "requested_bytes.all.peak": 412652076, "reserved_bytes.all.current": 614465536, "reserved_bytes.all.peak": 614465536, "inactive_split_bytes.all.current": 0, "inactive_split_bytes.all.peak": 0, "segment.all.current": 0, "segment.all.allocated": 0, "num_alloc_retries": 0, "num_ooms": 0, "num_device_alloc": 29, "num_device_free": 0}}
checkpoint saved to benchmarks/results/forward_profile_20260910/baseline/triton_benchmark_data_dt_0.04_total_t_0.92_threshold_log_18.pkl
step 12/23: exp_val=0.8151603645869911 size=3549247
1976955 --> 3549247 Time taken: 0.1995116829999688 s Norm: 0.9999312863163659
Avg throughput (# string / gate / s): 4722617877.972326
allocator: {"step": 12, "seconds": 0.1995116829999688, "live_rows": 3549247, "logical_bytes": 141969880, "backing_storage_bytes": 283939760, "counters": {"allocated_bytes.all.current": 284289024, "allocated_bytes.all.peak": 759941632, "requested_bytes.all.current": 283958856, "requested_bytes.all.peak": 759609692, "reserved_bytes.all.current": 1138753536, "reserved_bytes.all.peak": 1138753536, "inactive_split_bytes.all.current": 0, "inactive_split_bytes.all.peak": 0, "segment.all.current": 0, "segment.all.allocated": 0, "num_alloc_retries": 0, "num_ooms": 0, "num_device_alloc": 42, "num_device_free": 0}}
checkpoint saved to benchmarks/results/forward_profile_20260910/baseline/triton_benchmark_data_dt_0.04_total_t_0.92_threshold_log_18.pkl
step 13/23: exp_val=0.8141926215418308 size=6130432
3549247 --> 6130432 Time taken: 0.3762477969999054 s Norm: 0.9998624143359776
Avg throughput (# string / gate / s): 4386431715.108261
allocator: {"step": 13, "seconds": 0.3762477969999054, "live_rows": 6130432, "logical_bytes": 245217280, "backing_storage_bytes": 490434560, "counters": {"allocated_bytes.all.current": 490783744, "allocated_bytes.all.peak": 1332267520, "requested_bytes.all.current": 490453656, "requested_bytes.all.peak": 1331936844, "reserved_bytes.all.current": 1851785216, "reserved_bytes.all.peak": 1851785216, "inactive_split_bytes.all.current": 0, "inactive_split_bytes.all.peak": 0, "segment.all.current": 0, "segment.all.allocated": 0, "num_alloc_retries": 0, "num_ooms": 0, "num_device_alloc": 58, "num_device_free": 0}}
checkpoint saved to benchmarks/results/forward_profile_20260910/baseline/triton_benchmark_data_dt_0.04_total_t_0.92_threshold_log_18.pkl
step 14/23: exp_val=0.8154476441185619 size=10181702
6130432 --> 10181702 Time taken: 0.6803327800000716 s Norm: 0.9997402479810493
Avg throughput (# string / gate / s): 4088027107.851113
allocator: {"step": 14, "seconds": 0.6803327800000716, "live_rows": 10181702, "logical_bytes": 407268080, "backing_storage_bytes": 814536160, "counters": {"allocated_bytes.all.current": 814885888, "allocated_bytes.all.peak": 2254075392, "requested_bytes.all.current": 814555256, "requested_bytes.all.peak": 2253743708, "reserved_bytes.all.current": 3026190336, "reserved_bytes.all.peak": 3026190336, "inactive_split_bytes.all.current": 0, "inactive_split_bytes.all.peak": 0, "segment.all.current": 0, "segment.all.allocated": 0, "num_alloc_retries": 0, "num_ooms": 0, "num_device_alloc": 91, "num_device_free": 0}}
checkpoint saved to benchmarks/results/forward_profile_20260910/baseline/triton_benchmark_data_dt_0.04_total_t_0.92_threshold_log_18.pkl
step 15/23: exp_val=0.8203666324612636 size=16322811
10181702 --> 16322811 Time taken: 1.2453828330000078 s Norm: 0.9995340559197724
Avg throughput (# string / gate / s): 3628618724.1027846
allocator: {"step": 15, "seconds": 1.2453828330000078, "live_rows": 16322811, "logical_bytes": 652912440, "backing_storage_bytes": 1305824880, "counters": {"allocated_bytes.all.current": 1306174464, "allocated_bytes.all.peak": 3560754688, "requested_bytes.all.current": 1305843976, "requested_bytes.all.peak": 3560422748, "reserved_bytes.all.current": 4599054336, "reserved_bytes.all.peak": 4599054336, "inactive_split_bytes.all.current": 0, "inactive_split_bytes.all.peak": 0, "segment.all.current": 0, "segment.all.allocated": 0, "num_alloc_retries": 0, "num_ooms": 0, "num_device_alloc": 103, "num_device_free": 0}}
checkpoint saved to benchmarks/results/forward_profile_20260910/baseline/triton_benchmark_data_dt_0.04_total_t_0.92_threshold_log_18.pkl
step 16/23: exp_val=0.8280233077359687 size=25858045
16322811 --> 25858045 Time taken: 1.9191451990000132 s Norm: 0.9992001574003456
Avg throughput (# string / gate / s): 3747416272.4880676
allocator: {"step": 16, "seconds": 1.9191451990000132, "live_rows": 25858045, "logical_bytes": 1034321800, "backing_storage_bytes": 2068643600, "counters": {"allocated_bytes.all.current": 2068993024, "allocated_bytes.all.peak": 5711898112, "requested_bytes.all.current": 2068662696, "requested_bytes.all.peak": 5711566636, "reserved_bytes.all.current": 6947864576, "reserved_bytes.all.peak": 6947864576, "inactive_split_bytes.all.current": 0, "inactive_split_bytes.all.peak": 0, "segment.all.current": 0, "segment.all.allocated": 0, "num_alloc_retries": 0, "num_ooms": 0, "num_device_alloc": 124, "num_device_free": 0}}
checkpoint saved to benchmarks/results/forward_profile_20260910/baseline/triton_benchmark_data_dt_0.04_total_t_0.92_threshold_log_18.pkl
step 17/23: exp_val=0.8367044405454915 size=39217720
25858045 --> 39217720 Time taken: 3.228366572999903 s Norm: 0.9986757586046362
Avg throughput (# string / gate / s): 3436851944.043572
allocator: {"step": 17, "seconds": 3.228366572999903, "live_rows": 39217720, "logical_bytes": 1568708800, "backing_storage_bytes": 3137417600, "counters": {"allocated_bytes.all.current": 3137766912, "allocated_bytes.all.peak": 8880699904, "requested_bytes.all.current": 3137436696, "requested_bytes.all.peak": 8880368812, "reserved_bytes.all.current": 10513022976, "reserved_bytes.all.peak": 10513022976, "inactive_split_bytes.all.current": 0, "inactive_split_bytes.all.peak": 0, "segment.all.current": 0, "segment.all.allocated": 0, "num_alloc_retries": 0, "num_ooms": 0, "num_device_alloc": 139, "num_device_free": 0}}
checkpoint saved to benchmarks/results/forward_profile_20260910/baseline/triton_benchmark_data_dt_0.04_total_t_0.92_threshold_log_18.pkl
step 18/23: exp_val=0.8444610679717856 size=56220919
39217720 --> 56220919 Time taken: 4.545720199000016 s Norm: 0.9978860110571319
Avg throughput (# string / gate / s): 3579694138.033317
allocator: {"step": 18, "seconds": 4.545720199000016, "live_rows": 56220919, "logical_bytes": 2248836760, "backing_storage_bytes": 4497673520, "counters": {"allocated_bytes.all.current": 4498022912, "allocated_bytes.all.peak": 12709594624, "requested_bytes.all.current": 4497692616, "requested_bytes.all.peak": 12709262172, "reserved_bytes.all.current": 15399387136, "reserved_bytes.all.peak": 15399387136, "inactive_split_bytes.all.current": 0, "inactive_split_bytes.all.peak": 0, "segment.all.current": 0, "segment.all.allocated": 0, "num_alloc_retries": 0, "num_ooms": 0, "num_device_alloc": 166, "num_device_free": 0}}
checkpoint saved to benchmarks/results/forward_profile_20260910/baseline/triton_benchmark_data_dt_0.04_total_t_0.92_threshold_log_18.pkl
step 19/23: exp_val=0.849209477048793 size=76647324
56220919 --> 76647324 Time taken: 7.007064460000038 s Norm: 0.9967600094854395
Avg throughput (# string / gate / s): 3233027976.3831196
allocator: {"step": 19, "seconds": 7.007064460000038, "live_rows": 76647324, "logical_bytes": 3065892960, "backing_storage_bytes": 6131785920, "counters": {"allocated_bytes.all.current": 6132135424, "allocated_bytes.all.peak": 17942177792, "requested_bytes.all.current": 6131805016, "requested_bytes.all.peak": 17941845484, "reserved_bytes.all.current": 22550675456, "reserved_bytes.all.peak": 22550675456, "inactive_split_bytes.all.current": 0, "inactive_split_bytes.all.peak": 0, "segment.all.current": 0, "segment.all.allocated": 0, "num_alloc_retries": 0, "num_ooms": 0, "num_device_alloc": 197, "num_device_free": 0}}
checkpoint saved to benchmarks/results/forward_profile_20260910/baseline/triton_benchmark_data_dt_0.04_total_t_0.92_threshold_log_18.pkl
step 20/23: exp_val=0.8506241991368325 size=101566136
76647324 --> 101566136 Time taken: 8.356419080000023 s Norm: 0.9952369396750247
Avg throughput (# string / gate / s): 3636174136.2066674
allocator: {"step": 20, "seconds": 8.356419080000023, "live_rows": 101566136, "logical_bytes": 4062645440, "backing_storage_bytes": 8125290880, "counters": {"allocated_bytes.all.current": 8125640192, "allocated_bytes.all.peak": 23570876416, "requested_bytes.all.current": 8125309976, "requested_bytes.all.peak": 23570544684, "reserved_bytes.all.current": 32617005056, "reserved_bytes.all.peak": 32617005056, "inactive_split_bytes.all.current": 0, "inactive_split_bytes.all.peak": 0, "segment.all.current": 0, "segment.all.allocated": 0, "num_alloc_retries": 0, "num_ooms": 0, "num_device_alloc": 221, "num_device_free": 0}}
checkpoint saved to benchmarks/results/forward_profile_20260910/baseline/triton_benchmark_data_dt_0.04_total_t_0.92_threshold_log_18.pkl
step 21/23: exp_val=0.850741867423668 size=133423815
101566136 --> 133423815 Time taken: 12.648503521000066 s Norm: 0.9932426692811729
Avg throughput (# string / gate / s): 3167630587.996402
allocator: {"step": 21, "seconds": 12.648503521000066, "live_rows": 133423815, "logical_bytes": 5336952600, "backing_storage_bytes": 10673905200, "counters": {"allocated_bytes.all.current": 10674254848, "allocated_bytes.all.peak": 30585693184, "requested_bytes.all.current": 10673924296, "requested_bytes.all.peak": 30585361804, "reserved_bytes.all.current": 39705378816, "reserved_bytes.all.peak": 39705378816, "inactive_split_bytes.all.current": 0, "inactive_split_bytes.all.peak": 0, "segment.all.current": 0, "segment.all.allocated": 0, "num_alloc_retries": 0, "num_ooms": 0, "num_device_alloc": 245, "num_device_free": 0}}
checkpoint saved to benchmarks/results/forward_profile_20260910/baseline/triton_benchmark_data_dt_0.04_total_t_0.92_threshold_log_18.pkl
step 22/23: exp_val=0.8485055402732968 size=173836555
133423815 --> 173836555 Time taken: 14.117416287999959 s Norm: 0.9906532351018101
Avg throughput (# string / gate / s): 3710869752.387382
allocator: {"step": 22, "seconds": 14.117416287999959, "live_rows": 173836555, "logical_bytes": 6953462200, "backing_storage_bytes": 13906924400, "counters": {"allocated_bytes.all.current": 13907274240, "allocated_bytes.all.peak": 40688875520, "requested_bytes.all.current": 13906943496, "requested_bytes.all.peak": 40688543228, "reserved_bytes.all.current": 56188993536, "reserved_bytes.all.peak": 56188993536, "inactive_split_bytes.all.current": 0, "inactive_split_bytes.all.peak": 0, "segment.all.current": 0, "segment.all.allocated": 0, "num_alloc_retries": 0, "num_ooms": 0, "num_device_alloc": 254, "num_device_free": 0}}
checkpoint saved to benchmarks/results/forward_profile_20260910/baseline/triton_benchmark_data_dt_0.04_total_t_0.92_threshold_log_18.pkl
step 23/23: exp_val=0.846651058594837 size=221899620
173836555 --> 221899620 Time taken: 18.64919244200007 s Norm: 0.9873090532359033
Avg throughput (# string / gate / s): 3618012846.7945457
allocator: {"step": 23, "seconds": 18.64919244200007, "live_rows": 221899620, "logical_bytes": 8875984800, "backing_storage_bytes": 17751969600, "counters": {"allocated_bytes.all.current": 17752319488, "allocated_bytes.all.peak": 51658223104, "requested_bytes.all.current": 17751988696, "requested_bytes.all.peak": 51657891228, "reserved_bytes.all.current": 70701285376, "reserved_bytes.all.peak": 70701285376, "inactive_split_bytes.all.current": 0, "inactive_split_bytes.all.peak": 0, "segment.all.current": 0, "segment.all.allocated": 0, "num_alloc_retries": 0, "num_ooms": 0, "num_device_alloc": 263, "num_device_free": 0}}
checkpoint saved to benchmarks/results/forward_profile_20260910/baseline/triton_benchmark_data_dt_0.04_total_t_0.92_threshold_log_18.pkl
Wrote benchmark data to benchmarks/results/forward_profile_20260910/baseline/triton_benchmark_data_dt_0.04_total_t_0.92_threshold_log_18.pkl
final results = [1.0, 0.9872680689481184, 0.9527802865260725, 0.9061848081047893, 0.859518323777968, 0.8231021472627669, 0.8023600634140252, 0.7966507053448578, 0.8007972470919498, 0.8081610177151825, 0.8139538929652542, 0.8160403794848188, 0.8151603645869911, 0.8141926215418308, 0.8154476441185619, 0.8203666324612636, 0.8280233077359687, 0.8367044405454915, 0.8444610679717856, 0.849209477048793, 0.8506241991368325, 0.850741867423668, 0.8485055402732968, 0.846651058594837]
