Running 23 steps on 11x11 OBC lattice with backend=triton, precision=double
dt=0.04, total_t=0.92, threshold=3.814697265625e-06, max_num_str=1000000000
per-step gate count=341
Triton timing mode: warm one pass per step; synchronized second pass
initial observable expectation=1.0 size=1
step 1/23: exp_val=0.9872680689481184 size=106
initial --> 106 Time taken: 0.015910066999822448 s Norm: 0.9999999999784838
allocator: {"step": 1, "seconds": 0.015910066999822448, "live_rows": 106, "logical_bytes": 4240, "backing_storage_bytes": 4240, "counters": {"allocated_bytes.all.current": 353792, "allocated_bytes.all.peak": 370176, "requested_bytes.all.current": 23336, "requested_bytes.all.peak": 37392, "reserved_bytes.all.current": 2097152, "reserved_bytes.all.peak": 2097152, "inactive_split_bytes.all.current": 0, "inactive_split_bytes.all.peak": 0, "segment.all.current": 0, "segment.all.allocated": 0, "num_alloc_retries": 0, "num_ooms": 0, "num_device_alloc": 1, "num_device_free": 0}}
checkpoint saved to benchmarks/results/persistent_options_20260910/growth150/triton_benchmark_data_dt_0.04_total_t_0.92_threshold_log_18.pkl
step 2/23: exp_val=0.9527802865260726 size=853
106 --> 853 Time taken: 0.015764094000587647 s Norm: 0.9999999981639017
Avg throughput (# string / gate / s): 10372273.85182458
allocator: {"step": 2, "seconds": 0.015764094000587647, "live_rows": 853, "logical_bytes": 34120, "backing_storage_bytes": 34120, "counters": {"allocated_bytes.all.current": 384000, "allocated_bytes.all.peak": 532480, "requested_bytes.all.current": 53216, "requested_bytes.all.peak": 200528, "reserved_bytes.all.current": 2097152, "reserved_bytes.all.peak": 2097152, "inactive_split_bytes.all.current": 0, "inactive_split_bytes.all.peak": 0, "segment.all.current": 0, "segment.all.allocated": 0, "num_alloc_retries": 0, "num_ooms": 0, "num_device_alloc": 1, "num_device_free": 0}}
checkpoint saved to benchmarks/results/persistent_options_20260910/growth150/triton_benchmark_data_dt_0.04_total_t_0.92_threshold_log_18.pkl
step 3/23: exp_val=0.9061848081047893 size=2542
853 --> 2542 Time taken: 0.016349610999895958 s Norm: 0.999999990348529
Avg throughput (# string / gate / s): 35404359.16204266
allocator: {"step": 3, "seconds": 0.016349610999895958, "live_rows": 2542, "logical_bytes": 101680, "backing_storage_bytes": 101680, "counters": {"allocated_bytes.all.current": 451072, "allocated_bytes.all.peak": 801280, "requested_bytes.all.current": 120776, "requested_bytes.all.peak": 469792, "reserved_bytes.all.current": 2097152, "reserved_bytes.all.peak": 2097152, "inactive_split_bytes.all.current": 0, "inactive_split_bytes.all.peak": 0, "segment.all.current": 0, "segment.all.allocated": 0, "num_alloc_retries": 0, "num_ooms": 0, "num_device_alloc": 1, "num_device_free": 0}}
checkpoint saved to benchmarks/results/persistent_options_20260910/growth150/triton_benchmark_data_dt_0.04_total_t_0.92_threshold_log_18.pkl
step 4/23: exp_val=0.8595183237779681 size=6896
2542 --> 6896 Time taken: 0.01636599900029978 s Norm: 0.9999999574838112
Avg throughput (# string / gate / s): 98324520.24288431
allocator: {"step": 4, "seconds": 0.01636599900029978, "live_rows": 6896, "logical_bytes": 275840, "backing_storage_bytes": 275840, "counters": {"allocated_bytes.all.current": 625152, "allocated_bytes.all.peak": 1727488, "requested_bytes.all.current": 294936, "requested_bytes.all.peak": 1395736, "reserved_bytes.all.current": 2097152, "reserved_bytes.all.peak": 2097152, "inactive_split_bytes.all.current": 0, "inactive_split_bytes.all.peak": 0, "segment.all.current": 0, "segment.all.allocated": 0, "num_alloc_retries": 0, "num_ooms": 0, "num_device_alloc": 1, "num_device_free": 0}}
checkpoint saved to benchmarks/results/persistent_options_20260910/growth150/triton_benchmark_data_dt_0.04_total_t_0.92_threshold_log_18.pkl
step 5/23: exp_val=0.823102147262767 size=17890
6896 --> 17890 Time taken: 0.01667059299961693 s Norm: 0.9999998707879175
Avg throughput (# string / gate / s): 253501060.22605848
allocator: {"step": 5, "seconds": 0.01667059299961693, "live_rows": 17890, "logical_bytes": 715600, "backing_storage_bytes": 715600, "counters": {"allocated_bytes.all.current": 1065472, "allocated_bytes.all.peak": 3992064, "requested_bytes.all.current": 734696, "requested_bytes.all.peak": 3660288, "reserved_bytes.all.current": 25165824, "reserved_bytes.all.peak": 25165824, "inactive_split_bytes.all.current": 0, "inactive_split_bytes.all.peak": 0, "segment.all.current": 0, "segment.all.allocated": 0, "num_alloc_retries": 0, "num_ooms": 0, "num_device_alloc": 3, "num_device_free": 0}}
checkpoint saved to benchmarks/results/persistent_options_20260910/growth150/triton_benchmark_data_dt_0.04_total_t_0.92_threshold_log_18.pkl
step 6/23: exp_val=0.8023600634140252 size=45249
17890 --> 45249 Time taken: 0.017427489000510832 s Norm: 0.9999996255342497
Avg throughput (# string / gate / s): 617713745.2035948
allocator: {"step": 6, "seconds": 0.017427489000510832, "live_rows": 45249, "logical_bytes": 1809960, "backing_storage_bytes": 1809960, "counters": {"allocated_bytes.all.current": 2160128, "allocated_bytes.all.peak": 10165760, "requested_bytes.all.current": 1829056, "requested_bytes.all.peak": 9833760, "reserved_bytes.all.current": 27262976, "reserved_bytes.all.peak": 27262976, "inactive_split_bytes.all.current": 0, "inactive_split_bytes.all.peak": 0, "segment.all.current": 0, "segment.all.allocated": 0, "num_alloc_retries": 0, "num_ooms": 0, "num_device_alloc": 4, "num_device_free": 0}}
checkpoint saved to benchmarks/results/persistent_options_20260910/growth150/triton_benchmark_data_dt_0.04_total_t_0.92_threshold_log_18.pkl
step 7/23: exp_val=0.7966507053448579 size=105972
45249 --> 105972 Time taken: 0.017880111000522447 s Norm: 0.9999989908817498
Avg throughput (# string / gate / s): 1442003380.1382234
allocator: {"step": 7, "seconds": 0.017880111000522447, "live_rows": 105972, "logical_bytes": 4238880, "backing_storage_bytes": 4238880, "counters": {"allocated_bytes.all.current": 4588544, "allocated_bytes.all.peak": 24621056, "requested_bytes.all.current": 4257976, "requested_bytes.all.peak": 24288216, "reserved_bytes.all.current": 48234496, "reserved_bytes.all.peak": 48234496, "inactive_split_bytes.all.current": 0, "inactive_split_bytes.all.peak": 0, "segment.all.current": 0, "segment.all.allocated": 0, "num_alloc_retries": 0, "num_ooms": 0, "num_device_alloc": 5, "num_device_free": 0}}
checkpoint saved to benchmarks/results/persistent_options_20260910/growth150/triton_benchmark_data_dt_0.04_total_t_0.92_threshold_log_18.pkl
step 8/23: exp_val=0.8007972470919497 size=228871
105972 --> 228871 Time taken: 0.0194016229997942 s Norm: 0.999997306159975
Avg throughput (# string / gate / s): 2942575036.1506143
allocator: {"step": 8, "seconds": 0.0194016229997942, "live_rows": 228871, "logical_bytes": 9154840, "backing_storage_bytes": 9154840, "counters": {"allocated_bytes.all.current": 9504768, "allocated_bytes.all.peak": 56471552, "requested_bytes.all.current": 9173936, "requested_bytes.all.peak": 56139688, "reserved_bytes.all.current": 90177536, "reserved_bytes.all.peak": 90177536, "inactive_split_bytes.all.current": 0, "inactive_split_bytes.all.peak": 0, "segment.all.current": 0, "segment.all.allocated": 0, "num_alloc_retries": 0, "num_ooms": 0, "num_device_alloc": 7, "num_device_free": 0}}
checkpoint saved to benchmarks/results/persistent_options_20260910/growth150/triton_benchmark_data_dt_0.04_total_t_0.92_threshold_log_18.pkl
step 9/23: exp_val=0.8081610177151826 size=487404
228871 --> 487404 Time taken: 0.021103062000292994 s Norm: 0.9999934550044426
Avg throughput (# string / gate / s): 5787069549.352811
allocator: {"step": 9, "seconds": 0.021103062000292994, "live_rows": 487404, "logical_bytes": 19496160, "backing_storage_bytes": 19496160, "counters": {"allocated_bytes.all.current": 19845632, "allocated_bytes.all.peak": 110371328, "requested_bytes.all.current": 19515256, "requested_bytes.all.peak": 110039152, "reserved_bytes.all.current": 153092096, "reserved_bytes.all.peak": 153092096, "inactive_split_bytes.all.current": 0, "inactive_split_bytes.all.peak": 0, "segment.all.current": 0, "segment.all.allocated": 0, "num_alloc_retries": 0, "num_ooms": 0, "num_device_alloc": 9, "num_device_free": 0}}
checkpoint saved to benchmarks/results/persistent_options_20260910/growth150/triton_benchmark_data_dt_0.04_total_t_0.92_threshold_log_18.pkl
step 10/23: exp_val=0.8139538929652543 size=994285
487404 --> 994285 Time taken: 0.025585043000319274 s Norm: 0.999984963484898
Avg throughput (# string / gate / s): 9874049244.195036
allocator: {"step": 10, "seconds": 0.025585043000319274, "live_rows": 994285, "logical_bytes": 39771400, "backing_storage_bytes": 39771400, "counters": {"allocated_bytes.all.current": 40120832, "allocated_bytes.all.peak": 221790720, "requested_bytes.all.current": 39790496, "requested_bytes.all.peak": 221458680, "reserved_bytes.all.current": 320864256, "reserved_bytes.all.peak": 320864256, "inactive_split_bytes.all.current": 0, "inactive_split_bytes.all.peak": 0, "segment.all.current": 0, "segment.all.allocated": 0, "num_alloc_retries": 0, "num_ooms": 0, "num_device_alloc": 12, "num_device_free": 0}}
checkpoint saved to benchmarks/results/persistent_options_20260910/growth150/triton_benchmark_data_dt_0.04_total_t_0.92_threshold_log_18.pkl
step 11/23: exp_val=0.8160403794848189 size=1976955
994285 --> 1976955 Time taken: 0.033437242999752925 s Norm: 0.9999673017535258
Avg throughput (# string / gate / s): 15150663588.016014
allocator: {"step": 11, "seconds": 0.033437242999752925, "live_rows": 1976955, "logical_bytes": 79078200, "backing_storage_bytes": 79078200, "counters": {"allocated_bytes.all.current": 79427584, "allocated_bytes.all.peak": 436152320, "requested_bytes.all.current": 79097296, "requested_bytes.all.peak": 435820536, "reserved_bytes.all.current": 488636416, "reserved_bytes.all.peak": 488636416, "inactive_split_bytes.all.current": 0, "inactive_split_bytes.all.peak": 0, "segment.all.current": 0, "segment.all.allocated": 0, "num_alloc_retries": 0, "num_ooms": 0, "num_device_alloc": 15, "num_device_free": 0}}
checkpoint saved to benchmarks/results/persistent_options_20260910/growth150/triton_benchmark_data_dt_0.04_total_t_0.92_threshold_log_18.pkl
step 12/23: exp_val=0.8151603645869911 size=3549247
1976955 --> 3549247 Time taken: 0.0477052480000566 s Norm: 0.9999312863163659
Avg throughput (# string / gate / s): 19750813180.949863
allocator: {"step": 12, "seconds": 0.0477052480000566, "live_rows": 3549247, "logical_bytes": 141969880, "backing_storage_bytes": 141969880, "counters": {"allocated_bytes.all.current": 142319104, "allocated_bytes.all.peak": 841811968, "requested_bytes.all.current": 141988976, "requested_bytes.all.peak": 841479968, "reserved_bytes.all.current": 1096810496, "reserved_bytes.all.peak": 1096810496, "inactive_split_bytes.all.current": 0, "inactive_split_bytes.all.peak": 0, "segment.all.current": 0, "segment.all.allocated": 0, "num_alloc_retries": 0, "num_ooms": 0, "num_device_alloc": 19, "num_device_free": 0}}
checkpoint saved to benchmarks/results/persistent_options_20260910/growth150/triton_benchmark_data_dt_0.04_total_t_0.92_threshold_log_18.pkl
step 13/23: exp_val=0.8141926215418307 size=6130432
3549247 --> 6130432 Time taken: 0.07033487599983346 s Norm: 0.9998624143359777
Avg throughput (# string / gate / s): 23464678739.234684
allocator: {"step": 13, "seconds": 0.07033487599983346, "live_rows": 6130432, "logical_bytes": 245217280, "backing_storage_bytes": 245217280, "counters": {"allocated_bytes.all.current": 245566464, "allocated_bytes.all.peak": 1473202176, "requested_bytes.all.current": 245236376, "requested_bytes.all.peak": 1472870312, "reserved_bytes.all.current": 2250244096, "reserved_bytes.all.peak": 2250244096, "inactive_split_bytes.all.current": 0, "inactive_split_bytes.all.peak": 0, "segment.all.current": 0, "segment.all.allocated": 0, "num_alloc_retries": 0, "num_ooms": 0, "num_device_alloc": 22, "num_device_free": 0}}
checkpoint saved to benchmarks/results/persistent_options_20260910/growth150/triton_benchmark_data_dt_0.04_total_t_0.92_threshold_log_18.pkl
step 14/23: exp_val=0.8154476441185619 size=10181702
6130432 --> 10181702 Time taken: 0.10895449100007681 s Norm: 0.9997402479810493
Avg throughput (# string / gate / s): 25526426873.01471
allocator: {"step": 14, "seconds": 0.10895449100007681, "live_rows": 10181702, "logical_bytes": 407268080, "backing_storage_bytes": 407268080, "counters": {"allocated_bytes.all.current": 407618048, "allocated_bytes.all.peak": 2541176832, "requested_bytes.all.current": 407287176, "requested_bytes.all.peak": 2540845640, "reserved_bytes.all.current": 3613392896, "reserved_bytes.all.peak": 3613392896, "inactive_split_bytes.all.current": 0, "inactive_split_bytes.all.peak": 0, "segment.all.current": 0, "segment.all.allocated": 0, "num_alloc_retries": 0, "num_ooms": 0, "num_device_alloc": 25, "num_device_free": 0}}
checkpoint saved to benchmarks/results/persistent_options_20260910/growth150/triton_benchmark_data_dt_0.04_total_t_0.92_threshold_log_18.pkl
step 15/23: exp_val=0.8203666324612635 size=16322811
10181702 --> 16322811 Time taken: 0.17290613200020744 s Norm: 0.9995340559197724
Avg throughput (# string / gate / s): 26135680754.772644
allocator: {"step": 15, "seconds": 0.17290613200020744, "live_rows": 16322811, "logical_bytes": 652912440, "backing_storage_bytes": 652912440, "counters": {"allocated_bytes.all.current": 653261824, "allocated_bytes.all.peak": 4151399936, "requested_bytes.all.current": 652931536, "requested_bytes.all.peak": 4151067856, "reserved_bytes.all.current": 5039456256, "reserved_bytes.all.peak": 5039456256, "inactive_split_bytes.all.current": 0, "inactive_split_bytes.all.peak": 0, "segment.all.current": 0, "segment.all.allocated": 0, "num_alloc_retries": 0, "num_ooms": 0, "num_device_alloc": 27, "num_device_free": 0}}
checkpoint saved to benchmarks/results/persistent_options_20260910/growth150/triton_benchmark_data_dt_0.04_total_t_0.92_threshold_log_18.pkl
step 16/23: exp_val=0.8280233077359688 size=25858045
16322811 --> 25858045 Time taken: 0.25781954699959897 s Norm: 0.9992001574003455
Avg throughput (# string / gate / s): 27894843628.792763
allocator: {"step": 16, "seconds": 0.25781954699959897, "live_rows": 25858045, "logical_bytes": 1034321800, "backing_storage_bytes": 1034321800, "counters": {"allocated_bytes.all.current": 1034671104, "allocated_bytes.all.peak": 6276059648, "requested_bytes.all.current": 1034340896, "requested_bytes.all.peak": 6275728056, "reserved_bytes.all.current": 7514095616, "reserved_bytes.all.peak": 7514095616, "inactive_split_bytes.all.current": 0, "inactive_split_bytes.all.peak": 0, "segment.all.current": 0, "segment.all.allocated": 0, "num_alloc_retries": 0, "num_ooms": 0, "num_device_alloc": 29, "num_device_free": 0}}
checkpoint saved to benchmarks/results/persistent_options_20260910/growth150/triton_benchmark_data_dt_0.04_total_t_0.92_threshold_log_18.pkl
step 17/23: exp_val=0.8367044405454914 size=39217720
25858045 --> 39217720 Time taken: 0.40599198900054034 s Norm: 0.9986757586046362
Avg throughput (# string / gate / s): 27329154843.2135
allocator: {"step": 17, "seconds": 0.40599198900054034, "live_rows": 39217720, "logical_bytes": 1568708800, "backing_storage_bytes": 1568708800, "counters": {"allocated_bytes.all.current": 1569058304, "allocated_bytes.all.peak": 9813245440, "requested_bytes.all.current": 1568727896, "requested_bytes.all.peak": 9812914328, "reserved_bytes.all.current": 12547260416, "reserved_bytes.all.peak": 12547260416, "inactive_split_bytes.all.current": 0, "inactive_split_bytes.all.peak": 0, "segment.all.current": 0, "segment.all.allocated": 0, "num_alloc_retries": 0, "num_ooms": 0, "num_device_alloc": 31, "num_device_free": 0}}
checkpoint saved to benchmarks/results/persistent_options_20260910/growth150/triton_benchmark_data_dt_0.04_total_t_0.92_threshold_log_18.pkl
step 18/23: exp_val=0.8444610679717857 size=56220919
39217720 --> 56220919 Time taken: 0.5841851340001085 s Norm: 0.9978860110571319
Avg throughput (# string / gate / s): 27854676544.194595
allocator: {"step": 18, "seconds": 0.5841851340001085, "live_rows": 56220919, "logical_bytes": 2248836760, "backing_storage_bytes": 2248836760, "counters": {"allocated_bytes.all.current": 2249186304, "allocated_bytes.all.peak": 13903215104, "requested_bytes.all.current": 2248855856, "requested_bytes.all.peak": 13902882728, "reserved_bytes.all.current": 18775801856, "reserved_bytes.all.peak": 18775801856, "inactive_split_bytes.all.current": 0, "inactive_split_bytes.all.peak": 0, "segment.all.current": 0, "segment.all.allocated": 0, "num_alloc_retries": 0, "num_ooms": 0, "num_device_alloc": 33, "num_device_free": 0}}
checkpoint saved to benchmarks/results/persistent_options_20260910/growth150/triton_benchmark_data_dt_0.04_total_t_0.92_threshold_log_18.pkl
step 19/23: exp_val=0.8492094770487931 size=76647324
56220919 --> 76647324 Time taken: 0.8462788079996244 s Norm: 0.9967600094854395
Avg throughput (# string / gate / s): 26768997660.532288
allocator: {"step": 19, "seconds": 0.8462788079996244, "live_rows": 76647324, "logical_bytes": 3065892960, "backing_storage_bytes": 3065892960, "counters": {"allocated_bytes.all.current": 3066242560, "allocated_bytes.all.peak": 19876807680, "requested_bytes.all.current": 3065912056, "requested_bytes.all.peak": 19876475712, "reserved_bytes.all.current": 26157776896, "reserved_bytes.all.peak": 26157776896, "inactive_split_bytes.all.current": 0, "inactive_split_bytes.all.peak": 0, "segment.all.current": 0, "segment.all.allocated": 0, "num_alloc_retries": 0, "num_ooms": 0, "num_device_alloc": 35, "num_device_free": 0}}
checkpoint saved to benchmarks/results/persistent_options_20260910/growth150/triton_benchmark_data_dt_0.04_total_t_0.92_threshold_log_18.pkl
step 20/23: exp_val=0.8506241991368324 size=101566136
76647324 --> 101566136 Time taken: 1.101581609999812 s Norm: 0.9952369396750246
Avg throughput (# string / gate / s): 27583426097.686207
allocator: {"step": 20, "seconds": 1.101581609999812, "live_rows": 101566136, "logical_bytes": 4062645440, "backing_storage_bytes": 4062645440, "counters": {"allocated_bytes.all.current": 4062994944, "allocated_bytes.all.peak": 25665233920, "requested_bytes.all.current": 4062664536, "requested_bytes.all.peak": 25664902312, "reserved_bytes.all.current": 40061894656, "reserved_bytes.all.peak": 40061894656, "inactive_split_bytes.all.current": 0, "inactive_split_bytes.all.peak": 0, "segment.all.current": 0, "segment.all.allocated": 0, "num_alloc_retries": 0, "num_ooms": 0, "num_device_alloc": 38, "num_device_free": 0}}
checkpoint saved to benchmarks/results/persistent_options_20260910/growth150/triton_benchmark_data_dt_0.04_total_t_0.92_threshold_log_18.pkl
step 21/23: exp_val=0.850741867423668 size=133423815
101566136 --> 133423815 Time taken: 1.4862460379999902 s Norm: 0.9932426692811729
Avg throughput (# string / gate / s): 26957707957.570522
allocator: {"step": 21, "seconds": 1.4862460379999902, "live_rows": 133423815, "logical_bytes": 5336952600, "backing_storage_bytes": 5336952600, "counters": {"allocated_bytes.all.current": 5337302528, "allocated_bytes.all.peak": 34624286208, "requested_bytes.all.current": 5336971696, "requested_bytes.all.peak": 34623954520, "reserved_bytes.all.current": 53840183296, "reserved_bytes.all.peak": 53840183296, "inactive_split_bytes.all.current": 0, "inactive_split_bytes.all.peak": 0, "segment.all.current": 0, "segment.all.allocated": 0, "num_alloc_retries": 0, "num_ooms": 0, "num_device_alloc": 40, "num_device_free": 0}}
checkpoint saved to benchmarks/results/persistent_options_20260910/growth150/triton_benchmark_data_dt_0.04_total_t_0.92_threshold_log_18.pkl
step 22/23: exp_val=0.8485055402732968 size=173836555
133423815 --> 173836555 Time taken: 1.84979011500036 s Norm: 0.99065323510181
Avg throughput (# string / gate / s): 28320993100.87934
allocator: {"step": 22, "seconds": 1.84979011500036, "live_rows": 173836555, "logical_bytes": 6953462200, "backing_storage_bytes": 6953462200, "counters": {"allocated_bytes.all.current": 6953811968, "allocated_bytes.all.peak": 44184836608, "requested_bytes.all.current": 6953481296, "requested_bytes.all.peak": 44184504200, "reserved_bytes.all.current": 64556630016, "reserved_bytes.all.peak": 64556630016, "inactive_split_bytes.all.current": 0, "inactive_split_bytes.all.peak": 0, "segment.all.current": 0, "segment.all.allocated": 0, "num_alloc_retries": 0, "num_ooms": 0, "num_device_alloc": 42, "num_device_free": 0}}
checkpoint saved to benchmarks/results/persistent_options_20260910/growth150/triton_benchmark_data_dt_0.04_total_t_0.92_threshold_log_18.pkl
step 23/23: exp_val=0.8466510585948369 size=221899620
173836555 --> 221899620 Time taken: 2.39888880000035 s Norm: 0.9873090532359033
Avg throughput (# string / gate / s): 28126780131.488445
allocator: {"step": 23, "seconds": 2.39888880000035, "live_rows": 221899620, "logical_bytes": 8875984800, "backing_storage_bytes": 8875984800, "counters": {"allocated_bytes.all.current": 8876334592, "allocated_bytes.all.peak": 55321558016, "requested_bytes.all.current": 8876003896, "requested_bytes.all.peak": 55321225400, "reserved_bytes.all.current": 75143053312, "reserved_bytes.all.peak": 75143053312, "inactive_split_bytes.all.current": 0, "inactive_split_bytes.all.peak": 0, "segment.all.current": 0, "segment.all.allocated": 0, "num_alloc_retries": 1, "num_ooms": 0, "num_device_alloc": 48, "num_device_free": 4}}
checkpoint saved to benchmarks/results/persistent_options_20260910/growth150/triton_benchmark_data_dt_0.04_total_t_0.92_threshold_log_18.pkl
Wrote benchmark data to benchmarks/results/persistent_options_20260910/growth150/triton_benchmark_data_dt_0.04_total_t_0.92_threshold_log_18.pkl
final results = [1.0, 0.9872680689481184, 0.9527802865260726, 0.9061848081047893, 0.8595183237779681, 0.823102147262767, 0.8023600634140252, 0.7966507053448579, 0.8007972470919497, 0.8081610177151826, 0.8139538929652543, 0.8160403794848189, 0.8151603645869911, 0.8141926215418307, 0.8154476441185619, 0.8203666324612635, 0.8280233077359688, 0.8367044405454914, 0.8444610679717857, 0.8492094770487931, 0.8506241991368324, 0.850741867423668, 0.8485055402732968, 0.8466510585948369]
