Running 23 steps on 11x11 OBC lattice with backend=triton, precision=double
dt=0.04, total_t=0.92, threshold=3.814697265625e-06, max_num_str=1000000000
per-step gate count=341
Triton timing mode: warm one pass per step; synchronized second pass
initial observable expectation=1.0 size=1
step 1/23: exp_val=0.9872680689481184 size=106
initial --> 106 Time taken: 0.020650135000323644 s Norm: 0.9999999999784838
allocator: {"step": 1, "seconds": 0.020650135000323644, "live_rows": 106, "logical_bytes": 4240, "backing_storage_bytes": 4240, "counters": {"allocated_bytes.all.current": 528384, "allocated_bytes.all.peak": 543232, "requested_bytes.all.current": 28792, "requested_bytes.all.peak": 41208, "reserved_bytes.all.current": 2097152, "reserved_bytes.all.peak": 2097152, "inactive_split_bytes.all.current": 0, "inactive_split_bytes.all.peak": 0, "segment.all.current": 0, "segment.all.allocated": 0, "num_alloc_retries": 0, "num_ooms": 0, "num_device_alloc": 1, "num_device_free": 0}}
checkpoint saved to benchmarks/results/persistent_options_20260910/control_final/triton_benchmark_data_dt_0.04_total_t_0.92_threshold_log_18.pkl
step 2/23: exp_val=0.9527802865260726 size=853
106 --> 853 Time taken: 0.02087061400015955 s Norm: 0.9999999981639017
Avg throughput (# string / gate / s): 7834436.49519607
allocator: {"step": 2, "seconds": 0.02087061400015955, "live_rows": 853, "logical_bytes": 34120, "backing_storage_bytes": 34120, "counters": {"allocated_bytes.all.current": 558592, "allocated_bytes.all.peak": 687616, "requested_bytes.all.current": 58672, "requested_bytes.all.peak": 186664, "reserved_bytes.all.current": 2097152, "reserved_bytes.all.peak": 2097152, "inactive_split_bytes.all.current": 0, "inactive_split_bytes.all.peak": 0, "segment.all.current": 0, "segment.all.allocated": 0, "num_alloc_retries": 0, "num_ooms": 0, "num_device_alloc": 1, "num_device_free": 0}}
checkpoint saved to benchmarks/results/persistent_options_20260910/control_final/triton_benchmark_data_dt_0.04_total_t_0.92_threshold_log_18.pkl
step 3/23: exp_val=0.9061848081047893 size=2542
853 --> 2542 Time taken: 0.02160998500039568 s Norm: 0.999999990348529
Avg throughput (# string / gate / s): 26786112.99310949
allocator: {"step": 3, "seconds": 0.02160998500039568, "live_rows": 2542, "logical_bytes": 101680, "backing_storage_bytes": 101680, "counters": {"allocated_bytes.all.current": 625664, "allocated_bytes.all.peak": 1000960, "requested_bytes.all.current": 126232, "requested_bytes.all.peak": 498856, "reserved_bytes.all.current": 2097152, "reserved_bytes.all.peak": 2097152, "inactive_split_bytes.all.current": 0, "inactive_split_bytes.all.peak": 0, "segment.all.current": 0, "segment.all.allocated": 0, "num_alloc_retries": 0, "num_ooms": 0, "num_device_alloc": 1, "num_device_free": 0}}
checkpoint saved to benchmarks/results/persistent_options_20260910/control_final/triton_benchmark_data_dt_0.04_total_t_0.92_threshold_log_18.pkl
step 4/23: exp_val=0.859518323777968 size=6896
2542 --> 6896 Time taken: 0.021816995999870414 s Norm: 0.9999999574838113
Avg throughput (# string / gate / s): 73758046.25025177
allocator: {"step": 4, "seconds": 0.021816995999870414, "live_rows": 6896, "logical_bytes": 275840, "backing_storage_bytes": 275840, "counters": {"allocated_bytes.all.current": 799744, "allocated_bytes.all.peak": 1874944, "requested_bytes.all.current": 300392, "requested_bytes.all.peak": 1374192, "reserved_bytes.all.current": 4194304, "reserved_bytes.all.peak": 4194304, "inactive_split_bytes.all.current": 0, "inactive_split_bytes.all.peak": 0, "segment.all.current": 0, "segment.all.allocated": 0, "num_alloc_retries": 0, "num_ooms": 0, "num_device_alloc": 2, "num_device_free": 0}}
checkpoint saved to benchmarks/results/persistent_options_20260910/control_final/triton_benchmark_data_dt_0.04_total_t_0.92_threshold_log_18.pkl
step 5/23: exp_val=0.823102147262767 size=17890
6896 --> 17890 Time taken: 0.02181210100025055 s Norm: 0.9999998707879175
Avg throughput (# string / gate / s): 193746260.3878213
allocator: {"step": 5, "seconds": 0.02181210100025055, "live_rows": 17890, "logical_bytes": 715600, "backing_storage_bytes": 715600, "counters": {"allocated_bytes.all.current": 1240064, "allocated_bytes.all.peak": 4356096, "requested_bytes.all.current": 740152, "requested_bytes.all.peak": 3855048, "reserved_bytes.all.current": 25165824, "reserved_bytes.all.peak": 25165824, "inactive_split_bytes.all.current": 0, "inactive_split_bytes.all.peak": 0, "segment.all.current": 0, "segment.all.allocated": 0, "num_alloc_retries": 0, "num_ooms": 0, "num_device_alloc": 3, "num_device_free": 0}}
checkpoint saved to benchmarks/results/persistent_options_20260910/control_final/triton_benchmark_data_dt_0.04_total_t_0.92_threshold_log_18.pkl
step 6/23: exp_val=0.8023600634140253 size=45249
17890 --> 45249 Time taken: 0.022745592999854125 s Norm: 0.9999996255342496
Avg throughput (# string / gate / s): 473287264.9250798
allocator: {"step": 6, "seconds": 0.022745592999854125, "live_rows": 45249, "logical_bytes": 1809960, "backing_storage_bytes": 1809960, "counters": {"allocated_bytes.all.current": 2334720, "allocated_bytes.all.peak": 10151936, "requested_bytes.all.current": 1834512, "requested_bytes.all.peak": 9650416, "reserved_bytes.all.current": 27262976, "reserved_bytes.all.peak": 27262976, "inactive_split_bytes.all.current": 0, "inactive_split_bytes.all.peak": 0, "segment.all.current": 0, "segment.all.allocated": 0, "num_alloc_retries": 0, "num_ooms": 0, "num_device_alloc": 4, "num_device_free": 0}}
checkpoint saved to benchmarks/results/persistent_options_20260910/control_final/triton_benchmark_data_dt_0.04_total_t_0.92_threshold_log_18.pkl
step 7/23: exp_val=0.7966507053448577 size=105972
45249 --> 105972 Time taken: 0.023431393000464595 s Norm: 0.9999989908817498
Avg throughput (# string / gate / s): 1100369086.015875
allocator: {"step": 7, "seconds": 0.023431393000464595, "live_rows": 105972, "logical_bytes": 4238880, "backing_storage_bytes": 4238880, "counters": {"allocated_bytes.all.current": 4763136, "allocated_bytes.all.peak": 24317952, "requested_bytes.all.current": 4263432, "requested_bytes.all.peak": 23816272, "reserved_bytes.all.current": 48234496, "reserved_bytes.all.peak": 48234496, "inactive_split_bytes.all.current": 0, "inactive_split_bytes.all.peak": 0, "segment.all.current": 0, "segment.all.allocated": 0, "num_alloc_retries": 0, "num_ooms": 0, "num_device_alloc": 5, "num_device_free": 0}}
checkpoint saved to benchmarks/results/persistent_options_20260910/control_final/triton_benchmark_data_dt_0.04_total_t_0.92_threshold_log_18.pkl
step 8/23: exp_val=0.8007972470919499 size=228871
105972 --> 228871 Time taken: 0.025243234999834385 s Norm: 0.999997306159975
Avg throughput (# string / gate / s): 2261625005.684674
allocator: {"step": 8, "seconds": 0.025243234999834385, "live_rows": 228871, "logical_bytes": 9154840, "backing_storage_bytes": 9154840, "counters": {"allocated_bytes.all.current": 9679360, "allocated_bytes.all.peak": 46213632, "requested_bytes.all.current": 9179392, "requested_bytes.all.peak": 45713424, "reserved_bytes.all.current": 90177536, "reserved_bytes.all.peak": 90177536, "inactive_split_bytes.all.current": 0, "inactive_split_bytes.all.peak": 0, "segment.all.current": 0, "segment.all.allocated": 0, "num_alloc_retries": 0, "num_ooms": 0, "num_device_alloc": 7, "num_device_free": 0}}
checkpoint saved to benchmarks/results/persistent_options_20260910/control_final/triton_benchmark_data_dt_0.04_total_t_0.92_threshold_log_18.pkl
step 9/23: exp_val=0.8081610177151826 size=487404
228871 --> 487404 Time taken: 0.02648555399991892 s Norm: 0.9999934550044425
Avg throughput (# string / gate / s): 4610999924.727792
allocator: {"step": 9, "seconds": 0.02648555399991892, "live_rows": 487404, "logical_bytes": 19496160, "backing_storage_bytes": 19496160, "counters": {"allocated_bytes.all.current": 20020224, "allocated_bytes.all.peak": 101298176, "requested_bytes.all.current": 19520712, "requested_bytes.all.peak": 100796928, "reserved_bytes.all.current": 153092096, "reserved_bytes.all.peak": 153092096, "inactive_split_bytes.all.current": 0, "inactive_split_bytes.all.peak": 0, "segment.all.current": 0, "segment.all.allocated": 0, "num_alloc_retries": 0, "num_ooms": 0, "num_device_alloc": 9, "num_device_free": 0}}
checkpoint saved to benchmarks/results/persistent_options_20260910/control_final/triton_benchmark_data_dt_0.04_total_t_0.92_threshold_log_18.pkl
step 10/23: exp_val=0.8139538929652546 size=994285
487404 --> 994285 Time taken: 0.03095389400004933 s Norm: 0.9999849634848978
Avg throughput (# string / gate / s): 8161427912.74007
allocator: {"step": 10, "seconds": 0.03095389400004933, "live_rows": 994285, "logical_bytes": 39771400, "backing_storage_bytes": 39771400, "counters": {"allocated_bytes.all.current": 40295424, "allocated_bytes.all.peak": 208151552, "requested_bytes.all.current": 39795952, "requested_bytes.all.peak": 207650816, "reserved_bytes.all.current": 257949696, "reserved_bytes.all.peak": 257949696, "inactive_split_bytes.all.current": 0, "inactive_split_bytes.all.peak": 0, "segment.all.current": 0, "segment.all.allocated": 0, "num_alloc_retries": 0, "num_ooms": 0, "num_device_alloc": 11, "num_device_free": 0}}
checkpoint saved to benchmarks/results/persistent_options_20260910/control_final/triton_benchmark_data_dt_0.04_total_t_0.92_threshold_log_18.pkl
step 11/23: exp_val=0.8160403794848188 size=1976955
994285 --> 1976955 Time taken: 0.03854551599943079 s Norm: 0.9999673017535258
Avg throughput (# string / gate / s): 13142810697.033632
allocator: {"step": 11, "seconds": 0.03854551599943079, "live_rows": 1976955, "logical_bytes": 79078200, "backing_storage_bytes": 79078200, "counters": {"allocated_bytes.all.current": 79602176, "allocated_bytes.all.peak": 400079872, "requested_bytes.all.current": 79102752, "requested_bytes.all.peak": 399578432, "reserved_bytes.all.current": 509607936, "reserved_bytes.all.peak": 509607936, "inactive_split_bytes.all.current": 0, "inactive_split_bytes.all.peak": 0, "segment.all.current": 0, "segment.all.allocated": 0, "num_alloc_retries": 0, "num_ooms": 0, "num_device_alloc": 14, "num_device_free": 0}}
checkpoint saved to benchmarks/results/persistent_options_20260910/control_final/triton_benchmark_data_dt_0.04_total_t_0.92_threshold_log_18.pkl
step 12/23: exp_val=0.8151603645869913 size=3549247
1976955 --> 3549247 Time taken: 0.05317631999969308 s Norm: 0.999931286316366
Avg throughput (# string / gate / s): 17718740992.333397
allocator: {"step": 12, "seconds": 0.05317631999969308, "live_rows": 3549247, "logical_bytes": 141969880, "backing_storage_bytes": 141969880, "counters": {"allocated_bytes.all.current": 142493696, "allocated_bytes.all.peak": 772459008, "requested_bytes.all.current": 141994432, "requested_bytes.all.peak": 771958024, "reserved_bytes.all.current": 950009856, "reserved_bytes.all.peak": 950009856, "inactive_split_bytes.all.current": 0, "inactive_split_bytes.all.peak": 0, "segment.all.current": 0, "segment.all.allocated": 0, "num_alloc_retries": 0, "num_ooms": 0, "num_device_alloc": 16, "num_device_free": 0}}
checkpoint saved to benchmarks/results/persistent_options_20260910/control_final/triton_benchmark_data_dt_0.04_total_t_0.92_threshold_log_18.pkl
step 13/23: exp_val=0.8141926215418307 size=6130432
3549247 --> 6130432 Time taken: 0.07544391600004019 s Norm: 0.9998624143359776
Avg throughput (# string / gate / s): 21875657534.785454
allocator: {"step": 13, "seconds": 0.07544391600004019, "live_rows": 6130432, "logical_bytes": 245217280, "backing_storage_bytes": 245217280, "counters": {"allocated_bytes.all.current": 245741056, "allocated_bytes.all.peak": 1353710080, "requested_bytes.all.current": 245241832, "requested_bytes.all.peak": 1353209408, "reserved_bytes.all.current": 1767899136, "reserved_bytes.all.peak": 1767899136, "inactive_split_bytes.all.current": 0, "inactive_split_bytes.all.peak": 0, "segment.all.current": 0, "segment.all.allocated": 0, "num_alloc_retries": 0, "num_ooms": 0, "num_device_alloc": 19, "num_device_free": 0}}
checkpoint saved to benchmarks/results/persistent_options_20260910/control_final/triton_benchmark_data_dt_0.04_total_t_0.92_threshold_log_18.pkl
step 14/23: exp_val=0.815447644118562 size=10181702
6130432 --> 10181702 Time taken: 0.11385582900038571 s Norm: 0.9997402479810493
Avg throughput (# string / gate / s): 24427549045.298138
allocator: {"step": 14, "seconds": 0.11385582900038571, "live_rows": 10181702, "logical_bytes": 407268080, "backing_storage_bytes": 407268080, "counters": {"allocated_bytes.all.current": 407792640, "allocated_bytes.all.peak": 2338634240, "requested_bytes.all.current": 407292632, "requested_bytes.all.peak": 2338133696, "reserved_bytes.all.current": 2984247296, "reserved_bytes.all.peak": 2984247296, "inactive_split_bytes.all.current": 0, "inactive_split_bytes.all.peak": 0, "segment.all.current": 0, "segment.all.allocated": 0, "num_alloc_retries": 0, "num_ooms": 0, "num_device_alloc": 22, "num_device_free": 0}}
checkpoint saved to benchmarks/results/persistent_options_20260910/control_final/triton_benchmark_data_dt_0.04_total_t_0.92_threshold_log_18.pkl
step 15/23: exp_val=0.8203666324612634 size=16322811
10181702 --> 16322811 Time taken: 0.1760101650006618 s Norm: 0.9995340559197724
Avg throughput (# string / gate / s): 25674764105.147045
allocator: {"step": 15, "seconds": 0.1760101650006618, "live_rows": 16322811, "logical_bytes": 652912440, "backing_storage_bytes": 652912440, "counters": {"allocated_bytes.all.current": 653436416, "allocated_bytes.all.peak": 3833123840, "requested_bytes.all.current": 652936992, "requested_bytes.all.peak": 3832622792, "reserved_bytes.all.current": 4955570176, "reserved_bytes.all.peak": 4955570176, "inactive_split_bytes.all.current": 0, "inactive_split_bytes.all.peak": 0, "segment.all.current": 0, "segment.all.allocated": 0, "num_alloc_retries": 0, "num_ooms": 0, "num_device_alloc": 24, "num_device_free": 0}}
checkpoint saved to benchmarks/results/persistent_options_20260910/control_final/triton_benchmark_data_dt_0.04_total_t_0.92_threshold_log_18.pkl
step 16/23: exp_val=0.8280233077359688 size=25858045
16322811 --> 25858045 Time taken: 0.25617103799959295 s Norm: 0.9992001574003456
Avg throughput (# string / gate / s): 28074352214.677086
allocator: {"step": 16, "seconds": 0.25617103799959295, "live_rows": 25858045, "logical_bytes": 1034321800, "backing_storage_bytes": 1034321800, "counters": {"allocated_bytes.all.current": 1034845696, "allocated_bytes.all.peak": 5767641600, "requested_bytes.all.current": 1034346352, "requested_bytes.all.peak": 5767140952, "reserved_bytes.all.current": 8038383616, "reserved_bytes.all.peak": 8038383616, "inactive_split_bytes.all.current": 0, "inactive_split_bytes.all.peak": 0, "segment.all.current": 0, "segment.all.allocated": 0, "num_alloc_retries": 0, "num_ooms": 0, "num_device_alloc": 27, "num_device_free": 0}}
checkpoint saved to benchmarks/results/persistent_options_20260910/control_final/triton_benchmark_data_dt_0.04_total_t_0.92_threshold_log_18.pkl
step 17/23: exp_val=0.8367044405454915 size=39217720
25858045 --> 39217720 Time taken: 0.38691892599945277 s Norm: 0.9986757586046362
Avg throughput (# string / gate / s): 28676338082.556583
allocator: {"step": 17, "seconds": 0.38691892599945277, "live_rows": 39217720, "logical_bytes": 1568708800, "backing_storage_bytes": 1568708800, "counters": {"allocated_bytes.all.current": 1569232896, "allocated_bytes.all.peak": 9042936832, "requested_bytes.all.current": 1568733352, "requested_bytes.all.peak": 9042436624, "reserved_bytes.all.current": 10492051456, "reserved_bytes.all.peak": 10492051456, "inactive_split_bytes.all.current": 0, "inactive_split_bytes.all.peak": 0, "segment.all.current": 0, "segment.all.allocated": 0, "num_alloc_retries": 0, "num_ooms": 0, "num_device_alloc": 29, "num_device_free": 0}}
checkpoint saved to benchmarks/results/persistent_options_20260910/control_final/triton_benchmark_data_dt_0.04_total_t_0.92_threshold_log_18.pkl
step 18/23: exp_val=0.8444610679717854 size=56220919
39217720 --> 56220919 Time taken: 0.581661962999533 s Norm: 0.9978860110571318
Avg throughput (# string / gate / s): 27975506367.283405
allocator: {"step": 18, "seconds": 0.581661962999533, "live_rows": 56220919, "logical_bytes": 2248836760, "backing_storage_bytes": 2248836760, "counters": {"allocated_bytes.all.current": 2249360896, "allocated_bytes.all.peak": 12777348096, "requested_bytes.all.current": 2248861312, "requested_bytes.all.peak": 12776846864, "reserved_bytes.all.current": 17119051776, "reserved_bytes.all.peak": 17119051776, "inactive_split_bytes.all.current": 0, "inactive_split_bytes.all.peak": 0, "segment.all.current": 0, "segment.all.allocated": 0, "num_alloc_retries": 0, "num_ooms": 0, "num_device_alloc": 32, "num_device_free": 0}}
checkpoint saved to benchmarks/results/persistent_options_20260910/control_final/triton_benchmark_data_dt_0.04_total_t_0.92_threshold_log_18.pkl
step 19/23: exp_val=0.8492094770487931 size=76647324
56220919 --> 76647324 Time taken: 0.8183549699997457 s Norm: 0.9967600094854395
Avg throughput (# string / gate / s): 27682407099.583008
allocator: {"step": 19, "seconds": 0.8183549699997457, "live_rows": 76647324, "logical_bytes": 3065892960, "backing_storage_bytes": 3065892960, "counters": {"allocated_bytes.all.current": 3066417152, "allocated_bytes.all.peak": 18328969216, "requested_bytes.all.current": 3065917512, "requested_bytes.all.peak": 18328467528, "reserved_bytes.all.current": 22424846336, "reserved_bytes.all.peak": 22424846336, "inactive_split_bytes.all.current": 0, "inactive_split_bytes.all.peak": 0, "segment.all.current": 0, "segment.all.allocated": 0, "num_alloc_retries": 0, "num_ooms": 0, "num_device_alloc": 34, "num_device_free": 0}}
checkpoint saved to benchmarks/results/persistent_options_20260910/control_final/triton_benchmark_data_dt_0.04_total_t_0.92_threshold_log_18.pkl
step 20/23: exp_val=0.8506241991368324 size=101566136
76647324 --> 101566136 Time taken: 1.0287651640001059 s Norm: 0.9952369396750247
Avg throughput (# string / gate / s): 29535793000.46835
allocator: {"step": 20, "seconds": 1.0287651640001059, "live_rows": 101566136, "logical_bytes": 4062645440, "backing_storage_bytes": 4062645440, "counters": {"allocated_bytes.all.current": 4063169536, "allocated_bytes.all.peak": 23620257792, "requested_bytes.all.current": 4062669992, "requested_bytes.all.peak": 23619757088, "reserved_bytes.all.current": 28527558656, "reserved_bytes.all.peak": 28527558656, "inactive_split_bytes.all.current": 0, "inactive_split_bytes.all.peak": 0, "segment.all.current": 0, "segment.all.allocated": 0, "num_alloc_retries": 0, "num_ooms": 0, "num_device_alloc": 37, "num_device_free": 0}}
checkpoint saved to benchmarks/results/persistent_options_20260910/control_final/triton_benchmark_data_dt_0.04_total_t_0.92_threshold_log_18.pkl
step 21/23: exp_val=0.850741867423668 size=133423815
101566136 --> 133423815 Time taken: 1.4305942579994735 s Norm: 0.9932426692811729
Avg throughput (# string / gate / s): 28006394141.080597
allocator: {"step": 21, "seconds": 1.4305942579994735, "live_rows": 133423815, "logical_bytes": 5336952600, "backing_storage_bytes": 5336952600, "counters": {"allocated_bytes.all.current": 5337477120, "allocated_bytes.all.peak": 32025849344, "requested_bytes.all.current": 5336977152, "requested_bytes.all.peak": 32025347976, "reserved_bytes.all.current": 39558578176, "reserved_bytes.all.peak": 39558578176, "inactive_split_bytes.all.current": 0, "inactive_split_bytes.all.peak": 0, "segment.all.current": 0, "segment.all.allocated": 0, "num_alloc_retries": 0, "num_ooms": 0, "num_device_alloc": 39, "num_device_free": 0}}
checkpoint saved to benchmarks/results/persistent_options_20260910/control_final/triton_benchmark_data_dt_0.04_total_t_0.92_threshold_log_18.pkl
step 22/23: exp_val=0.8485055402732968 size=173836555
133423815 --> 173836555 Time taken: 1.7608489880003617 s Norm: 0.99065323510181
Avg throughput (# string / gate / s): 29751496830.22633
allocator: {"step": 22, "seconds": 1.7608489880003617, "live_rows": 173836555, "logical_bytes": 6953462200, "backing_storage_bytes": 6953462200, "counters": {"allocated_bytes.all.current": 6953986560, "allocated_bytes.all.peak": 40729754624, "requested_bytes.all.current": 6953486752, "requested_bytes.all.peak": 40729253136, "reserved_bytes.all.current": 57573113856, "reserved_bytes.all.peak": 57573113856, "inactive_split_bytes.all.current": 0, "inactive_split_bytes.all.peak": 0, "segment.all.current": 0, "segment.all.allocated": 0, "num_alloc_retries": 0, "num_ooms": 0, "num_device_alloc": 42, "num_device_free": 0}}
checkpoint saved to benchmarks/results/persistent_options_20260910/control_final/triton_benchmark_data_dt_0.04_total_t_0.92_threshold_log_18.pkl
step 23/23: exp_val=0.846651058594837 size=221899620
173836555 --> 221899620 Time taken: 2.2742810030003966 s Norm: 0.9873090532359033
Avg throughput (# string / gate / s): 29667845683.31033
allocator: {"step": 23, "seconds": 2.2742810030003966, "live_rows": 221899620, "logical_bytes": 8875984800, "backing_storage_bytes": 8875984800, "counters": {"allocated_bytes.all.current": 8876509184, "allocated_bytes.all.peak": 50914454528, "requested_bytes.all.current": 8876009352, "requested_bytes.all.peak": 50913953176, "reserved_bytes.all.current": 70428655616, "reserved_bytes.all.peak": 70428655616, "inactive_split_bytes.all.current": 0, "inactive_split_bytes.all.peak": 0, "segment.all.current": 0, "segment.all.allocated": 0, "num_alloc_retries": 0, "num_ooms": 0, "num_device_alloc": 44, "num_device_free": 0}}
checkpoint saved to benchmarks/results/persistent_options_20260910/control_final/triton_benchmark_data_dt_0.04_total_t_0.92_threshold_log_18.pkl
Wrote benchmark data to benchmarks/results/persistent_options_20260910/control_final/triton_benchmark_data_dt_0.04_total_t_0.92_threshold_log_18.pkl
final results = [1.0, 0.9872680689481184, 0.9527802865260726, 0.9061848081047893, 0.859518323777968, 0.823102147262767, 0.8023600634140253, 0.7966507053448577, 0.8007972470919499, 0.8081610177151826, 0.8139538929652546, 0.8160403794848188, 0.8151603645869913, 0.8141926215418307, 0.815447644118562, 0.8203666324612634, 0.8280233077359688, 0.8367044405454915, 0.8444610679717854, 0.8492094770487931, 0.8506241991368324, 0.850741867423668, 0.8485055402732968, 0.846651058594837]
