Running 23 steps on 11x11 OBC lattice with backend=triton, precision=double
dt=0.04, total_t=0.92, threshold=3.814697265625e-06, max_num_str=1000000000
per-step gate count=341
Triton timing mode: warm one pass per step; synchronized second pass
initial observable expectation=1.0 size=1
step 1/23: exp_val=0.9872680689481184 size=106
initial --> 106 Time taken: 0.01570792300026369 s Norm: 0.9999999999784838
allocator: {"step": 1, "seconds": 0.01570792300026369, "live_rows": 106, "logical_bytes": 4240, "backing_storage_bytes": 4240, "counters": {"allocated_bytes.all.current": 353792, "allocated_bytes.all.peak": 368640, "requested_bytes.all.current": 23336, "requested_bytes.all.peak": 35752, "reserved_bytes.all.current": 2097152, "reserved_bytes.all.peak": 2097152, "inactive_split_bytes.all.current": 0, "inactive_split_bytes.all.peak": 0, "segment.all.current": 0, "segment.all.allocated": 0, "num_alloc_retries": 0, "num_ooms": 0, "num_device_alloc": 1, "num_device_free": 0}}
checkpoint saved to benchmarks/results/persistent_options_20260910/compact03/triton_benchmark_data_dt_0.04_total_t_0.92_threshold_log_18.pkl
step 2/23: exp_val=0.9527802865260726 size=853
106 --> 853 Time taken: 0.015943417999551457 s Norm: 0.9999999981639017
Avg throughput (# string / gate / s): 10255611.438187225
allocator: {"step": 2, "seconds": 0.015943417999551457, "live_rows": 853, "logical_bytes": 34120, "backing_storage_bytes": 34120, "counters": {"allocated_bytes.all.current": 384000, "allocated_bytes.all.peak": 513024, "requested_bytes.all.current": 53216, "requested_bytes.all.peak": 181208, "reserved_bytes.all.current": 2097152, "reserved_bytes.all.peak": 2097152, "inactive_split_bytes.all.current": 0, "inactive_split_bytes.all.peak": 0, "segment.all.current": 0, "segment.all.allocated": 0, "num_alloc_retries": 0, "num_ooms": 0, "num_device_alloc": 1, "num_device_free": 0}}
checkpoint saved to benchmarks/results/persistent_options_20260910/compact03/triton_benchmark_data_dt_0.04_total_t_0.92_threshold_log_18.pkl
step 3/23: exp_val=0.9061848081047893 size=2542
853 --> 2542 Time taken: 0.01631124799951067 s Norm: 0.999999990348529
Avg throughput (# string / gate / s): 35487627.92505915
allocator: {"step": 3, "seconds": 0.01631124799951067, "live_rows": 2542, "logical_bytes": 101680, "backing_storage_bytes": 101680, "counters": {"allocated_bytes.all.current": 451072, "allocated_bytes.all.peak": 826368, "requested_bytes.all.current": 120776, "requested_bytes.all.peak": 493400, "reserved_bytes.all.current": 2097152, "reserved_bytes.all.peak": 2097152, "inactive_split_bytes.all.current": 0, "inactive_split_bytes.all.peak": 0, "segment.all.current": 0, "segment.all.allocated": 0, "num_alloc_retries": 0, "num_ooms": 0, "num_device_alloc": 1, "num_device_free": 0}}
checkpoint saved to benchmarks/results/persistent_options_20260910/compact03/triton_benchmark_data_dt_0.04_total_t_0.92_threshold_log_18.pkl
step 4/23: exp_val=0.859518323777968 size=6896
2542 --> 6896 Time taken: 0.0166160859998854 s Norm: 0.9999999574838114
Avg throughput (# string / gate / s): 96844648.01223937
allocator: {"step": 4, "seconds": 0.0166160859998854, "live_rows": 6896, "logical_bytes": 275840, "backing_storage_bytes": 275840, "counters": {"allocated_bytes.all.current": 625152, "allocated_bytes.all.peak": 1780224, "requested_bytes.all.current": 294936, "requested_bytes.all.peak": 1448576, "reserved_bytes.all.current": 4194304, "reserved_bytes.all.peak": 4194304, "inactive_split_bytes.all.current": 0, "inactive_split_bytes.all.peak": 0, "segment.all.current": 0, "segment.all.allocated": 0, "num_alloc_retries": 0, "num_ooms": 0, "num_device_alloc": 2, "num_device_free": 0}}
checkpoint saved to benchmarks/results/persistent_options_20260910/compact03/triton_benchmark_data_dt_0.04_total_t_0.92_threshold_log_18.pkl
step 5/23: exp_val=0.8231021472627669 size=17890
6896 --> 17890 Time taken: 0.016875734000677767 s Norm: 0.9999998707879175
Avg throughput (# string / gate / s): 250419507.66883823
allocator: {"step": 5, "seconds": 0.016875734000677767, "live_rows": 17890, "logical_bytes": 715600, "backing_storage_bytes": 715600, "counters": {"allocated_bytes.all.current": 1065472, "allocated_bytes.all.peak": 4181504, "requested_bytes.all.current": 734696, "requested_bytes.all.peak": 3849592, "reserved_bytes.all.current": 25165824, "reserved_bytes.all.peak": 25165824, "inactive_split_bytes.all.current": 0, "inactive_split_bytes.all.peak": 0, "segment.all.current": 0, "segment.all.allocated": 0, "num_alloc_retries": 0, "num_ooms": 0, "num_device_alloc": 3, "num_device_free": 0}}
checkpoint saved to benchmarks/results/persistent_options_20260910/compact03/triton_benchmark_data_dt_0.04_total_t_0.92_threshold_log_18.pkl
step 6/23: exp_val=0.8023600634140251 size=45249
17890 --> 45249 Time taken: 0.017531952999888745 s Norm: 0.9999996255342495
Avg throughput (# string / gate / s): 614033102.8761208
allocator: {"step": 6, "seconds": 0.017531952999888745, "live_rows": 45249, "logical_bytes": 1809960, "backing_storage_bytes": 1809960, "counters": {"allocated_bytes.all.current": 2160128, "allocated_bytes.all.peak": 9095680, "requested_bytes.all.current": 1829056, "requested_bytes.all.peak": 8764040, "reserved_bytes.all.current": 27262976, "reserved_bytes.all.peak": 27262976, "inactive_split_bytes.all.current": 0, "inactive_split_bytes.all.peak": 0, "segment.all.current": 0, "segment.all.allocated": 0, "num_alloc_retries": 0, "num_ooms": 0, "num_device_alloc": 4, "num_device_free": 0}}
checkpoint saved to benchmarks/results/persistent_options_20260910/compact03/triton_benchmark_data_dt_0.04_total_t_0.92_threshold_log_18.pkl
step 7/23: exp_val=0.7966507053448576 size=105972
45249 --> 105972 Time taken: 0.01820944400060398 s Norm: 0.9999989908817498
Avg throughput (# string / gate / s): 1415923544.900372
allocator: {"step": 7, "seconds": 0.01820944400060398, "live_rows": 105972, "logical_bytes": 4238880, "backing_storage_bytes": 4238880, "counters": {"allocated_bytes.all.current": 4588544, "allocated_bytes.all.peak": 20770816, "requested_bytes.all.current": 4257976, "requested_bytes.all.peak": 20438496, "reserved_bytes.all.current": 48234496, "reserved_bytes.all.peak": 48234496, "inactive_split_bytes.all.current": 0, "inactive_split_bytes.all.peak": 0, "segment.all.current": 0, "segment.all.allocated": 0, "num_alloc_retries": 0, "num_ooms": 0, "num_device_alloc": 5, "num_device_free": 0}}
checkpoint saved to benchmarks/results/persistent_options_20260910/compact03/triton_benchmark_data_dt_0.04_total_t_0.92_threshold_log_18.pkl
step 8/23: exp_val=0.8007972470919497 size=228871
105972 --> 228871 Time taken: 0.019730051999431453 s Norm: 0.9999973061599748
Avg throughput (# string / gate / s): 2893592551.182589
allocator: {"step": 8, "seconds": 0.019730051999431453, "live_rows": 228871, "logical_bytes": 9154840, "backing_storage_bytes": 9154840, "counters": {"allocated_bytes.all.current": 9504768, "allocated_bytes.all.peak": 47707648, "requested_bytes.all.current": 9173936, "requested_bytes.all.peak": 47376008, "reserved_bytes.all.current": 90177536, "reserved_bytes.all.peak": 90177536, "inactive_split_bytes.all.current": 0, "inactive_split_bytes.all.peak": 0, "segment.all.current": 0, "segment.all.allocated": 0, "num_alloc_retries": 0, "num_ooms": 0, "num_device_alloc": 7, "num_device_free": 0}}
checkpoint saved to benchmarks/results/persistent_options_20260910/compact03/triton_benchmark_data_dt_0.04_total_t_0.92_threshold_log_18.pkl
step 9/23: exp_val=0.8081610177151828 size=487404
228871 --> 487404 Time taken: 0.02157726899986301 s Norm: 0.9999934550044425
Avg throughput (# string / gate / s): 5659886221.040084
allocator: {"step": 9, "seconds": 0.02157726899986301, "live_rows": 487404, "logical_bytes": 19496160, "backing_storage_bytes": 19496160, "counters": {"allocated_bytes.all.current": 19845632, "allocated_bytes.all.peak": 101123584, "requested_bytes.all.current": 19515256, "requested_bytes.all.peak": 100791472, "reserved_bytes.all.current": 153092096, "reserved_bytes.all.peak": 153092096, "inactive_split_bytes.all.current": 0, "inactive_split_bytes.all.peak": 0, "segment.all.current": 0, "segment.all.allocated": 0, "num_alloc_retries": 0, "num_ooms": 0, "num_device_alloc": 9, "num_device_free": 0}}
checkpoint saved to benchmarks/results/persistent_options_20260910/compact03/triton_benchmark_data_dt_0.04_total_t_0.92_threshold_log_18.pkl
step 10/23: exp_val=0.8139538929652544 size=994285
487404 --> 994285 Time taken: 0.026268509999681555 s Norm: 0.9999849634848978
Avg throughput (# string / gate / s): 9617141379.661903
allocator: {"step": 10, "seconds": 0.026268509999681555, "live_rows": 994285, "logical_bytes": 39771400, "backing_storage_bytes": 39771400, "counters": {"allocated_bytes.all.current": 40120832, "allocated_bytes.all.peak": 210794496, "requested_bytes.all.current": 39790496, "requested_bytes.all.peak": 210462800, "reserved_bytes.all.current": 320864256, "reserved_bytes.all.peak": 320864256, "inactive_split_bytes.all.current": 0, "inactive_split_bytes.all.peak": 0, "segment.all.current": 0, "segment.all.allocated": 0, "num_alloc_retries": 0, "num_ooms": 0, "num_device_alloc": 14, "num_device_free": 0}}
checkpoint saved to benchmarks/results/persistent_options_20260910/compact03/triton_benchmark_data_dt_0.04_total_t_0.92_threshold_log_18.pkl
step 11/23: exp_val=0.8160403794848188 size=1976955
994285 --> 1976955 Time taken: 0.03463680000004388 s Norm: 0.9999673017535258
Avg throughput (# string / gate / s): 14625959095.509928
allocator: {"step": 11, "seconds": 0.03463680000004388, "live_rows": 1976955, "logical_bytes": 79078200, "backing_storage_bytes": 79078200, "counters": {"allocated_bytes.all.current": 79427584, "allocated_bytes.all.peak": 416914432, "requested_bytes.all.current": 79097296, "requested_bytes.all.peak": 416582976, "reserved_bytes.all.current": 614465536, "reserved_bytes.all.peak": 614465536, "inactive_split_bytes.all.current": 0, "inactive_split_bytes.all.peak": 0, "segment.all.current": 0, "segment.all.allocated": 0, "num_alloc_retries": 0, "num_ooms": 0, "num_device_alloc": 18, "num_device_free": 0}}
checkpoint saved to benchmarks/results/persistent_options_20260910/compact03/triton_benchmark_data_dt_0.04_total_t_0.92_threshold_log_18.pkl
step 12/23: exp_val=0.8151603645869911 size=3549247
1976955 --> 3549247 Time taken: 0.05064997199951904 s Norm: 0.9999312863163659
Avg throughput (# string / gate / s): 18602526394.465668
allocator: {"step": 12, "seconds": 0.05064997199951904, "live_rows": 3549247, "logical_bytes": 141969880, "backing_storage_bytes": 141969880, "counters": {"allocated_bytes.all.current": 142319104, "allocated_bytes.all.peak": 777516544, "requested_bytes.all.current": 141988976, "requested_bytes.all.peak": 777184448, "reserved_bytes.all.current": 1054867456, "reserved_bytes.all.peak": 1054867456, "inactive_split_bytes.all.current": 0, "inactive_split_bytes.all.peak": 0, "segment.all.current": 0, "segment.all.allocated": 0, "num_alloc_retries": 0, "num_ooms": 0, "num_device_alloc": 22, "num_device_free": 0}}
checkpoint saved to benchmarks/results/persistent_options_20260910/compact03/triton_benchmark_data_dt_0.04_total_t_0.92_threshold_log_18.pkl
step 13/23: exp_val=0.8141926215418309 size=6130432
3549247 --> 6130432 Time taken: 0.07706411799972557 s Norm: 0.9998624143359776
Avg throughput (# string / gate / s): 21415742012.461327
allocator: {"step": 13, "seconds": 0.07706411799972557, "live_rows": 6130432, "logical_bytes": 245217280, "backing_storage_bytes": 245217280, "counters": {"allocated_bytes.all.current": 245566464, "allocated_bytes.all.peak": 1357881856, "requested_bytes.all.current": 245236376, "requested_bytes.all.peak": 1357550232, "reserved_bytes.all.current": 1977614336, "reserved_bytes.all.peak": 1977614336, "inactive_split_bytes.all.current": 0, "inactive_split_bytes.all.peak": 0, "segment.all.current": 0, "segment.all.allocated": 0, "num_alloc_retries": 0, "num_ooms": 0, "num_device_alloc": 27, "num_device_free": 0}}
checkpoint saved to benchmarks/results/persistent_options_20260910/compact03/triton_benchmark_data_dt_0.04_total_t_0.92_threshold_log_18.pkl
step 14/23: exp_val=0.8154476441185621 size=10181702
6130432 --> 10181702 Time taken: 0.12461998500020854 s Norm: 0.9997402479810493
Avg throughput (# string / gate / s): 22317598954.89753
allocator: {"step": 14, "seconds": 0.12461998500020854, "live_rows": 10181702, "logical_bytes": 407268080, "backing_storage_bytes": 407268080, "counters": {"allocated_bytes.all.current": 407618048, "allocated_bytes.all.peak": 2344621568, "requested_bytes.all.current": 407287176, "requested_bytes.all.peak": 2344289840, "reserved_bytes.all.current": 3068133376, "reserved_bytes.all.peak": 3068133376, "inactive_split_bytes.all.current": 0, "inactive_split_bytes.all.peak": 0, "segment.all.current": 0, "segment.all.allocated": 0, "num_alloc_retries": 0, "num_ooms": 0, "num_device_alloc": 32, "num_device_free": 0}}
checkpoint saved to benchmarks/results/persistent_options_20260910/compact03/triton_benchmark_data_dt_0.04_total_t_0.92_threshold_log_18.pkl
step 15/23: exp_val=0.8203666324612636 size=16322811
10181702 --> 16322811 Time taken: 0.19571982900015428 s Norm: 0.9995340559197723
Avg throughput (# string / gate / s): 23089226521.327267
allocator: {"step": 15, "seconds": 0.19571982900015428, "live_rows": 16322811, "logical_bytes": 652912440, "backing_storage_bytes": 652912440, "counters": {"allocated_bytes.all.current": 653261824, "allocated_bytes.all.peak": 3869399040, "requested_bytes.all.current": 652931536, "requested_bytes.all.peak": 3869066656, "reserved_bytes.all.current": 5123342336, "reserved_bytes.all.peak": 5123342336, "inactive_split_bytes.all.current": 0, "inactive_split_bytes.all.peak": 0, "segment.all.current": 0, "segment.all.allocated": 0, "num_alloc_retries": 0, "num_ooms": 0, "num_device_alloc": 36, "num_device_free": 0}}
checkpoint saved to benchmarks/results/persistent_options_20260910/compact03/triton_benchmark_data_dt_0.04_total_t_0.92_threshold_log_18.pkl
step 16/23: exp_val=0.8280233077359687 size=25858045
16322811 --> 25858045 Time taken: 0.29378960899975937 s Norm: 0.9992001574003456
Avg throughput (# string / gate / s): 24479544979.43421
allocator: {"step": 16, "seconds": 0.29378960899975937, "live_rows": 25858045, "logical_bytes": 1034321800, "backing_storage_bytes": 1034321800, "counters": {"allocated_bytes.all.current": 1034671104, "allocated_bytes.all.peak": 5828173312, "requested_bytes.all.current": 1034340896, "requested_bytes.all.peak": 5827841736, "reserved_bytes.all.current": 8667529216, "reserved_bytes.all.peak": 8667529216, "inactive_split_bytes.all.current": 0, "inactive_split_bytes.all.peak": 0, "segment.all.current": 0, "segment.all.allocated": 0, "num_alloc_retries": 0, "num_ooms": 0, "num_device_alloc": 40, "num_device_free": 0}}
checkpoint saved to benchmarks/results/persistent_options_20260910/compact03/triton_benchmark_data_dt_0.04_total_t_0.92_threshold_log_18.pkl
step 17/23: exp_val=0.8367044405454915 size=39217720
25858045 --> 39217720 Time taken: 0.47688658900005976 s Norm: 0.9986757586046362
Avg throughput (# string / gate / s): 23266366025.86157
allocator: {"step": 17, "seconds": 0.47688658900005976, "live_rows": 39217720, "logical_bytes": 1568708800, "backing_storage_bytes": 1568708800, "counters": {"allocated_bytes.all.current": 1569058304, "allocated_bytes.all.peak": 9149320704, "requested_bytes.all.current": 1568727896, "requested_bytes.all.peak": 9148988808, "reserved_bytes.all.current": 12379488256, "reserved_bytes.all.peak": 12379488256, "inactive_split_bytes.all.current": 0, "inactive_split_bytes.all.peak": 0, "segment.all.current": 0, "segment.all.allocated": 0, "num_alloc_retries": 0, "num_ooms": 0, "num_device_alloc": 44, "num_device_free": 0}}
checkpoint saved to benchmarks/results/persistent_options_20260910/compact03/triton_benchmark_data_dt_0.04_total_t_0.92_threshold_log_18.pkl
step 18/23: exp_val=0.8444610679717854 size=56220919
39217720 --> 56220919 Time taken: 0.6694813650001379 s Norm: 0.9978860110571319
Avg throughput (# string / gate / s): 24305811633.004375
allocator: {"step": 18, "seconds": 0.6694813650001379, "live_rows": 56220919, "logical_bytes": 2248836760, "backing_storage_bytes": 2248836760, "counters": {"allocated_bytes.all.current": 2249186304, "allocated_bytes.all.peak": 12778732032, "requested_bytes.all.current": 2248855856, "requested_bytes.all.peak": 12778399688, "reserved_bytes.all.current": 17181966336, "reserved_bytes.all.peak": 17181966336, "inactive_split_bytes.all.current": 0, "inactive_split_bytes.all.peak": 0, "segment.all.current": 0, "segment.all.allocated": 0, "num_alloc_retries": 0, "num_ooms": 0, "num_device_alloc": 48, "num_device_free": 0}}
checkpoint saved to benchmarks/results/persistent_options_20260910/compact03/triton_benchmark_data_dt_0.04_total_t_0.92_threshold_log_18.pkl
step 19/23: exp_val=0.849209477048793 size=76647324
56220919 --> 76647324 Time taken: 0.9604801229997975 s Norm: 0.9967600094854394
Avg throughput (# string / gate / s): 23586157473.770832
allocator: {"step": 19, "seconds": 0.9604801229997975, "live_rows": 76647324, "logical_bytes": 3065892960, "backing_storage_bytes": 3065892960, "counters": {"allocated_bytes.all.current": 3066242560, "allocated_bytes.all.peak": 18297973760, "requested_bytes.all.current": 3065912056, "requested_bytes.all.peak": 18297641752, "reserved_bytes.all.current": 26619150336, "reserved_bytes.all.peak": 26619150336, "inactive_split_bytes.all.current": 0, "inactive_split_bytes.all.peak": 0, "segment.all.current": 0, "segment.all.allocated": 0, "num_alloc_retries": 0, "num_ooms": 0, "num_device_alloc": 53, "num_device_free": 0}}
checkpoint saved to benchmarks/results/persistent_options_20260910/compact03/triton_benchmark_data_dt_0.04_total_t_0.92_threshold_log_18.pkl
step 20/23: exp_val=0.8506241991368324 size=101566136
76647324 --> 101566136 Time taken: 1.2673228470002869 s Norm: 0.9952369396750247
Avg throughput (# string / gate / s): 23976049198.451103
allocator: {"step": 20, "seconds": 1.2673228470002869, "live_rows": 101566136, "logical_bytes": 4062645440, "backing_storage_bytes": 4062645440, "counters": {"allocated_bytes.all.current": 4062994944, "allocated_bytes.all.peak": 23620083200, "requested_bytes.all.current": 4062664536, "requested_bytes.all.peak": 23619751632, "reserved_bytes.all.current": 32763805696, "reserved_bytes.all.peak": 32763805696, "inactive_split_bytes.all.current": 0, "inactive_split_bytes.all.peak": 0, "segment.all.current": 0, "segment.all.allocated": 0, "num_alloc_retries": 0, "num_ooms": 0, "num_device_alloc": 56, "num_device_free": 0}}
checkpoint saved to benchmarks/results/persistent_options_20260910/compact03/triton_benchmark_data_dt_0.04_total_t_0.92_threshold_log_18.pkl
step 21/23: exp_val=0.8507418674236681 size=133423815
101566136 --> 133423815 Time taken: 1.7197249849996297 s Norm: 0.9932426692811729
Avg throughput (# string / gate / s): 23297787143.278976
allocator: {"step": 21, "seconds": 1.7197249849996297, "live_rows": 133423815, "logical_bytes": 5336952600, "backing_storage_bytes": 5336952600, "counters": {"allocated_bytes.all.current": 5337302528, "allocated_bytes.all.peak": 32406581248, "requested_bytes.all.current": 5336971696, "requested_bytes.all.peak": 32406249200, "reserved_bytes.all.current": 41383100416, "reserved_bytes.all.peak": 41383100416, "inactive_split_bytes.all.current": 0, "inactive_split_bytes.all.peak": 0, "segment.all.current": 0, "segment.all.allocated": 0, "num_alloc_retries": 0, "num_ooms": 0, "num_device_alloc": 58, "num_device_free": 0}}
checkpoint saved to benchmarks/results/persistent_options_20260910/compact03/triton_benchmark_data_dt_0.04_total_t_0.92_threshold_log_18.pkl
step 22/23: exp_val=0.8485055402732968 size=173836555
133423815 --> 173836555 Time taken: 2.1480577980000817 s Norm: 0.99065323510181
Avg throughput (# string / gate / s): 24388493239.695408
allocator: {"step": 22, "seconds": 2.1480577980000817, "live_rows": 173836555, "logical_bytes": 6953462200, "backing_storage_bytes": 6953462200, "counters": {"allocated_bytes.all.current": 6953811968, "allocated_bytes.all.peak": 40955055104, "requested_bytes.all.current": 6953481296, "requested_bytes.all.peak": 40954722520, "reserved_bytes.all.current": 57929629696, "reserved_bytes.all.peak": 57929629696, "inactive_split_bytes.all.current": 0, "inactive_split_bytes.all.peak": 0, "segment.all.current": 0, "segment.all.allocated": 0, "num_alloc_retries": 0, "num_ooms": 0, "num_device_alloc": 62, "num_device_free": 0}}
checkpoint saved to benchmarks/results/persistent_options_20260910/compact03/triton_benchmark_data_dt_0.04_total_t_0.92_threshold_log_18.pkl
step 23/23: exp_val=0.846651058594837 size=221899620
173836555 --> 221899620 Time taken: 2.7774061879999863 s Norm: 0.9873090532359033
Avg throughput (# string / gate / s): 24293536224.201836
allocator: {"step": 23, "seconds": 2.7774061879999863, "live_rows": 221899620, "logical_bytes": 8875984800, "backing_storage_bytes": 8875984800, "counters": {"allocated_bytes.all.current": 8876334592, "allocated_bytes.all.peak": 51274216960, "requested_bytes.all.current": 8876003896, "requested_bytes.all.peak": 51273884720, "reserved_bytes.all.current": 71309459456, "reserved_bytes.all.peak": 71309459456, "inactive_split_bytes.all.current": 0, "inactive_split_bytes.all.peak": 0, "segment.all.current": 0, "segment.all.allocated": 0, "num_alloc_retries": 0, "num_ooms": 0, "num_device_alloc": 65, "num_device_free": 0}}
checkpoint saved to benchmarks/results/persistent_options_20260910/compact03/triton_benchmark_data_dt_0.04_total_t_0.92_threshold_log_18.pkl
Wrote benchmark data to benchmarks/results/persistent_options_20260910/compact03/triton_benchmark_data_dt_0.04_total_t_0.92_threshold_log_18.pkl
final results = [1.0, 0.9872680689481184, 0.9527802865260726, 0.9061848081047893, 0.859518323777968, 0.8231021472627669, 0.8023600634140251, 0.7966507053448576, 0.8007972470919497, 0.8081610177151828, 0.8139538929652544, 0.8160403794848188, 0.8151603645869911, 0.8141926215418309, 0.8154476441185621, 0.8203666324612636, 0.8280233077359687, 0.8367044405454915, 0.8444610679717854, 0.849209477048793, 0.8506241991368324, 0.8507418674236681, 0.8485055402732968, 0.846651058594837]
