Running 23 steps on 11x11 OBC lattice with backend=triton, precision=double
dt=0.04, total_t=0.92, threshold=3.814697265625e-06, max_num_str=1000000000
per-step gate count=341
Triton timing mode: warm one pass per step; synchronized second pass
initial observable expectation=1.0 size=1
step 1/23: exp_val=0.9872680689481184 size=106
initial --> 106 Time taken: 0.02445937500033324 s Norm: 0.9999999999784838
allocator: {"step": 1, "seconds": 0.02445937500033324, "live_rows": 106, "logical_bytes": 4240, "backing_storage_bytes": 4240, "counters": {"allocated_bytes.all.current": 528384, "allocated_bytes.all.peak": 545280, "requested_bytes.all.current": 28792, "requested_bytes.all.peak": 42664, "reserved_bytes.all.current": 2097152, "reserved_bytes.all.peak": 2097152, "inactive_split_bytes.all.current": 0, "inactive_split_bytes.all.peak": 0, "segment.all.current": 0, "segment.all.allocated": 0, "num_alloc_retries": 0, "num_ooms": 0, "num_device_alloc": 1, "num_device_free": 0}}
checkpoint saved to benchmarks/results/persistent_options_20260910/fingerprint/triton_benchmark_data_dt_0.04_total_t_0.92_threshold_log_18.pkl
step 2/23: exp_val=0.9527802865260726 size=853
106 --> 853 Time taken: 0.021090709999953106 s Norm: 0.9999999981639017
Avg throughput (# string / gate / s): 7752678.786079916
allocator: {"step": 2, "seconds": 0.021090709999953106, "live_rows": 853, "logical_bytes": 34120, "backing_storage_bytes": 34120, "counters": {"allocated_bytes.all.current": 558592, "allocated_bytes.all.peak": 702464, "requested_bytes.all.current": 58672, "requested_bytes.all.peak": 200812, "reserved_bytes.all.current": 2097152, "reserved_bytes.all.peak": 2097152, "inactive_split_bytes.all.current": 0, "inactive_split_bytes.all.peak": 0, "segment.all.current": 0, "segment.all.allocated": 0, "num_alloc_retries": 0, "num_ooms": 0, "num_device_alloc": 1, "num_device_free": 0}}
checkpoint saved to benchmarks/results/persistent_options_20260910/fingerprint/triton_benchmark_data_dt_0.04_total_t_0.92_threshold_log_18.pkl
step 3/23: exp_val=0.9061848081047893 size=2542
853 --> 2542 Time taken: 0.021460488999764493 s Norm: 0.999999990348529
Avg throughput (# string / gate / s): 26972707.844930854
allocator: {"step": 3, "seconds": 0.021460488999764493, "live_rows": 2542, "logical_bytes": 101680, "backing_storage_bytes": 101680, "counters": {"allocated_bytes.all.current": 625664, "allocated_bytes.all.peak": 1038848, "requested_bytes.all.current": 126232, "requested_bytes.all.peak": 536320, "reserved_bytes.all.current": 2097152, "reserved_bytes.all.peak": 2097152, "inactive_split_bytes.all.current": 0, "inactive_split_bytes.all.peak": 0, "segment.all.current": 0, "segment.all.allocated": 0, "num_alloc_retries": 0, "num_ooms": 0, "num_device_alloc": 1, "num_device_free": 0}}
checkpoint saved to benchmarks/results/persistent_options_20260910/fingerprint/triton_benchmark_data_dt_0.04_total_t_0.92_threshold_log_18.pkl
step 4/23: exp_val=0.859518323777968 size=6896
2542 --> 6896 Time taken: 0.02165680199959752 s Norm: 0.9999999574838112
Avg throughput (# string / gate / s): 74303629.87249483
allocator: {"step": 4, "seconds": 0.02165680199959752, "live_rows": 6896, "logical_bytes": 275840, "backing_storage_bytes": 275840, "counters": {"allocated_bytes.all.current": 799744, "allocated_bytes.all.peak": 1987072, "requested_bytes.all.current": 300392, "requested_bytes.all.peak": 1485880, "reserved_bytes.all.current": 2097152, "reserved_bytes.all.peak": 2097152, "inactive_split_bytes.all.current": 0, "inactive_split_bytes.all.peak": 0, "segment.all.current": 0, "segment.all.allocated": 0, "num_alloc_retries": 0, "num_ooms": 0, "num_device_alloc": 1, "num_device_free": 0}}
checkpoint saved to benchmarks/results/persistent_options_20260910/fingerprint/triton_benchmark_data_dt_0.04_total_t_0.92_threshold_log_18.pkl
step 5/23: exp_val=0.823102147262767 size=17890
6896 --> 17890 Time taken: 0.022059021000131906 s Norm: 0.9999998707879175
Avg throughput (# string / gate / s): 191577540.9967074
allocator: {"step": 5, "seconds": 0.022059021000131906, "live_rows": 17890, "logical_bytes": 715600, "backing_storage_bytes": 715600, "counters": {"allocated_bytes.all.current": 1240064, "allocated_bytes.all.peak": 4659712, "requested_bytes.all.current": 740152, "requested_bytes.all.peak": 4158084, "reserved_bytes.all.current": 25165824, "reserved_bytes.all.peak": 25165824, "inactive_split_bytes.all.current": 0, "inactive_split_bytes.all.peak": 0, "segment.all.current": 0, "segment.all.allocated": 0, "num_alloc_retries": 0, "num_ooms": 0, "num_device_alloc": 3, "num_device_free": 0}}
checkpoint saved to benchmarks/results/persistent_options_20260910/fingerprint/triton_benchmark_data_dt_0.04_total_t_0.92_threshold_log_18.pkl
step 6/23: exp_val=0.8023600634140251 size=45249
17890 --> 45249 Time taken: 0.022439381999902253 s Norm: 0.9999996255342496
Avg throughput (# string / gate / s): 479745810.2922306
allocator: {"step": 6, "seconds": 0.022439381999902253, "live_rows": 45249, "logical_bytes": 1809960, "backing_storage_bytes": 1809960, "counters": {"allocated_bytes.all.current": 2334720, "allocated_bytes.all.peak": 10938880, "requested_bytes.all.current": 1834512, "requested_bytes.all.peak": 10436584, "reserved_bytes.all.current": 27262976, "reserved_bytes.all.peak": 27262976, "inactive_split_bytes.all.current": 0, "inactive_split_bytes.all.peak": 0, "segment.all.current": 0, "segment.all.allocated": 0, "num_alloc_retries": 0, "num_ooms": 0, "num_device_alloc": 4, "num_device_free": 0}}
checkpoint saved to benchmarks/results/persistent_options_20260910/fingerprint/triton_benchmark_data_dt_0.04_total_t_0.92_threshold_log_18.pkl
step 7/23: exp_val=0.7966507053448579 size=105972
45249 --> 105972 Time taken: 0.023470448000807664 s Norm: 0.9999989908817499
Avg throughput (# string / gate / s): 1098538063.658297
allocator: {"step": 7, "seconds": 0.023470448000807664, "live_rows": 105972, "logical_bytes": 4238880, "backing_storage_bytes": 4238880, "counters": {"allocated_bytes.all.current": 4763136, "allocated_bytes.all.peak": 26307072, "requested_bytes.all.current": 4263432, "requested_bytes.all.peak": 25804732, "reserved_bytes.all.current": 48234496, "reserved_bytes.all.peak": 48234496, "inactive_split_bytes.all.current": 0, "inactive_split_bytes.all.peak": 0, "segment.all.current": 0, "segment.all.allocated": 0, "num_alloc_retries": 0, "num_ooms": 0, "num_device_alloc": 5, "num_device_free": 0}}
checkpoint saved to benchmarks/results/persistent_options_20260910/fingerprint/triton_benchmark_data_dt_0.04_total_t_0.92_threshold_log_18.pkl
step 8/23: exp_val=0.8007972470919498 size=228871
105972 --> 228871 Time taken: 0.02467153099951247 s Norm: 0.999997306159975
Avg throughput (# string / gate / s): 2314032781.391968
allocator: {"step": 8, "seconds": 0.02467153099951247, "live_rows": 228871, "logical_bytes": 9154840, "backing_storage_bytes": 9154840, "counters": {"allocated_bytes.all.current": 9679360, "allocated_bytes.all.peak": 49939456, "requested_bytes.all.current": 9179392, "requested_bytes.all.peak": 49438992, "reserved_bytes.all.current": 69206016, "reserved_bytes.all.peak": 69206016, "inactive_split_bytes.all.current": 0, "inactive_split_bytes.all.peak": 0, "segment.all.current": 0, "segment.all.allocated": 0, "num_alloc_retries": 0, "num_ooms": 0, "num_device_alloc": 6, "num_device_free": 0}}
checkpoint saved to benchmarks/results/persistent_options_20260910/fingerprint/triton_benchmark_data_dt_0.04_total_t_0.92_threshold_log_18.pkl
step 9/23: exp_val=0.8081610177151825 size=487404
228871 --> 487404 Time taken: 0.026381466000202636 s Norm: 0.9999934550044425
Avg throughput (# string / gate / s): 4629192611.929222
allocator: {"step": 9, "seconds": 0.026381466000202636, "live_rows": 487404, "logical_bytes": 19496160, "backing_storage_bytes": 19496160, "counters": {"allocated_bytes.all.current": 20020224, "allocated_bytes.all.peak": 109621248, "requested_bytes.all.current": 19520712, "requested_bytes.all.peak": 109119820, "reserved_bytes.all.current": 174063616, "reserved_bytes.all.peak": 174063616, "inactive_split_bytes.all.current": 0, "inactive_split_bytes.all.peak": 0, "segment.all.current": 0, "segment.all.allocated": 0, "num_alloc_retries": 0, "num_ooms": 0, "num_device_alloc": 9, "num_device_free": 0}}
checkpoint saved to benchmarks/results/persistent_options_20260910/fingerprint/triton_benchmark_data_dt_0.04_total_t_0.92_threshold_log_18.pkl
step 10/23: exp_val=0.8139538929652543 size=994285
487404 --> 994285 Time taken: 0.031024682999486686 s Norm: 0.999984963484898
Avg throughput (# string / gate / s): 8142805987.870361
allocator: {"step": 10, "seconds": 0.031024682999486686, "live_rows": 994285, "logical_bytes": 39771400, "backing_storage_bytes": 39771400, "counters": {"allocated_bytes.all.current": 40295424, "allocated_bytes.all.peak": 225287168, "requested_bytes.all.current": 39795952, "requested_bytes.all.peak": 224786104, "reserved_bytes.all.current": 341835776, "reserved_bytes.all.peak": 341835776, "inactive_split_bytes.all.current": 0, "inactive_split_bytes.all.peak": 0, "segment.all.current": 0, "segment.all.allocated": 0, "num_alloc_retries": 0, "num_ooms": 0, "num_device_alloc": 12, "num_device_free": 0}}
checkpoint saved to benchmarks/results/persistent_options_20260910/fingerprint/triton_benchmark_data_dt_0.04_total_t_0.92_threshold_log_18.pkl
step 11/23: exp_val=0.8160403794848188 size=1976955
994285 --> 1976955 Time taken: 0.039456055000300694 s Norm: 0.9999673017535258
Avg throughput (# string / gate / s): 12839510184.080473
allocator: {"step": 11, "seconds": 0.039456055000300694, "live_rows": 1976955, "logical_bytes": 79078200, "backing_storage_bytes": 79078200, "counters": {"allocated_bytes.all.current": 79602176, "allocated_bytes.all.peak": 432703488, "requested_bytes.all.current": 79102752, "requested_bytes.all.peak": 432201236, "reserved_bytes.all.current": 488636416, "reserved_bytes.all.peak": 488636416, "inactive_split_bytes.all.current": 0, "inactive_split_bytes.all.peak": 0, "segment.all.current": 0, "segment.all.allocated": 0, "num_alloc_retries": 0, "num_ooms": 0, "num_device_alloc": 14, "num_device_free": 0}}
checkpoint saved to benchmarks/results/persistent_options_20260910/fingerprint/triton_benchmark_data_dt_0.04_total_t_0.92_threshold_log_18.pkl
step 12/23: exp_val=0.8151603645869911 size=3549247
1976955 --> 3549247 Time taken: 0.053920854999887524 s Norm: 0.999931286316366
Avg throughput (# string / gate / s): 17474081985.568764
allocator: {"step": 12, "seconds": 0.053920854999887524, "live_rows": 3549247, "logical_bytes": 141969880, "backing_storage_bytes": 141969880, "counters": {"allocated_bytes.all.current": 142493696, "allocated_bytes.all.peak": 835034112, "requested_bytes.all.current": 141994432, "requested_bytes.all.peak": 834532664, "reserved_bytes.all.current": 1075838976, "reserved_bytes.all.peak": 1075838976, "inactive_split_bytes.all.current": 0, "inactive_split_bytes.all.peak": 0, "segment.all.current": 0, "segment.all.allocated": 0, "num_alloc_retries": 0, "num_ooms": 0, "num_device_alloc": 18, "num_device_free": 0}}
checkpoint saved to benchmarks/results/persistent_options_20260910/fingerprint/triton_benchmark_data_dt_0.04_total_t_0.92_threshold_log_18.pkl
step 13/23: exp_val=0.8141926215418307 size=6130432
3549247 --> 6130432 Time taken: 0.07818105899968941 s Norm: 0.9998624143359777
Avg throughput (# string / gate / s): 21109784014.393517
allocator: {"step": 13, "seconds": 0.07818105899968941, "live_rows": 6130432, "logical_bytes": 245217280, "backing_storage_bytes": 245217280, "counters": {"allocated_bytes.all.current": 245741056, "allocated_bytes.all.peak": 1461410304, "requested_bytes.all.current": 245241832, "requested_bytes.all.peak": 1460909132, "reserved_bytes.all.current": 1851785216, "reserved_bytes.all.peak": 1851785216, "inactive_split_bytes.all.current": 0, "inactive_split_bytes.all.peak": 0, "segment.all.current": 0, "segment.all.allocated": 0, "num_alloc_retries": 0, "num_ooms": 0, "num_device_alloc": 20, "num_device_free": 0}}
checkpoint saved to benchmarks/results/persistent_options_20260910/fingerprint/triton_benchmark_data_dt_0.04_total_t_0.92_threshold_log_18.pkl
step 14/23: exp_val=0.8154476441185621 size=10181702
6130432 --> 10181702 Time taken: 0.11788045499997679 s Norm: 0.9997402479810493
Avg throughput (# string / gate / s): 23593553715.079803
allocator: {"step": 14, "seconds": 0.11788045499997679, "live_rows": 10181702, "logical_bytes": 407268080, "backing_storage_bytes": 407268080, "counters": {"allocated_bytes.all.current": 407792640, "allocated_bytes.all.peak": 2521080320, "requested_bytes.all.current": 407292632, "requested_bytes.all.peak": 2520579336, "reserved_bytes.all.current": 2963275776, "reserved_bytes.all.peak": 2963275776, "inactive_split_bytes.all.current": 0, "inactive_split_bytes.all.peak": 0, "segment.all.current": 0, "segment.all.allocated": 0, "num_alloc_retries": 0, "num_ooms": 0, "num_device_alloc": 24, "num_device_free": 0}}
checkpoint saved to benchmarks/results/persistent_options_20260910/fingerprint/triton_benchmark_data_dt_0.04_total_t_0.92_threshold_log_18.pkl
step 15/23: exp_val=0.8203666324612635 size=16322811
10181702 --> 16322811 Time taken: 0.18048311099937564 s Norm: 0.9995340559197724
Avg throughput (# string / gate / s): 25038461723.521782
allocator: {"step": 15, "seconds": 0.18048311099937564, "live_rows": 16322811, "logical_bytes": 652912440, "backing_storage_bytes": 652912440, "counters": {"allocated_bytes.all.current": 653436416, "allocated_bytes.all.peak": 3992349184, "requested_bytes.all.current": 652936992, "requested_bytes.all.peak": 3991848052, "reserved_bytes.all.current": 4703911936, "reserved_bytes.all.peak": 4703911936, "inactive_split_bytes.all.current": 0, "inactive_split_bytes.all.peak": 0, "segment.all.current": 0, "segment.all.allocated": 0, "num_alloc_retries": 0, "num_ooms": 0, "num_device_alloc": 28, "num_device_free": 0}}
checkpoint saved to benchmarks/results/persistent_options_20260910/fingerprint/triton_benchmark_data_dt_0.04_total_t_0.92_threshold_log_18.pkl
step 16/23: exp_val=0.8280233077359687 size=25858045
16322811 --> 25858045 Time taken: 0.2655034170002182 s Norm: 0.9992001574003456
Avg throughput (# string / gate / s): 27087545724.483425
allocator: {"step": 16, "seconds": 0.2655034170002182, "live_rows": 25858045, "logical_bytes": 1034321800, "backing_storage_bytes": 1034321800, "counters": {"allocated_bytes.all.current": 1034845696, "allocated_bytes.all.peak": 6225375232, "requested_bytes.all.current": 1034346352, "requested_bytes.all.peak": 6224874256, "reserved_bytes.all.current": 6696206336, "reserved_bytes.all.peak": 6696206336, "inactive_split_bytes.all.current": 0, "inactive_split_bytes.all.peak": 0, "segment.all.current": 0, "segment.all.allocated": 0, "num_alloc_retries": 0, "num_ooms": 0, "num_device_alloc": 32, "num_device_free": 0}}
checkpoint saved to benchmarks/results/persistent_options_20260910/fingerprint/triton_benchmark_data_dt_0.04_total_t_0.92_threshold_log_18.pkl
step 17/23: exp_val=0.8367044405454914 size=39217720
25858045 --> 39217720 Time taken: 0.3993231150006977 s Norm: 0.9986757586046362
Avg throughput (# string / gate / s): 27785563909.76919
allocator: {"step": 17, "seconds": 0.3993231150006977, "live_rows": 39217720, "logical_bytes": 1568708800, "backing_storage_bytes": 1568708800, "counters": {"allocated_bytes.all.current": 1569232896, "allocated_bytes.all.peak": 9736371712, "requested_bytes.all.current": 1568733352, "requested_bytes.all.peak": 9735871468, "reserved_bytes.all.current": 13008633856, "reserved_bytes.all.peak": 13008633856, "inactive_split_bytes.all.current": 0, "inactive_split_bytes.all.peak": 0, "segment.all.current": 0, "segment.all.allocated": 0, "num_alloc_retries": 0, "num_ooms": 0, "num_device_alloc": 36, "num_device_free": 0}}
checkpoint saved to benchmarks/results/persistent_options_20260910/fingerprint/triton_benchmark_data_dt_0.04_total_t_0.92_threshold_log_18.pkl
step 18/23: exp_val=0.8444610679717857 size=56220919
39217720 --> 56220919 Time taken: 0.5772002419998898 s Norm: 0.9978860110571318
Avg throughput (# string / gate / s): 28191755244.453114
allocator: {"step": 18, "seconds": 0.5772002419998898, "live_rows": 56220919, "logical_bytes": 2248836760, "backing_storage_bytes": 2248836760, "counters": {"allocated_bytes.all.current": 2249360896, "allocated_bytes.all.peak": 13790785536, "requested_bytes.all.current": 2248861312, "requested_bytes.all.peak": 13790284032, "reserved_bytes.all.current": 19111346176, "reserved_bytes.all.peak": 19111346176, "inactive_split_bytes.all.current": 0, "inactive_split_bytes.all.peak": 0, "segment.all.current": 0, "segment.all.allocated": 0, "num_alloc_retries": 0, "num_ooms": 0, "num_device_alloc": 38, "num_device_free": 0}}
checkpoint saved to benchmarks/results/persistent_options_20260910/fingerprint/triton_benchmark_data_dt_0.04_total_t_0.92_threshold_log_18.pkl
step 19/23: exp_val=0.8492094770487931 size=76647324
56220919 --> 76647324 Time taken: 0.8084825810001348 s Norm: 0.9967600094854394
Avg throughput (# string / gate / s): 28020437253.54699
allocator: {"step": 19, "seconds": 0.8084825810001348, "live_rows": 76647324, "logical_bytes": 3065892960, "backing_storage_bytes": 3065892960, "counters": {"allocated_bytes.all.current": 3066417152, "allocated_bytes.all.peak": 19722182144, "requested_bytes.all.current": 3065917512, "requested_bytes.all.peak": 19721679784, "reserved_bytes.all.current": 27499954176, "reserved_bytes.all.peak": 27499954176, "inactive_split_bytes.all.current": 0, "inactive_split_bytes.all.peak": 0, "segment.all.current": 0, "segment.all.allocated": 0, "num_alloc_retries": 0, "num_ooms": 0, "num_device_alloc": 42, "num_device_free": 0}}
checkpoint saved to benchmarks/results/persistent_options_20260910/fingerprint/triton_benchmark_data_dt_0.04_total_t_0.92_threshold_log_18.pkl
step 20/23: exp_val=0.8506241991368324 size=101566136
76647324 --> 101566136 Time taken: 1.0385686850004276 s Norm: 0.9952369396750246
Avg throughput (# string / gate / s): 29256991250.402943
allocator: {"step": 20, "seconds": 1.0385686850004276, "live_rows": 101566136, "logical_bytes": 4062645440, "backing_storage_bytes": 4062645440, "counters": {"allocated_bytes.all.current": 4063169536, "allocated_bytes.all.peak": 25460893696, "requested_bytes.all.current": 4062669992, "requested_bytes.all.peak": 25460392680, "reserved_bytes.all.current": 30058479616, "reserved_bytes.all.peak": 30058479616, "inactive_split_bytes.all.current": 0, "inactive_split_bytes.all.peak": 0, "segment.all.current": 0, "segment.all.allocated": 0, "num_alloc_retries": 0, "num_ooms": 0, "num_device_alloc": 44, "num_device_free": 0}}
checkpoint saved to benchmarks/results/persistent_options_20260910/fingerprint/triton_benchmark_data_dt_0.04_total_t_0.92_threshold_log_18.pkl
step 21/23: exp_val=0.8507418674236681 size=133423815
101566136 --> 133423815 Time taken: 1.4146605450005154 s Norm: 0.9932426692811729
Avg throughput (# string / gate / s): 28321837904.573357
allocator: {"step": 21, "seconds": 1.4146605450005154, "live_rows": 133423815, "logical_bytes": 5336952600, "backing_storage_bytes": 5336952600, "counters": {"allocated_bytes.all.current": 5337477120, "allocated_bytes.all.peak": 33325155840, "requested_bytes.all.current": 5336977152, "requested_bytes.all.peak": 33324653964, "reserved_bytes.all.current": 42893049856, "reserved_bytes.all.peak": 42893049856, "inactive_split_bytes.all.current": 0, "inactive_split_bytes.all.peak": 0, "segment.all.current": 0, "segment.all.allocated": 0, "num_alloc_retries": 0, "num_ooms": 0, "num_device_alloc": 47, "num_device_free": 0}}
checkpoint saved to benchmarks/results/persistent_options_20260910/fingerprint/triton_benchmark_data_dt_0.04_total_t_0.92_threshold_log_18.pkl
step 22/23: exp_val=0.8485055402732969 size=173836555
133423815 --> 173836555 Time taken: 1.752714592999837 s Norm: 0.99065323510181
Avg throughput (# string / gate / s): 29889574317.593918
allocator: {"step": 22, "seconds": 1.752714592999837, "live_rows": 173836555, "logical_bytes": 6953462200, "backing_storage_bytes": 6953462200, "counters": {"allocated_bytes.all.current": 6953986560, "allocated_bytes.all.peak": 43839485952, "requested_bytes.all.current": 6953486752, "requested_bytes.all.peak": 43838984004, "reserved_bytes.all.current": 46856667136, "reserved_bytes.all.peak": 46856667136, "inactive_split_bytes.all.current": 0, "inactive_split_bytes.all.peak": 0, "segment.all.current": 0, "segment.all.allocated": 0, "num_alloc_retries": 0, "num_ooms": 0, "num_device_alloc": 50, "num_device_free": 0}}
checkpoint saved to benchmarks/results/persistent_options_20260910/fingerprint/triton_benchmark_data_dt_0.04_total_t_0.92_threshold_log_18.pkl
step 23/23: exp_val=0.846651058594837 size=221899620
173836555 --> 221899620 Time taken: 2.2487068109994652 s Norm: 0.9873090532359033
Avg throughput (# string / gate / s): 30005253467.218697
allocator: {"step": 23, "seconds": 2.2487068109994652, "live_rows": 221899620, "logical_bytes": 8875984800, "backing_storage_bytes": 8875984800, "counters": {"allocated_bytes.all.current": 8876509184, "allocated_bytes.all.peak": 54881005056, "requested_bytes.all.current": 8876009352, "requested_bytes.all.peak": 54880503088, "reserved_bytes.all.current": 75377934336, "reserved_bytes.all.peak": 75377934336, "inactive_split_bytes.all.current": 0, "inactive_split_bytes.all.peak": 0, "segment.all.current": 0, "segment.all.allocated": 0, "num_alloc_retries": 0, "num_ooms": 0, "num_device_alloc": 54, "num_device_free": 0}}
checkpoint saved to benchmarks/results/persistent_options_20260910/fingerprint/triton_benchmark_data_dt_0.04_total_t_0.92_threshold_log_18.pkl
Wrote benchmark data to benchmarks/results/persistent_options_20260910/fingerprint/triton_benchmark_data_dt_0.04_total_t_0.92_threshold_log_18.pkl
final results = [1.0, 0.9872680689481184, 0.9527802865260726, 0.9061848081047893, 0.859518323777968, 0.823102147262767, 0.8023600634140251, 0.7966507053448579, 0.8007972470919498, 0.8081610177151825, 0.8139538929652543, 0.8160403794848188, 0.8151603645869911, 0.8141926215418307, 0.8154476441185621, 0.8203666324612635, 0.8280233077359687, 0.8367044405454914, 0.8444610679717857, 0.8492094770487931, 0.8506241991368324, 0.8507418674236681, 0.8485055402732969, 0.846651058594837]
